
AVRASM ver. 2.1.30  D:\Move\MCU Programmer\ElinfoUGM\List\UNNES v222.asm Wed Jul 03 22:51:51 2013

D:\Move\MCU Programmer\ElinfoUGM\List\UNNES v222.asm(1072): warning: Register r5 already defined by the .DEF directive
D:\Move\MCU Programmer\ElinfoUGM\List\UNNES v222.asm(1073): warning: Register r4 already defined by the .DEF directive
D:\Move\MCU Programmer\ElinfoUGM\List\UNNES v222.asm(1074): warning: Register r7 already defined by the .DEF directive
D:\Move\MCU Programmer\ElinfoUGM\List\UNNES v222.asm(1075): warning: Register r6 already defined by the .DEF directive
D:\Move\MCU Programmer\ElinfoUGM\List\UNNES v222.asm(1076): warning: Register r9 already defined by the .DEF directive
D:\Move\MCU Programmer\ElinfoUGM\List\UNNES v222.asm(1077): warning: Register r8 already defined by the .DEF directive
D:\Move\MCU Programmer\ElinfoUGM\List\UNNES v222.asm(1078): warning: Register r11 already defined by the .DEF directive
D:\Move\MCU Programmer\ElinfoUGM\List\UNNES v222.asm(1079): warning: Register r10 already defined by the .DEF directive
D:\Move\MCU Programmer\ElinfoUGM\List\UNNES v222.asm(1080): warning: Register r13 already defined by the .DEF directive
D:\Move\MCU Programmer\ElinfoUGM\List\UNNES v222.asm(1081): warning: Register r12 already defined by the .DEF directive
                 
                 
                 ;CodeVisionAVR C Compiler V2.05.3 Standard
                 ;(C) Copyright 1998-2011 Pavel Haiduc, HP InfoTech s.r.l.
                 ;http://www.hpinfotech.com
                 
                 ;Chip type                : ATmega32
                 ;Program type             : Application
                 ;Clock frequency          : 16.000000 MHz
                 ;Memory model             : Small
                 ;Optimize for             : Size
                 ;(s)printf features       : int, width
                 ;(s)scanf features        : int, width
                 ;External RAM size        : 0
                 ;Data Stack size          : 512 byte(s)
                 ;Heap size                : 0 byte(s)
                 ;Promote 'char' to 'int'  : Yes
                 ;'char' is unsigned       : Yes
                 ;8 bit enums              : Yes
                 ;Global 'const' stored in FLASH     : No
                 ;Enhanced function parameter passing: Yes
                 ;Enhanced core instructions         : On
                 ;Smart register allocation          : On
                 ;Automatic register allocation      : On
                 
                 	#pragma AVRPART ADMIN PART_NAME ATmega32
                 	#pragma AVRPART MEMORY PROG_FLASH 32768
                 	#pragma AVRPART MEMORY EEPROM 1024
                 	#pragma AVRPART MEMORY INT_SRAM SIZE 2143
                 	#pragma AVRPART MEMORY INT_SRAM START_ADDR 0x60
                 
                 	#define CALL_SUPPORTED 1
                 
                 	.LISTMAC
                 	.EQU UDRE=0x5
                 	.EQU RXC=0x7
                 	.EQU USR=0xB
                 	.EQU UDR=0xC
                 	.EQU SPSR=0xE
                 	.EQU SPDR=0xF
                 	.EQU EERE=0x0
                 	.EQU EEWE=0x1
                 	.EQU EEMWE=0x2
                 	.EQU EECR=0x1C
                 	.EQU EEDR=0x1D
                 	.EQU EEARL=0x1E
                 	.EQU EEARH=0x1F
                 	.EQU WDTCR=0x21
                 	.EQU MCUCR=0x35
                 	.EQU GICR=0x3B
                 	.EQU SPL=0x3D
                 	.EQU SPH=0x3E
                 	.EQU SREG=0x3F
                 
                 	.DEF R0X0=R0
                 	.DEF R0X1=R1
                 	.DEF R0X2=R2
                 	.DEF R0X3=R3
                 	.DEF R0X4=R4
                 	.DEF R0X5=R5
                 	.DEF R0X6=R6
                 	.DEF R0X7=R7
                 	.DEF R0X8=R8
                 	.DEF R0X9=R9
                 	.DEF R0XA=R10
                 	.DEF R0XB=R11
                 	.DEF R0XC=R12
                 	.DEF R0XD=R13
                 	.DEF R0XE=R14
                 	.DEF R0XF=R15
                 	.DEF R0X10=R16
                 	.DEF R0X11=R17
                 	.DEF R0X12=R18
                 	.DEF R0X13=R19
                 	.DEF R0X14=R20
                 	.DEF R0X15=R21
                 	.DEF R0X16=R22
                 	.DEF R0X17=R23
                 	.DEF R0X18=R24
                 	.DEF R0X19=R25
                 	.DEF R0X1A=R26
                 	.DEF R0X1B=R27
                 	.DEF R0X1C=R28
                 	.DEF R0X1D=R29
                 	.DEF R0X1E=R30
                 	.DEF R0X1F=R31
                 
                 	.EQU __SRAM_START=0x0060
                 	.EQU __SRAM_END=0x085F
                 	.EQU __DSTACK_SIZE=0x0200
                 	.EQU __HEAP_SIZE=0x0000
                 	.EQU __CLEAR_SRAM_SIZE=__SRAM_END-__SRAM_START+1
                 
                 	.MACRO __CPD1N
                 	CPI  R30,LOW(@0)
                 	LDI  R26,HIGH(@0)
                 	CPC  R31,R26
                 	LDI  R26,BYTE3(@0)
                 	CPC  R22,R26
                 	LDI  R26,BYTE4(@0)
                 	CPC  R23,R26
                 	.ENDM
                 
                 	.MACRO __CPD2N
                 	CPI  R26,LOW(@0)
                 	LDI  R30,HIGH(@0)
                 	CPC  R27,R30
                 	LDI  R30,BYTE3(@0)
                 	CPC  R24,R30
                 	LDI  R30,BYTE4(@0)
                 	CPC  R25,R30
                 	.ENDM
                 
                 	.MACRO __CPWRR
                 	CP   R@0,R@2
                 	CPC  R@1,R@3
                 	.ENDM
                 
                 	.MACRO __CPWRN
                 	CPI  R@0,LOW(@2)
                 	LDI  R30,HIGH(@2)
                 	CPC  R@1,R30
                 	.ENDM
                 
                 	.MACRO __ADDB1MN
                 	SUBI R30,LOW(-@0-(@1))
                 	.ENDM
                 
                 	.MACRO __ADDB2MN
                 	SUBI R26,LOW(-@0-(@1))
                 	.ENDM
                 
                 	.MACRO __ADDW1MN
                 	SUBI R30,LOW(-@0-(@1))
                 	SBCI R31,HIGH(-@0-(@1))
                 	.ENDM
                 
                 	.MACRO __ADDW2MN
                 	SUBI R26,LOW(-@0-(@1))
                 	SBCI R27,HIGH(-@0-(@1))
                 	.ENDM
                 
                 	.MACRO __ADDW1FN
                 	SUBI R30,LOW(-2*@0-(@1))
                 	SBCI R31,HIGH(-2*@0-(@1))
                 	.ENDM
                 
                 	.MACRO __ADDD1FN
                 	SUBI R30,LOW(-2*@0-(@1))
                 	SBCI R31,HIGH(-2*@0-(@1))
                 	SBCI R22,BYTE3(-2*@0-(@1))
                 	.ENDM
                 
                 	.MACRO __ADDD1N
                 	SUBI R30,LOW(-@0)
                 	SBCI R31,HIGH(-@0)
                 	SBCI R22,BYTE3(-@0)
                 	SBCI R23,BYTE4(-@0)
                 	.ENDM
                 
                 	.MACRO __ADDD2N
                 	SUBI R26,LOW(-@0)
                 	SBCI R27,HIGH(-@0)
                 	SBCI R24,BYTE3(-@0)
                 	SBCI R25,BYTE4(-@0)
                 	.ENDM
                 
                 	.MACRO __SUBD1N
                 	SUBI R30,LOW(@0)
                 	SBCI R31,HIGH(@0)
                 	SBCI R22,BYTE3(@0)
                 	SBCI R23,BYTE4(@0)
                 	.ENDM
                 
                 	.MACRO __SUBD2N
                 	SUBI R26,LOW(@0)
                 	SBCI R27,HIGH(@0)
                 	SBCI R24,BYTE3(@0)
                 	SBCI R25,BYTE4(@0)
                 	.ENDM
                 
                 	.MACRO __ANDBMNN
                 	LDS  R30,@0+(@1)
                 	ANDI R30,LOW(@2)
                 	STS  @0+(@1),R30
                 	.ENDM
                 
                 	.MACRO __ANDWMNN
                 	LDS  R30,@0+(@1)
                 	ANDI R30,LOW(@2)
                 	STS  @0+(@1),R30
                 	LDS  R30,@0+(@1)+1
                 	ANDI R30,HIGH(@2)
                 	STS  @0+(@1)+1,R30
                 	.ENDM
                 
                 	.MACRO __ANDD1N
                 	ANDI R30,LOW(@0)
                 	ANDI R31,HIGH(@0)
                 	ANDI R22,BYTE3(@0)
                 	ANDI R23,BYTE4(@0)
                 	.ENDM
                 
                 	.MACRO __ANDD2N
                 	ANDI R26,LOW(@0)
                 	ANDI R27,HIGH(@0)
                 	ANDI R24,BYTE3(@0)
                 	ANDI R25,BYTE4(@0)
                 	.ENDM
                 
                 	.MACRO __ORBMNN
                 	LDS  R30,@0+(@1)
                 	ORI  R30,LOW(@2)
                 	STS  @0+(@1),R30
                 	.ENDM
                 
                 	.MACRO __ORWMNN
                 	LDS  R30,@0+(@1)
                 	ORI  R30,LOW(@2)
                 	STS  @0+(@1),R30
                 	LDS  R30,@0+(@1)+1
                 	ORI  R30,HIGH(@2)
                 	STS  @0+(@1)+1,R30
                 	.ENDM
                 
                 	.MACRO __ORD1N
                 	ORI  R30,LOW(@0)
                 	ORI  R31,HIGH(@0)
                 	ORI  R22,BYTE3(@0)
                 	ORI  R23,BYTE4(@0)
                 	.ENDM
                 
                 	.MACRO __ORD2N
                 	ORI  R26,LOW(@0)
                 	ORI  R27,HIGH(@0)
                 	ORI  R24,BYTE3(@0)
                 	ORI  R25,BYTE4(@0)
                 	.ENDM
                 
                 	.MACRO __DELAY_USB
                 	LDI  R24,LOW(@0)
                 __DELAY_USB_LOOP:
                 	DEC  R24
                 	BRNE __DELAY_USB_LOOP
                 	.ENDM
                 
                 	.MACRO __DELAY_USW
                 	LDI  R24,LOW(@0)
                 	LDI  R25,HIGH(@0)
                 __DELAY_USW_LOOP:
                 	SBIW R24,1
                 	BRNE __DELAY_USW_LOOP
                 	.ENDM
                 
                 	.MACRO __GETD1S
                 	LDD  R30,Y+@0
                 	LDD  R31,Y+@0+1
                 	LDD  R22,Y+@0+2
                 	LDD  R23,Y+@0+3
                 	.ENDM
                 
                 	.MACRO __GETD2S
                 	LDD  R26,Y+@0
                 	LDD  R27,Y+@0+1
                 	LDD  R24,Y+@0+2
                 	LDD  R25,Y+@0+3
                 	.ENDM
                 
                 	.MACRO __PUTD1S
                 	STD  Y+@0,R30
                 	STD  Y+@0+1,R31
                 	STD  Y+@0+2,R22
                 	STD  Y+@0+3,R23
                 	.ENDM
                 
                 	.MACRO __PUTD2S
                 	STD  Y+@0,R26
                 	STD  Y+@0+1,R27
                 	STD  Y+@0+2,R24
                 	STD  Y+@0+3,R25
                 	.ENDM
                 
                 	.MACRO __PUTDZ2
                 	STD  Z+@0,R26
                 	STD  Z+@0+1,R27
                 	STD  Z+@0+2,R24
                 	STD  Z+@0+3,R25
                 	.ENDM
                 
                 	.MACRO __CLRD1S
                 	STD  Y+@0,R30
                 	STD  Y+@0+1,R30
                 	STD  Y+@0+2,R30
                 	STD  Y+@0+3,R30
                 	.ENDM
                 
                 	.MACRO __POINTB1MN
                 	LDI  R30,LOW(@0+(@1))
                 	.ENDM
                 
                 	.MACRO __POINTW1MN
                 	LDI  R30,LOW(@0+(@1))
                 	LDI  R31,HIGH(@0+(@1))
                 	.ENDM
                 
                 	.MACRO __POINTD1M
                 	LDI  R30,LOW(@0)
                 	LDI  R31,HIGH(@0)
                 	LDI  R22,BYTE3(@0)
                 	LDI  R23,BYTE4(@0)
                 	.ENDM
                 
                 	.MACRO __POINTW1FN
                 	LDI  R30,LOW(2*@0+(@1))
                 	LDI  R31,HIGH(2*@0+(@1))
                 	.ENDM
                 
                 	.MACRO __POINTD1FN
                 	LDI  R30,LOW(2*@0+(@1))
                 	LDI  R31,HIGH(2*@0+(@1))
                 	LDI  R22,BYTE3(2*@0+(@1))
                 	LDI  R23,BYTE4(2*@0+(@1))
                 	.ENDM
                 
                 	.MACRO __POINTB2MN
                 	LDI  R26,LOW(@0+(@1))
                 	.ENDM
                 
                 	.MACRO __POINTW2MN
                 	LDI  R26,LOW(@0+(@1))
                 	LDI  R27,HIGH(@0+(@1))
                 	.ENDM
                 
                 	.MACRO __POINTW2FN
                 	LDI  R26,LOW(2*@0+(@1))
                 	LDI  R27,HIGH(2*@0+(@1))
                 	.ENDM
                 
                 	.MACRO __POINTD2FN
                 	LDI  R26,LOW(2*@0+(@1))
                 	LDI  R27,HIGH(2*@0+(@1))
                 	LDI  R24,BYTE3(2*@0+(@1))
                 	LDI  R25,BYTE4(2*@0+(@1))
                 	.ENDM
                 
                 	.MACRO __POINTBRM
                 	LDI  R@0,LOW(@1)
                 	.ENDM
                 
                 	.MACRO __POINTWRM
                 	LDI  R@0,LOW(@2)
                 	LDI  R@1,HIGH(@2)
                 	.ENDM
                 
                 	.MACRO __POINTBRMN
                 	LDI  R@0,LOW(@1+(@2))
                 	.ENDM
                 
                 	.MACRO __POINTWRMN
                 	LDI  R@0,LOW(@2+(@3))
                 	LDI  R@1,HIGH(@2+(@3))
                 	.ENDM
                 
                 	.MACRO __POINTWRFN
                 	LDI  R@0,LOW(@2*2+(@3))
                 	LDI  R@1,HIGH(@2*2+(@3))
                 	.ENDM
                 
                 	.MACRO __GETD1N
                 	LDI  R30,LOW(@0)
                 	LDI  R31,HIGH(@0)
                 	LDI  R22,BYTE3(@0)
                 	LDI  R23,BYTE4(@0)
                 	.ENDM
                 
                 	.MACRO __GETD2N
                 	LDI  R26,LOW(@0)
                 	LDI  R27,HIGH(@0)
                 	LDI  R24,BYTE3(@0)
                 	LDI  R25,BYTE4(@0)
                 	.ENDM
                 
                 	.MACRO __GETB1MN
                 	LDS  R30,@0+(@1)
                 	.ENDM
                 
                 	.MACRO __GETB1HMN
                 	LDS  R31,@0+(@1)
                 	.ENDM
                 
                 	.MACRO __GETW1MN
                 	LDS  R30,@0+(@1)
                 	LDS  R31,@0+(@1)+1
                 	.ENDM
                 
                 	.MACRO __GETD1MN
                 	LDS  R30,@0+(@1)
                 	LDS  R31,@0+(@1)+1
                 	LDS  R22,@0+(@1)+2
                 	LDS  R23,@0+(@1)+3
                 	.ENDM
                 
                 	.MACRO __GETBRMN
                 	LDS  R@0,@1+(@2)
                 	.ENDM
                 
                 	.MACRO __GETWRMN
                 	LDS  R@0,@2+(@3)
                 	LDS  R@1,@2+(@3)+1
                 	.ENDM
                 
                 	.MACRO __GETWRZ
                 	LDD  R@0,Z+@2
                 	LDD  R@1,Z+@2+1
                 	.ENDM
                 
                 	.MACRO __GETD2Z
                 	LDD  R26,Z+@0
                 	LDD  R27,Z+@0+1
                 	LDD  R24,Z+@0+2
                 	LDD  R25,Z+@0+3
                 	.ENDM
                 
                 	.MACRO __GETB2MN
                 	LDS  R26,@0+(@1)
                 	.ENDM
                 
                 	.MACRO __GETW2MN
                 	LDS  R26,@0+(@1)
                 	LDS  R27,@0+(@1)+1
                 	.ENDM
                 
                 	.MACRO __GETD2MN
                 	LDS  R26,@0+(@1)
                 	LDS  R27,@0+(@1)+1
                 	LDS  R24,@0+(@1)+2
                 	LDS  R25,@0+(@1)+3
                 	.ENDM
                 
                 	.MACRO __PUTB1MN
                 	STS  @0+(@1),R30
                 	.ENDM
                 
                 	.MACRO __PUTW1MN
                 	STS  @0+(@1),R30
                 	STS  @0+(@1)+1,R31
                 	.ENDM
                 
                 	.MACRO __PUTD1MN
                 	STS  @0+(@1),R30
                 	STS  @0+(@1)+1,R31
                 	STS  @0+(@1)+2,R22
                 	STS  @0+(@1)+3,R23
                 	.ENDM
                 
                 	.MACRO __PUTB1EN
                 	LDI  R26,LOW(@0+(@1))
                 	LDI  R27,HIGH(@0+(@1))
                 	CALL __EEPROMWRB
                 	.ENDM
                 
                 	.MACRO __PUTW1EN
                 	LDI  R26,LOW(@0+(@1))
                 	LDI  R27,HIGH(@0+(@1))
                 	CALL __EEPROMWRW
                 	.ENDM
                 
                 	.MACRO __PUTD1EN
                 	LDI  R26,LOW(@0+(@1))
                 	LDI  R27,HIGH(@0+(@1))
                 	CALL __EEPROMWRD
                 	.ENDM
                 
                 	.MACRO __PUTBR0MN
                 	STS  @0+(@1),R0
                 	.ENDM
                 
                 	.MACRO __PUTBMRN
                 	STS  @0+(@1),R@2
                 	.ENDM
                 
                 	.MACRO __PUTWMRN
                 	STS  @0+(@1),R@2
                 	STS  @0+(@1)+1,R@3
                 	.ENDM
                 
                 	.MACRO __PUTBZR
                 	STD  Z+@1,R@0
                 	.ENDM
                 
                 	.MACRO __PUTWZR
                 	STD  Z+@2,R@0
                 	STD  Z+@2+1,R@1
                 	.ENDM
                 
                 	.MACRO __GETW1R
                 	MOV  R30,R@0
                 	MOV  R31,R@1
                 	.ENDM
                 
                 	.MACRO __GETW2R
                 	MOV  R26,R@0
                 	MOV  R27,R@1
                 	.ENDM
                 
                 	.MACRO __GETWRN
                 	LDI  R@0,LOW(@2)
                 	LDI  R@1,HIGH(@2)
                 	.ENDM
                 
                 	.MACRO __PUTW1R
                 	MOV  R@0,R30
                 	MOV  R@1,R31
                 	.ENDM
                 
                 	.MACRO __PUTW2R
                 	MOV  R@0,R26
                 	MOV  R@1,R27
                 	.ENDM
                 
                 	.MACRO __ADDWRN
                 	SUBI R@0,LOW(-@2)
                 	SBCI R@1,HIGH(-@2)
                 	.ENDM
                 
                 	.MACRO __ADDWRR
                 	ADD  R@0,R@2
                 	ADC  R@1,R@3
                 	.ENDM
                 
                 	.MACRO __SUBWRN
                 	SUBI R@0,LOW(@2)
                 	SBCI R@1,HIGH(@2)
                 	.ENDM
                 
                 	.MACRO __SUBWRR
                 	SUB  R@0,R@2
                 	SBC  R@1,R@3
                 	.ENDM
                 
                 	.MACRO __ANDWRN
                 	ANDI R@0,LOW(@2)
                 	ANDI R@1,HIGH(@2)
                 	.ENDM
                 
                 	.MACRO __ANDWRR
                 	AND  R@0,R@2
                 	AND  R@1,R@3
                 	.ENDM
                 
                 	.MACRO __ORWRN
                 	ORI  R@0,LOW(@2)
                 	ORI  R@1,HIGH(@2)
                 	.ENDM
                 
                 	.MACRO __ORWRR
                 	OR   R@0,R@2
                 	OR   R@1,R@3
                 	.ENDM
                 
                 	.MACRO __EORWRR
                 	EOR  R@0,R@2
                 	EOR  R@1,R@3
                 	.ENDM
                 
                 	.MACRO __GETWRS
                 	LDD  R@0,Y+@2
                 	LDD  R@1,Y+@2+1
                 	.ENDM
                 
                 	.MACRO __PUTBSR
                 	STD  Y+@1,R@0
                 	.ENDM
                 
                 	.MACRO __PUTWSR
                 	STD  Y+@2,R@0
                 	STD  Y+@2+1,R@1
                 	.ENDM
                 
                 	.MACRO __MOVEWRR
                 	MOV  R@0,R@2
                 	MOV  R@1,R@3
                 	.ENDM
                 
                 	.MACRO __INWR
                 	IN   R@0,@2
                 	IN   R@1,@2+1
                 	.ENDM
                 
                 	.MACRO __OUTWR
                 	OUT  @2+1,R@1
                 	OUT  @2,R@0
                 	.ENDM
                 
                 	.MACRO __CALL1MN
                 	LDS  R30,@0+(@1)
                 	LDS  R31,@0+(@1)+1
                 	ICALL
                 	.ENDM
                 
                 	.MACRO __CALL1FN
                 	LDI  R30,LOW(2*@0+(@1))
                 	LDI  R31,HIGH(2*@0+(@1))
                 	CALL __GETW1PF
                 	ICALL
                 	.ENDM
                 
                 	.MACRO __CALL2EN
                 	LDI  R26,LOW(@0+(@1))
                 	LDI  R27,HIGH(@0+(@1))
                 	CALL __EEPROMRDW
                 	ICALL
                 	.ENDM
                 
                 	.MACRO __GETW1STACK
                 	IN   R26,SPL
                 	IN   R27,SPH
                 	ADIW R26,@0+1
                 	LD   R30,X+
                 	LD   R31,X
                 	.ENDM
                 
                 	.MACRO __GETD1STACK
                 	IN   R26,SPL
                 	IN   R27,SPH
                 	ADIW R26,@0+1
                 	LD   R30,X+
                 	LD   R31,X+
                 	LD   R22,X
                 	.ENDM
                 
                 	.MACRO __NBST
                 	BST  R@0,@1
                 	IN   R30,SREG
                 	LDI  R31,0x40
                 	EOR  R30,R31
                 	OUT  SREG,R30
                 	.ENDM
                 
                 
                 	.MACRO __PUTB1SN
                 	LDD  R26,Y+@0
                 	LDD  R27,Y+@0+1
                 	SUBI R26,LOW(-@1)
                 	SBCI R27,HIGH(-@1)
                 	ST   X,R30
                 	.ENDM
                 
                 	.MACRO __PUTW1SN
                 	LDD  R26,Y+@0
                 	LDD  R27,Y+@0+1
                 	SUBI R26,LOW(-@1)
                 	SBCI R27,HIGH(-@1)
                 	ST   X+,R30
                 	ST   X,R31
                 	.ENDM
                 
                 	.MACRO __PUTD1SN
                 	LDD  R26,Y+@0
                 	LDD  R27,Y+@0+1
                 	SUBI R26,LOW(-@1)
                 	SBCI R27,HIGH(-@1)
                 	CALL __PUTDP1
                 	.ENDM
                 
                 	.MACRO __PUTB1SNS
                 	LDD  R26,Y+@0
                 	LDD  R27,Y+@0+1
                 	ADIW R26,@1
                 	ST   X,R30
                 	.ENDM
                 
                 	.MACRO __PUTW1SNS
                 	LDD  R26,Y+@0
                 	LDD  R27,Y+@0+1
                 	ADIW R26,@1
                 	ST   X+,R30
                 	ST   X,R31
                 	.ENDM
                 
                 	.MACRO __PUTD1SNS
                 	LDD  R26,Y+@0
                 	LDD  R27,Y+@0+1
                 	ADIW R26,@1
                 	CALL __PUTDP1
                 	.ENDM
                 
                 	.MACRO __PUTB1PMN
                 	LDS  R26,@0
                 	LDS  R27,@0+1
                 	SUBI R26,LOW(-@1)
                 	SBCI R27,HIGH(-@1)
                 	ST   X,R30
                 	.ENDM
                 
                 	.MACRO __PUTW1PMN
                 	LDS  R26,@0
                 	LDS  R27,@0+1
                 	SUBI R26,LOW(-@1)
                 	SBCI R27,HIGH(-@1)
                 	ST   X+,R30
                 	ST   X,R31
                 	.ENDM
                 
                 	.MACRO __PUTD1PMN
                 	LDS  R26,@0
                 	LDS  R27,@0+1
                 	SUBI R26,LOW(-@1)
                 	SBCI R27,HIGH(-@1)
                 	CALL __PUTDP1
                 	.ENDM
                 
                 	.MACRO __PUTB1PMNS
                 	LDS  R26,@0
                 	LDS  R27,@0+1
                 	ADIW R26,@1
                 	ST   X,R30
                 	.ENDM
                 
                 	.MACRO __PUTW1PMNS
                 	LDS  R26,@0
                 	LDS  R27,@0+1
                 	ADIW R26,@1
                 	ST   X+,R30
                 	ST   X,R31
                 	.ENDM
                 
                 	.MACRO __PUTD1PMNS
                 	LDS  R26,@0
                 	LDS  R27,@0+1
                 	ADIW R26,@1
                 	CALL __PUTDP1
                 	.ENDM
                 
                 	.MACRO __PUTB1RN
                 	MOVW R26,R@0
                 	SUBI R26,LOW(-@1)
                 	SBCI R27,HIGH(-@1)
                 	ST   X,R30
                 	.ENDM
                 
                 	.MACRO __PUTW1RN
                 	MOVW R26,R@0
                 	SUBI R26,LOW(-@1)
                 	SBCI R27,HIGH(-@1)
                 	ST   X+,R30
                 	ST   X,R31
                 	.ENDM
                 
                 	.MACRO __PUTD1RN
                 	MOVW R26,R@0
                 	SUBI R26,LOW(-@1)
                 	SBCI R27,HIGH(-@1)
                 	CALL __PUTDP1
                 	.ENDM
                 
                 	.MACRO __PUTB1RNS
                 	MOVW R26,R@0
                 	ADIW R26,@1
                 	ST   X,R30
                 	.ENDM
                 
                 	.MACRO __PUTW1RNS
                 	MOVW R26,R@0
                 	ADIW R26,@1
                 	ST   X+,R30
                 	ST   X,R31
                 	.ENDM
                 
                 	.MACRO __PUTD1RNS
                 	MOVW R26,R@0
                 	ADIW R26,@1
                 	CALL __PUTDP1
                 	.ENDM
                 
                 	.MACRO __PUTB1RON
                 	MOV  R26,R@0
                 	MOV  R27,R@1
                 	SUBI R26,LOW(-@2)
                 	SBCI R27,HIGH(-@2)
                 	ST   X,R30
                 	.ENDM
                 
                 	.MACRO __PUTW1RON
                 	MOV  R26,R@0
                 	MOV  R27,R@1
                 	SUBI R26,LOW(-@2)
                 	SBCI R27,HIGH(-@2)
                 	ST   X+,R30
                 	ST   X,R31
                 	.ENDM
                 
                 	.MACRO __PUTD1RON
                 	MOV  R26,R@0
                 	MOV  R27,R@1
                 	SUBI R26,LOW(-@2)
                 	SBCI R27,HIGH(-@2)
                 	CALL __PUTDP1
                 	.ENDM
                 
                 	.MACRO __PUTB1RONS
                 	MOV  R26,R@0
                 	MOV  R27,R@1
                 	ADIW R26,@2
                 	ST   X,R30
                 	.ENDM
                 
                 	.MACRO __PUTW1RONS
                 	MOV  R26,R@0
                 	MOV  R27,R@1
                 	ADIW R26,@2
                 	ST   X+,R30
                 	ST   X,R31
                 	.ENDM
                 
                 	.MACRO __PUTD1RONS
                 	MOV  R26,R@0
                 	MOV  R27,R@1
                 	ADIW R26,@2
                 	CALL __PUTDP1
                 	.ENDM
                 
                 
                 	.MACRO __GETB1SX
                 	MOVW R30,R28
                 	SUBI R30,LOW(-@0)
                 	SBCI R31,HIGH(-@0)
                 	LD   R30,Z
                 	.ENDM
                 
                 	.MACRO __GETB1HSX
                 	MOVW R30,R28
                 	SUBI R30,LOW(-@0)
                 	SBCI R31,HIGH(-@0)
                 	LD   R31,Z
                 	.ENDM
                 
                 	.MACRO __GETW1SX
                 	MOVW R30,R28
                 	SUBI R30,LOW(-@0)
                 	SBCI R31,HIGH(-@0)
                 	LD   R0,Z+
                 	LD   R31,Z
                 	MOV  R30,R0
                 	.ENDM
                 
                 	.MACRO __GETD1SX
                 	MOVW R30,R28
                 	SUBI R30,LOW(-@0)
                 	SBCI R31,HIGH(-@0)
                 	LD   R0,Z+
                 	LD   R1,Z+
                 	LD   R22,Z+
                 	LD   R23,Z
                 	MOVW R30,R0
                 	.ENDM
                 
                 	.MACRO __GETB2SX
                 	MOVW R26,R28
                 	SUBI R26,LOW(-@0)
                 	SBCI R27,HIGH(-@0)
                 	LD   R26,X
                 	.ENDM
                 
                 	.MACRO __GETW2SX
                 	MOVW R26,R28
                 	SUBI R26,LOW(-@0)
                 	SBCI R27,HIGH(-@0)
                 	LD   R0,X+
                 	LD   R27,X
                 	MOV  R26,R0
                 	.ENDM
                 
                 	.MACRO __GETD2SX
                 	MOVW R26,R28
                 	SUBI R26,LOW(-@0)
                 	SBCI R27,HIGH(-@0)
                 	LD   R0,X+
                 	LD   R1,X+
                 	LD   R24,X+
                 	LD   R25,X
                 	MOVW R26,R0
                 	.ENDM
                 
                 	.MACRO __GETBRSX
                 	MOVW R30,R28
                 	SUBI R30,LOW(-@1)
                 	SBCI R31,HIGH(-@1)
                 	LD   R@0,Z
                 	.ENDM
                 
                 	.MACRO __GETWRSX
                 	MOVW R30,R28
                 	SUBI R30,LOW(-@2)
                 	SBCI R31,HIGH(-@2)
                 	LD   R@0,Z+
                 	LD   R@1,Z
                 	.ENDM
                 
                 	.MACRO __GETBRSX2
                 	MOVW R26,R28
                 	SUBI R26,LOW(-@1)
                 	SBCI R27,HIGH(-@1)
                 	LD   R@0,X
                 	.ENDM
                 
                 	.MACRO __GETWRSX2
                 	MOVW R26,R28
                 	SUBI R26,LOW(-@2)
                 	SBCI R27,HIGH(-@2)
                 	LD   R@0,X+
                 	LD   R@1,X
                 	.ENDM
                 
                 	.MACRO __LSLW8SX
                 	MOVW R30,R28
                 	SUBI R30,LOW(-@0)
                 	SBCI R31,HIGH(-@0)
                 	LD   R31,Z
                 	CLR  R30
                 	.ENDM
                 
                 	.MACRO __PUTB1SX
                 	MOVW R26,R28
                 	SUBI R26,LOW(-@0)
                 	SBCI R27,HIGH(-@0)
                 	ST   X,R30
                 	.ENDM
                 
                 	.MACRO __PUTW1SX
                 	MOVW R26,R28
                 	SUBI R26,LOW(-@0)
                 	SBCI R27,HIGH(-@0)
                 	ST   X+,R30
                 	ST   X,R31
                 	.ENDM
                 
                 	.MACRO __PUTD1SX
                 	MOVW R26,R28
                 	SUBI R26,LOW(-@0)
                 	SBCI R27,HIGH(-@0)
                 	ST   X+,R30
                 	ST   X+,R31
                 	ST   X+,R22
                 	ST   X,R23
                 	.ENDM
                 
                 	.MACRO __CLRW1SX
                 	MOVW R26,R28
                 	SUBI R26,LOW(-@0)
                 	SBCI R27,HIGH(-@0)
                 	ST   X+,R30
                 	ST   X,R30
                 	.ENDM
                 
                 	.MACRO __CLRD1SX
                 	MOVW R26,R28
                 	SUBI R26,LOW(-@0)
                 	SBCI R27,HIGH(-@0)
                 	ST   X+,R30
                 	ST   X+,R30
                 	ST   X+,R30
                 	ST   X,R30
                 	.ENDM
                 
                 	.MACRO __PUTB2SX
                 	MOVW R30,R28
                 	SUBI R30,LOW(-@0)
                 	SBCI R31,HIGH(-@0)
                 	ST   Z,R26
                 	.ENDM
                 
                 	.MACRO __PUTW2SX
                 	MOVW R30,R28
                 	SUBI R30,LOW(-@0)
                 	SBCI R31,HIGH(-@0)
                 	ST   Z+,R26
                 	ST   Z,R27
                 	.ENDM
                 
                 	.MACRO __PUTD2SX
                 	MOVW R30,R28
                 	SUBI R30,LOW(-@0)
                 	SBCI R31,HIGH(-@0)
                 	ST   Z+,R26
                 	ST   Z+,R27
                 	ST   Z+,R24
                 	ST   Z,R25
                 	.ENDM
                 
                 	.MACRO __PUTBSRX
                 	MOVW R30,R28
                 	SUBI R30,LOW(-@1)
                 	SBCI R31,HIGH(-@1)
                 	ST   Z,R@0
                 	.ENDM
                 
                 	.MACRO __PUTWSRX
                 	MOVW R30,R28
                 	SUBI R30,LOW(-@2)
                 	SBCI R31,HIGH(-@2)
                 	ST   Z+,R@0
                 	ST   Z,R@1
                 	.ENDM
                 
                 	.MACRO __PUTB1SNX
                 	MOVW R26,R28
                 	SUBI R26,LOW(-@0)
                 	SBCI R27,HIGH(-@0)
                 	LD   R0,X+
                 	LD   R27,X
                 	MOV  R26,R0
                 	SUBI R26,LOW(-@1)
                 	SBCI R27,HIGH(-@1)
                 	ST   X,R30
                 	.ENDM
                 
                 	.MACRO __PUTW1SNX
                 	MOVW R26,R28
                 	SUBI R26,LOW(-@0)
                 	SBCI R27,HIGH(-@0)
                 	LD   R0,X+
                 	LD   R27,X
                 	MOV  R26,R0
                 	SUBI R26,LOW(-@1)
                 	SBCI R27,HIGH(-@1)
                 	ST   X+,R30
                 	ST   X,R31
                 	.ENDM
                 
                 	.MACRO __PUTD1SNX
                 	MOVW R26,R28
                 	SUBI R26,LOW(-@0)
                 	SBCI R27,HIGH(-@0)
                 	LD   R0,X+
                 	LD   R27,X
                 	MOV  R26,R0
                 	SUBI R26,LOW(-@1)
                 	SBCI R27,HIGH(-@1)
                 	ST   X+,R30
                 	ST   X+,R31
                 	ST   X+,R22
                 	ST   X,R23
                 	.ENDM
                 
                 	.MACRO __MULBRR
                 	MULS R@0,R@1
                 	MOVW R30,R0
                 	.ENDM
                 
                 	.MACRO __MULBRRU
                 	MUL  R@0,R@1
                 	MOVW R30,R0
                 	.ENDM
                 
                 	.MACRO __MULBRR0
                 	MULS R@0,R@1
                 	.ENDM
                 
                 	.MACRO __MULBRRU0
                 	MUL  R@0,R@1
                 	.ENDM
                 
                 	.MACRO __MULBNWRU
                 	LDI  R26,@2
                 	MUL  R26,R@0
                 	MOVW R30,R0
                 	MUL  R26,R@1
                 	ADD  R31,R0
                 	.ENDM
                 
                 ;NAME DEFINITIONS FOR GLOBAL VARIABLES ALLOCATED TO REGISTERS
                 	.DEF _maxSpeed=R5
                 	.DEF _kp=R4
                 	.DEF _kd=R7
                 	.DEF _ki=R6
                 	.DEF _error=R9
                 	.DEF _sp=R8
                 	.DEF _sensor=R11
                 	.DEF __lcd_x=R10
                 	.DEF __lcd_y=R13
                 	.DEF __lcd_maxx=R12
                 
                 	.CSEG
                 	.ORG 0x00
                 
                 ;START OF CODE MARKER
                 __START_OF_CODE:
                 
                 ;INTERRUPT VECTORS
000000 940c 005d 	JMP  __RESET
000002 940c 0000 	JMP  0x00
000004 940c 0000 	JMP  0x00
000006 940c 0000 	JMP  0x00
000008 940c 0000 	JMP  0x00
00000a 940c 0000 	JMP  0x00
00000c 940c 0000 	JMP  0x00
00000e 940c 0000 	JMP  0x00
000010 940c 0000 	JMP  0x00
000012 940c 0000 	JMP  0x00
000014 940c 0000 	JMP  0x00
000016 940c 0000 	JMP  0x00
000018 940c 0000 	JMP  0x00
00001a 940c 0000 	JMP  0x00
00001c 940c 0000 	JMP  0x00
00001e 940c 0000 	JMP  0x00
000020 940c 0000 	JMP  0x00
000022 940c 0000 	JMP  0x00
000024 940c 0000 	JMP  0x00
000026 940c 0000 	JMP  0x00
000028 940c 0000 	JMP  0x00
                 
                 _fullBlock:
00002a 1f1f
00002b 1f1f
00002c 1f1f
00002d 1f1f      	.DB  0x1F,0x1F,0x1F,0x1F,0x1F,0x1F,0x1F,0x1F
                 _emptyBlock:
00002e 111f
00002f 1111
000030 1111
000031 1f11      	.DB  0x1F,0x11,0x11,0x11,0x11,0x11,0x11,0x1F
                 _leftHorn:
000032 1810
000033 1f1c
000034 0f1f
000035 0307      	.DB  0x10,0x18,0x1C,0x1F,0x1F,0xF,0x7,0x3
                 _rightHorn:
000036 0301
000037 1f0f
000038 1e1f
000039 181c      	.DB  0x1,0x3,0xF,0x1F,0x1F,0x1E,0x1C,0x18
                 _leftArrow:
00003a 0701
00003b 1f0f
00003c 0f1f
00003d 0107      	.DB  0x1,0x7,0xF,0x1F,0x1F,0xF,0x7,0x1
                 _rightArrow:
00003e 1c10
00003f 1f1e
000040 1e1f
000041 101c      	.DB  0x10,0x1C,0x1E,0x1F,0x1F,0x1E,0x1C,0x10
                 
                 ;REGISTER BIT VARIABLES INITIALIZATION
                 __REG_BIT_VARS:
000042 0000      	.DW  0x0000
                 
                 _0x60:
000043 4f52
000044 4f42
000045 4954
000046 414b      	.DB  0x52,0x4F,0x42,0x4F,0x54,0x49,0x4B,0x41
000047 5520
000048 4e4e
000049 5345
00004a 0400      	.DB  0x20,0x55,0x4E,0x4E,0x45,0x53,0x0,0x4
00004b 4942
00004c 4d53
00004d 4c49
00004e 414c      	.DB  0x42,0x49,0x53,0x4D,0x49,0x4C,0x4C,0x41
00004f 0548
D:\Move\MCU Programmer\ElinfoUGM\List\UNNES v222.asm(1133): warning: .cseg .db misalignment - padding zero byte
000050 0000      	.DB  0x48,0x5,0x0
                 _0x69:
D:\Move\MCU Programmer\ElinfoUGM\List\UNNES v222.asm(1135): warning: .cseg .db misalignment - padding zero byte
000051 0000      	.DB  0x0
                 _0x2000003:
000052 c080      	.DB  0x80,0xC0
                 
                 __GLOBAL_INI_TBL:
000053 0001      	.DW  0x01
000054 0002      	.DW  0x02
000055 0084      	.DW  __REG_BIT_VARS*2
                 
000056 0001      	.DW  0x01
000057 000b      	.DW  0x0B
000058 00a2      	.DW  _0x69*2
                 
000059 0002      	.DW  0x02
00005a 0278      	.DW  __base_y_G100
00005b 00a4      	.DW  _0x2000003*2
                 
                 _0xFFFFFFFF:
00005c 0000      	.DW  0
                 
                 __RESET:
00005d 94f8      	CLI
00005e 27ee      	CLR  R30
00005f bbec      	OUT  EECR,R30
                 
                 ;INTERRUPT VECTORS ARE PLACED
                 ;AT THE START OF FLASH
000060 e0f1      	LDI  R31,1
000061 bffb      	OUT  GICR,R31
000062 bfeb      	OUT  GICR,R30
000063 bfe5      	OUT  MCUCR,R30
                 
                 ;DISABLE WATCHDOG
000064 e1f8      	LDI  R31,0x18
000065 bdf1      	OUT  WDTCR,R31
000066 bde1      	OUT  WDTCR,R30
                 
                 ;CLEAR R2-R14
000067 e08d      	LDI  R24,(14-2)+1
000068 e0a2      	LDI  R26,2
000069 27bb      	CLR  R27
                 __CLEAR_REG:
00006a 93ed      	ST   X+,R30
00006b 958a      	DEC  R24
00006c f7e9      	BRNE __CLEAR_REG
                 
                 ;CLEAR SRAM
00006d e080      	LDI  R24,LOW(__CLEAR_SRAM_SIZE)
00006e e098      	LDI  R25,HIGH(__CLEAR_SRAM_SIZE)
00006f e6a0      	LDI  R26,__SRAM_START
                 __CLEAR_SRAM:
000070 93ed      	ST   X+,R30
000071 9701      	SBIW R24,1
000072 f7e9      	BRNE __CLEAR_SRAM
                 
                 ;GLOBAL VARIABLES INITIALIZATION
000073 eae6      	LDI  R30,LOW(__GLOBAL_INI_TBL*2)
000074 e0f0      	LDI  R31,HIGH(__GLOBAL_INI_TBL*2)
                 __GLOBAL_INI_NEXT:
000075 9185      	LPM  R24,Z+
000076 9195      	LPM  R25,Z+
000077 9700      	SBIW R24,0
000078 f061      	BREQ __GLOBAL_INI_END
000079 91a5      	LPM  R26,Z+
00007a 91b5      	LPM  R27,Z+
00007b 9005      	LPM  R0,Z+
00007c 9015      	LPM  R1,Z+
00007d 01bf      	MOVW R22,R30
00007e 01f0      	MOVW R30,R0
                 __GLOBAL_INI_LOOP:
00007f 9005      	LPM  R0,Z+
000080 920d      	ST   X+,R0
000081 9701      	SBIW R24,1
000082 f7e1      	BRNE __GLOBAL_INI_LOOP
000083 01fb      	MOVW R30,R22
000084 cff0      	RJMP __GLOBAL_INI_NEXT
                 __GLOBAL_INI_END:
                 
                 ;HARDWARE STACK POINTER INITIALIZATION
000085 e5ef      	LDI  R30,LOW(__SRAM_END-__HEAP_SIZE)
000086 bfed      	OUT  SPL,R30
000087 e0e8      	LDI  R30,HIGH(__SRAM_END-__HEAP_SIZE)
000088 bfee      	OUT  SPH,R30
                 
                 ;DATA STACK POINTER INITIALIZATION
000089 e6c0      	LDI  R28,LOW(__SRAM_START+__DSTACK_SIZE)
00008a e0d2      	LDI  R29,HIGH(__SRAM_START+__DSTACK_SIZE)
                 
00008b 940c 008d 	JMP  _main
                 
                 	.ESEG
                 	.ORG 0
                 
                 	.DSEG
                 	.ORG 0x260
                 
                 	.CSEG
                 ;/*****************************************************
                 ;This program was produced by the
                 ;CodeWizardAVR V2.05.3 Standard
                 ;Automatic Program Generator
                 ;© Copyright 1998-2011 Pavel Haiduc, HP InfoTech s.r.l.
                 ;http://www.hpinfotech.com
                 ;
                 ;Project :
                 ;Version :
                 ;Date    : 6/30/2013
                 ;Author  : Ardika
                 ;Company : CrowjaEmbedder
                 ;Comments:
                 ;
                 ;
                 ;Chip type               : ATmega32
                 ;Program type            : Application
                 ;AVR Core Clock frequency: 16.000000 MHz
                 ;Memory model            : Small
                 ;External RAM size       : 0
                 ;Data Stack size         : 512
                 ;*****************************************************/
                 ;
                 ;#include <mega32.h>
                 	#ifndef __SLEEP_DEFINED__
                 	#define __SLEEP_DEFINED__
                 	.EQU __se_bit=0x80
                 	.EQU __sm_mask=0x70
                 	.EQU __sm_powerdown=0x20
                 	.EQU __sm_powersave=0x30
                 	.EQU __sm_standby=0x60
                 	.EQU __sm_ext_standby=0x70
                 	.EQU __sm_adc_noise_red=0x10
                 	.SET power_ctrl_reg=mcucr
                 	#endif
                 ;#include <alcd.h>
                 ;#include <delay.h>
                 ;
                 ;#define ADC_VREF_TYPE 0x60
                 ;
                 ;// definisi tombol-tombol
                 ;#define CMD_UP          PINC.4
                 ;#define CMD_DOWN        PINC.5
                 ;#define CMD_OK          PINC.6
                 ;#define CMD_CANCEL      PINC.7
                 ;#define ANY_KEY_PRESSED (PINC & 0xF0)
                 ;
                 ;// Detektor persimpangan jalan
                 ;#define RIGHT_WING  PIND.0
                 ;#define LEFT_WING   PIND.1
                 ;
                 ;// definisi kendali motor
                 ;#define RIGHT_PWM   OCR1AL
                 ;#define LEFT_PWM    OCR1BL
                 ;#define RIGHT_DR1   PORTD.6
                 ;#define RIGHT_DR2   PORTD.7
                 ;#define LEFT_DR1    PORTD.2
                 ;#define LEFT_DR2    PORTD.3
                 ;
                 ;// definisi custom character LCD
                 ;#define FULL_BLOCK  0
                 ;#define EMPTY_BLOCK 1
                 ;#define LEFT_HORN   2
                 ;#define RIGHT_HORN  3
                 ;#define LEFT_ARROW  4
                 ;#define RIGHT_ARROW 5
                 ;
                 ;// definisi untuk melakukan kalibrasi
                 ;#define CALIBRATING_COUNT   100
                 ;
                 ;
                 ;flash unsigned char fullBlock[8] = {
                 ;    0b11111,
                 ;    0b11111,
                 ;    0b11111,
                 ;    0b11111,
                 ;    0b11111,
                 ;    0b11111,
                 ;    0b11111,
                 ;    0b11111
                 ;};
                 ;
                 ;flash unsigned char emptyBlock[8] = {
                 ;    0b11111,
                 ;    0b10001,
                 ;    0b10001,
                 ;    0b10001,
                 ;    0b10001,
                 ;    0b10001,
                 ;    0b10001,
                 ;    0b11111
                 ;};
                 ;
                 ;flash unsigned char leftHorn[8] = {
                 ;	0b10000,
                 ;	0b11000,
                 ;	0b11100,
                 ;	0b11111,
                 ;	0b11111,
                 ;	0b01111,
                 ;	0b00111,
                 ;	0b00011
                 ;};
                 ;
                 ;flash unsigned char  rightHorn[8] = {
                 ;	0b00001,
                 ;	0b00011,
                 ;	0b01111,
                 ;	0b11111,
                 ;	0b11111,
                 ;	0b11110,
                 ;	0b11100,
                 ;	0b11000
                 ;};
                 ;
                 ;flash unsigned char leftArrow[8] = {
                 ;	0b00001,
                 ;	0b00111,
                 ;	0b01111,
                 ;	0b11111,
                 ;	0b11111,
                 ;	0b01111,
                 ;	0b00111,
                 ;	0b00001
                 ;};
                 ;
                 ;flash unsigned char  rightArrow[8] = {
                 ;	0b10000,
                 ;	0b11100,
                 ;	0b11110,
                 ;	0b11111,
                 ;	0b11111,
                 ;	0b11110,
                 ;	0b11100,
                 ;	0b10000
                 ;};
                 ;
                 ;
                 ;
                 ;// Variabel-variabel kontrol yang tersimpan di memory non-volatile
                 ;eeprom unsigned char eeMaxSpeed = 255;
                 ;eeprom unsigned char eeKp = 0;
                 ;eeprom unsigned char eeKd = 0;
                 ;eeprom unsigned char eeKi = 0;
                 ;
                 ;// Varibel kepekaan sensor dalam memory non-volaitile
                 ;eeprom unsigned char eeWhiteMin[8] = {5,5,5,5,5,5,5,5};   // Nilai pembacaan minimal untuk putih
                 ;eeprom unsigned char eeBlackMax[8] = {230,230,230,230,230,230,230,230};  // Nilai pembacaan maksimal untuk hitam
                 ;eeprom unsigned char eeMiddleVal[8] = {120,120,120,120,120,120,120,120};   // Nilai tengah antara white min dan black max
                 ;
                 ;// Varibael-varibel kontrol yang disimpan di memory volatile untuk perhitungan kontrol
                 ;unsigned char maxSpeed;     // nilai kecepatan maksimal
                 ;unsigned char kp;           // konstanta proposional
                 ;unsigned char kd;           // konstanta derivatif
                 ;unsigned char ki;           // konstanta integral
                 ;unsigned char error;        // nilai error pembacaan sensor
                 ;unsigned char sp;           // nilai set point sensor
                 ;
                 ;// Variabel kepekaan sensor dalam memory volatile untuk perhitungan
                 ;unsigned char whiteMin[8] = {0};   // Nilai pembacaan minimal untuk putih
                 ;unsigned char blackMax[8] = {0};  // Nilai pembacaan maksimal untuk hitam
                 ;unsigned char middleVal[8] = {0};   // Nilai tengah antara white min dan black max
                 ;
                 ;// Varibel penyimpan nilai sensor biner, dimana tiap satu sensor nilainya diwakili oleh 1-bit
                 ;// yang merupakan hasil perbandingan pembacaan nilai analog sensor dengan nilai kepekaan sensor
                 ;unsigned char sensor = 0;
                 ;// Flag yang menandakan warna garis saat ini, 0: hitam, 1: putih
                 ;bit lineColorFlag = 0;
                 ;
                 ;//prototype fungsi
                 ;void define_char(unsigned char flash *pc,unsigned char char_code);
                 ;unsigned char read_adc(unsigned char adc_input);
                 ;void scanLineRelative();
                 ;void scanLineActual();
                 ;void loadVariables();
                 ;void saveVariables();
                 ;void lcdOn(unsigned char on);
                 ;void lcdOnWing();
                 ;void go();
                 ;void back();
                 ;void left();
                 ;void right();
                 ;void stop(unsigned char usingPowerBrake);
                 ;void lcdPrintByte(unsigned char value);
                 ;void printADCSensor();
                 ;void printBinarySensor();
                 ;void whiteCalibrating();
                 ;void blackCalibrating();
                 ;void applyCalibratedValue();
                 ;void pid();
                 ;void showStartup();
                 ;void LCDInit();
                 ;
                 ;
                 ;void main(void)
                 ; 0000 00B9 {
                 
                 	.CSEG
                 _main:
                 ; 0000 00BA 
                 ; 0000 00BB     PORTA=0x00;
00008d e0e0      	LDI  R30,LOW(0)
00008e bbeb      	OUT  0x1B,R30
                 ; 0000 00BC     DDRA=0x00;
00008f bbea      	OUT  0x1A,R30
                 ; 0000 00BD 
                 ; 0000 00BE     PORTB=0xFF;
000090 efef      	LDI  R30,LOW(255)
000091 bbe8      	OUT  0x18,R30
                 ; 0000 00BF     DDRB=0xFF;
000092 bbe7      	OUT  0x17,R30
                 ; 0000 00C0 
                 ; 0000 00C1     PORTC=0x00;
000093 e0e0      	LDI  R30,LOW(0)
000094 bbe5      	OUT  0x15,R30
                 ; 0000 00C2     DDRC=0x00;
000095 bbe4      	OUT  0x14,R30
                 ; 0000 00C3 
                 ; 0000 00C4     PORTD=0x00;
000096 bbe2      	OUT  0x12,R30
                 ; 0000 00C5     DDRD=0xFC;
000097 efec      	LDI  R30,LOW(252)
000098 bbe1      	OUT  0x11,R30
                 ; 0000 00C6 
                 ; 0000 00C7     // Timer/Counter 1 initialization
                 ; 0000 00C8     // Clock source: System Clock
                 ; 0000 00C9     // Clock value: 250.000 kHz
                 ; 0000 00CA     // Mode: Fast PWM top=0x00FF
                 ; 0000 00CB     // OC1A output: Non-Inv.
                 ; 0000 00CC     // OC1B output: Non-Inv.
                 ; 0000 00CD     TCCR1A=0xA1;
000099 eae1      	LDI  R30,LOW(161)
00009a bdef      	OUT  0x2F,R30
                 ; 0000 00CE     TCCR1B=0x0B;
00009b e0eb      	LDI  R30,LOW(11)
00009c bdee      	OUT  0x2E,R30
                 ; 0000 00CF     TCNT1H=0x00;
00009d e0e0      	LDI  R30,LOW(0)
00009e bded      	OUT  0x2D,R30
                 ; 0000 00D0     TCNT1L=0x00;
00009f bdec      	OUT  0x2C,R30
                 ; 0000 00D1     ICR1H=0x00;
0000a0 bde7      	OUT  0x27,R30
                 ; 0000 00D2     ICR1L=0x00;
0000a1 bde6      	OUT  0x26,R30
                 ; 0000 00D3     OCR1AH=0x00;
0000a2 bdeb      	OUT  0x2B,R30
                 ; 0000 00D4     OCR1AL=0x00;
0000a3 bdea      	OUT  0x2A,R30
                 ; 0000 00D5     OCR1BH=0x00;
0000a4 bde9      	OUT  0x29,R30
                 ; 0000 00D6     OCR1BL=0x00;
0000a5 bde8      	OUT  0x28,R30
                 ; 0000 00D7 
                 ; 0000 00D8     // ADC initialization
                 ; 0000 00D9     // ADC Clock frequency: 125.000 kHz
                 ; 0000 00DA     // ADC Voltage Reference: AVCC pin
                 ; 0000 00DB     // Only the 8 most significant bits of
                 ; 0000 00DC     // the AD conversion result are used
                 ; 0000 00DD     ADMUX=ADC_VREF_TYPE & 0xff;
0000a6 e6e0      	LDI  R30,LOW(96)
0000a7 b9e7      	OUT  0x7,R30
                 ; 0000 00DE     ADCSRA=0x87;
0000a8 e8e7      	LDI  R30,LOW(135)
0000a9 b9e6      	OUT  0x6,R30
                 ; 0000 00DF 
                 ; 0000 00E0     LCDInit();
0000aa d120      	RCALL _LCDInit
                 ; 0000 00E1 
                 ; 0000 00E2     loadVariables();
0000ab d054      	RCALL _loadVariables
                 ; 0000 00E3     applyCalibratedValue();
0000ac d0c9      	RCALL _applyCalibratedValue
                 ; 0000 00E4 
                 ; 0000 00E5     showStartup();
0000ad d0f2      	RCALL _showStartup
                 ; 0000 00E6 
                 ; 0000 00E7     while (1) {
                 _0x3:
                 ; 0000 00E8         lcd_gotoxy(0,0);
0000ae e0e0      	LDI  R30,LOW(0)
0000af 93ea      	ST   -Y,R30
0000b0 e0a0      	LDI  R26,LOW(0)
0000b1 d16d      	RCALL _lcd_gotoxy
                 ; 0000 00E9         //scanLineActual();
                 ; 0000 00EA         scanLineRelative();
0000b2 d02a      	RCALL _scanLineRelative
                 ; 0000 00EB         printBinarySensor();
0000b3 d0ac      	RCALL _printBinarySensor
                 ; 0000 00EC         //printADCSensor();
                 ; 0000 00ED 
                 ; 0000 00EE     }
0000b4 cff9      	RJMP _0x3
                 ; 0000 00EF }
                 _0x6:
0000b5 cfff      	RJMP _0x6
                 ;
                 ;
                 ;/* function used to define user characters */
                 ;void define_char(unsigned char flash *pc,unsigned char char_code)
                 ; 0000 00F4 {
                 _define_char:
                 ; 0000 00F5     unsigned char i,a;
                 ; 0000 00F6     a=(char_code<<3) | 0x40;
0000b6 93aa      	ST   -Y,R26
0000b7 931a      	ST   -Y,R17
0000b8 930a      	ST   -Y,R16
                 ;	*pc -> Y+3
                 ;	char_code -> Y+2
                 ;	i -> R17
                 ;	a -> R16
0000b9 81ea      	LDD  R30,Y+2
0000ba 0fee      	LSL  R30
0000bb 0fee      	LSL  R30
0000bc 0fee      	LSL  R30
0000bd 64e0      	ORI  R30,0x40
0000be 2f0e      	MOV  R16,R30
                 ; 0000 00F7     for (i=0; i<8; i++) lcd_write_byte(a++,*pc++);
0000bf e010      	LDI  R17,LOW(0)
                 _0x8:
0000c0 3018      	CPI  R17,8
0000c1 f460      	BRSH _0x9
0000c2 930a      	ST   -Y,R16
0000c3 9503      	INC  R16
0000c4 81ec      	LDD  R30,Y+4
0000c5 81fd      	LDD  R31,Y+4+1
0000c6 9631      	ADIW R30,1
0000c7 83ec      	STD  Y+4,R30
0000c8 83fd      	STD  Y+4+1,R31
0000c9 9731      	SBIW R30,1
0000ca 91a4      	LPM  R26,Z
0000cb d14b      	RCALL _lcd_write_byte
0000cc 5f1f      	SUBI R17,-1
0000cd cff2      	RJMP _0x8
                 _0x9:
                 ; 0000 00F8 }
0000ce 8119      	LDD  R17,Y+1
0000cf 8108      	LDD  R16,Y+0
0000d0 9625      	ADIW R28,5
0000d1 9508      	RET
                 ;
                 ;
                 ;// Read the 8 most significant bits
                 ;// of the AD conversion result
                 ;unsigned char read_adc(unsigned char adc_input)
                 ; 0000 00FE {
                 _read_adc:
                 ; 0000 00FF     ADMUX=adc_input | (ADC_VREF_TYPE & 0xff);
0000d2 93aa      	ST   -Y,R26
                 ;	adc_input -> Y+0
0000d3 81e8      	LD   R30,Y
0000d4 66e0      	ORI  R30,LOW(0x60)
0000d5 b9e7      	OUT  0x7,R30
                 ; 0000 0100     // Delay needed for the stabilization of the ADC input voltage
                 ; 0000 0101     //delay_us(10);
                 ; 0000 0102     // Start the AD conversion
                 ; 0000 0103     ADCSRA|=0x40;
0000d6 9a36      	SBI  0x6,6
                 ; 0000 0104     // Wait for the AD conversion to complete
                 ; 0000 0105     while (!(ADCSRA & 0x10));
                 _0xA:
0000d7 9b34      	SBIS 0x6,4
0000d8 cffe      	RJMP _0xA
                 ; 0000 0106         ADCSRA |= 0x10;
0000d9 9a34      	SBI  0x6,4
                 ; 0000 0107     return ADCH;
0000da b1e5      	IN   R30,0x5
0000db 940c 0273 	JMP  _0x2020001
                 ; 0000 0108 }
                 ;
                 ;// Fungsi scan garis aktual dimana nilai pembacaan hitam adalah 1 dan nilai pembacaan putih adalah 0
                 ;void scanLineActual()
                 ; 0000 010C {
                 ; 0000 010D     unsigned char i = 0;
                 ; 0000 010E     unsigned char adcRead;
                 ; 0000 010F 
                 ; 0000 0110     sensor = 0;   // reset nilai sensor
                 ;	i -> R17
                 ;	adcRead -> R16
                 ; 0000 0111     while (i--) {
                 ; 0000 0112         adcRead = read_adc(i);  // Baca nilai ADC ada bit ke-i
                 ; 0000 0113         if (adcRead > middleVal[i])
                 ; 0000 0114             sensor |= (1<<i);
                 ; 0000 0115     }
                 ; 0000 0116     lineColorFlag = 0;   // pada pembacaan aktual, sayap persimpangan mengangsumsikan garis adalah hitam
                 ; 0000 0117 }
                 ;
                 ;
                 ;// Fungsi scan garis relatif dimana garis dibaca secara relatif terhadap perbandingan antara blok hitam dan putih yang terbaca
                 ;// jika blok putih > blok hitam maka garis adalah hitam, sebaihnya garis adalah putih. Garis tetap dibaca sebagai bit set/1
                 ;void scanLineRelative()
                 ; 0000 011D {
                 _scanLineRelative:
                 ; 0000 011E     unsigned char i = 8;
                 ; 0000 011F     unsigned char adcRead;  // Variabel pembacaan nilai ADC
                 ; 0000 0120     // JUmlah warna hitam yang terdeteksi oleh sensor
                 ; 0000 0121     unsigned char blackCount = 0;
                 ; 0000 0122 
                 ; 0000 0123     sensor = 0x00;   // Hapus nilai sensor sebelumnya
0000dd 940e 0303 	CALL __SAVELOCR4
                 ;	i -> R17
                 ;	adcRead -> R16
                 ;	blackCount -> R19
0000df e018      	LDI  R17,8
0000e0 e030      	LDI  R19,0
0000e1 24bb      	CLR  R11
                 ; 0000 0124     while (i--) {
                 _0x11:
0000e2 2fe1      	MOV  R30,R17
0000e3 5011      	SUBI R17,1
0000e4 30e0      	CPI  R30,0
0000e5 f081      	BREQ _0x13
                 ; 0000 0125         adcRead = read_adc(i);  // Baca nilai ADC ada bit ke-i
0000e6 2fa1      	MOV  R26,R17
0000e7 dfea      	RCALL _read_adc
0000e8 2f0e      	MOV  R16,R30
                 ; 0000 0126         if (adcRead > middleVal[i]) {
0000e9 d18b      	RCALL SUBOPT_0x0
0000ea 59e0      	SUBI R30,LOW(-_middleVal)
0000eb 4ffd      	SBCI R31,HIGH(-_middleVal)
0000ec 81e0      	LD   R30,Z
0000ed 17e0      	CP   R30,R16
0000ee f430      	BRSH _0x14
                 ; 0000 0127             blackCount++;       // Increment jumlah blok hitam yang terbaca
0000ef 5f3f      	SUBI R19,-1
                 ; 0000 0128             sensor |= (1<<i);
0000f0 2fe1      	MOV  R30,R17
0000f1 e0a1      	LDI  R26,LOW(1)
0000f2 940e 02a1 	CALL __LSLB12
0000f4 2abe      	OR   R11,R30
                 ; 0000 0129         }
                 ; 0000 012A     }
                 _0x14:
0000f5 cfec      	RJMP _0x11
                 _0x13:
                 ; 0000 012B     if (blackCount >= 4) {   // Jika blok hitam yg terdeteksi banyak, maka garisnya adalah putih
0000f6 3034      	CPI  R19,4
0000f7 f018      	BRLO _0x15
                 ; 0000 012C         sensor = ~sensor;
0000f8 94b0      	COM  R11
                 ; 0000 012D         lineColorFlag = 1;
0000f9 9468      	SET
0000fa c001      	RJMP _0x67
                 ; 0000 012E     }
                 ; 0000 012F     else
                 _0x15:
                 ; 0000 0130         lineColorFlag = 0;
0000fb 94e8      	CLT
                 _0x67:
0000fc f820      	BLD  R2,0
                 ; 0000 0131     lcdPrintByte(blackCount);
0000fd 2fa3      	MOV  R26,R19
0000fe d03c      	RCALL _lcdPrintByte
                 ; 0000 0132 }
0000ff c02f      	RJMP _0x2020004
                 ;
                 ;void loadVariables()
                 ; 0000 0135 {
                 _loadVariables:
                 ; 0000 0136     unsigned char i = 0;
                 ; 0000 0137     eeprom unsigned char *ptr;
                 ; 0000 0138 
                 ; 0000 0139     ptr = &eeMaxSpeed;
000100 940e 0303 	CALL __SAVELOCR4
                 ;	i -> R17
                 ;	*ptr -> R18,R19
000102 e010      	LDI  R17,0
                +
000103 e020     +LDI R18 , LOW ( _eeMaxSpeed )
000104 e030     +LDI R19 , HIGH ( _eeMaxSpeed )
                 	__POINTWRM 18,19,_eeMaxSpeed
                 ; 0000 013A     maxSpeed = *ptr;
000105 01d9      	MOVW R26,R18
000106 940e 02e6 	CALL __EEPROMRDB
000108 2e5e      	MOV  R5,R30
                 ; 0000 013B     ptr = &eeKp;
                +
000109 e021     +LDI R18 , LOW ( _eeKp )
00010a e030     +LDI R19 , HIGH ( _eeKp )
                 	__POINTWRM 18,19,_eeKp
                 ; 0000 013C     kp = *ptr;
00010b 01d9      	MOVW R26,R18
00010c 940e 02e6 	CALL __EEPROMRDB
00010e 2e4e      	MOV  R4,R30
                 ; 0000 013D     ptr = &eeKd;
                +
00010f e022     +LDI R18 , LOW ( _eeKd )
000110 e030     +LDI R19 , HIGH ( _eeKd )
                 	__POINTWRM 18,19,_eeKd
                 ; 0000 013E     kd = *ptr;
000111 01d9      	MOVW R26,R18
000112 940e 02e6 	CALL __EEPROMRDB
000114 2e7e      	MOV  R7,R30
                 ; 0000 013F     ptr = &eeKi;
                +
000115 e023     +LDI R18 , LOW ( _eeKi )
000116 e030     +LDI R19 , HIGH ( _eeKi )
                 	__POINTWRM 18,19,_eeKi
                 ; 0000 0140     ki = *ptr;
000117 01d9      	MOVW R26,R18
000118 940e 02e6 	CALL __EEPROMRDB
00011a 2e6e      	MOV  R6,R30
                 ; 0000 0141 
                 ; 0000 0142     for (; i<8; i++) {
                 _0x18:
00011b 3018      	CPI  R17,8
00011c f490      	BRSH _0x19
                 ; 0000 0143         ptr = &eeWhiteMin[i];
00011d d157      	RCALL SUBOPT_0x0
00011e 5fec      	SUBI R30,LOW(-_eeWhiteMin)
00011f 4fff      	SBCI R31,HIGH(-_eeWhiteMin)
000120 019f      	MOVW R18,R30
                 ; 0000 0144         whiteMin[i] = *ptr;
000121 d153      	RCALL SUBOPT_0x0
000122 5ae0      	SUBI R30,LOW(-_whiteMin)
000123 4ffd      	SBCI R31,HIGH(-_whiteMin)
000124 d153      	RCALL SUBOPT_0x1
                 ; 0000 0145         ptr = &eeBlackMax[i];
000125 d14f      	RCALL SUBOPT_0x0
000126 5fe4      	SUBI R30,LOW(-_eeBlackMax)
000127 4fff      	SBCI R31,HIGH(-_eeBlackMax)
000128 019f      	MOVW R18,R30
                 ; 0000 0146         blackMax[i] = *ptr;
000129 d14b      	RCALL SUBOPT_0x0
00012a 59e8      	SUBI R30,LOW(-_blackMax)
00012b 4ffd      	SBCI R31,HIGH(-_blackMax)
00012c d14b      	RCALL SUBOPT_0x1
                 ; 0000 0147     }
00012d 5f1f      	SUBI R17,-1
00012e cfec      	RJMP _0x18
                 _0x19:
                 ; 0000 0148 }
                 _0x2020004:
00012f 940e 0308 	CALL __LOADLOCR4
000131 9624      	ADIW R28,4
000132 9508      	RET
                 ;
                 ;void saveVariables()
                 ; 0000 014B {
                 ; 0000 014C     unsigned char i = 0;
                 ; 0000 014D     eeprom unsigned char *ptr;
                 ; 0000 014E 
                 ; 0000 014F     ptr = &eeMaxSpeed;
                 ;	i -> R17
                 ;	*ptr -> R18,R19
                 ; 0000 0150     *ptr = maxSpeed;
                 ; 0000 0151     ptr = &eeKp;
                 ; 0000 0152     *ptr = kp;
                 ; 0000 0153     ptr = &eeKd;
                 ; 0000 0154     *ptr = kd;
                 ; 0000 0155     ptr = &eeKi;
                 ; 0000 0156     *ptr = ki;
                 ; 0000 0157 
                 ; 0000 0158     for (; i<8; i++) {
                 ; 0000 0159         ptr = &eeWhiteMin[i];
                 ; 0000 015A         *ptr = whiteMin[i];
                 ; 0000 015B         ptr = &eeBlackMax[i];
                 ; 0000 015C         *ptr = blackMax[i];
                 ; 0000 015D     }
                 ; 0000 015E }
                 ;
                 ;
                 ;void lcdOn(unsigned char on)
                 ; 0000 0162 {
                 _lcdOn:
                 ; 0000 0163     PORTB.3 = on;
000133 93aa      	ST   -Y,R26
                 ;	on -> Y+0
000134 81e8      	LD   R30,Y
000135 30e0      	CPI  R30,0
000136 f411      	BRNE _0x1D
000137 98c3      	CBI  0x18,3
000138 c001      	RJMP _0x1E
                 _0x1D:
000139 9ac3      	SBI  0x18,3
                 _0x1E:
                 ; 0000 0164 }
00013a c138      	RJMP _0x2020001
                 ;
                 ;void lcdOnWing()
                 ; 0000 0167 {
                 ; 0000 0168     PORTB.3 = !((LEFT_WING) | (RIGHT_WING));
                 ; 0000 0169 }
                 ;
                 ;void go()
                 ; 0000 016C {
                 ; 0000 016D     RIGHT_DR1 = 0; RIGHT_DR2 = 1;
                 ; 0000 016E     LEFT_DR1 = 0; LEFT_DR2 = 1;
                 ; 0000 016F }
                 ;
                 ;void back()
                 ; 0000 0172 {
                 ; 0000 0173     RIGHT_DR1 = 1; RIGHT_DR2 = 0;
                 ; 0000 0174     LEFT_DR1 = 1; LEFT_DR2 = 0;
                 ; 0000 0175 }
                 ;
                 ;void left()
                 ; 0000 0178 {
                 ; 0000 0179     RIGHT_DR1 = 0; RIGHT_DR2 = 1;
                 ; 0000 017A     LEFT_DR1 = 0; LEFT_DR2 = 0;
                 ; 0000 017B }
                 ;
                 ;void right()
                 ; 0000 017E {
                 ; 0000 017F     RIGHT_DR1 = 0; RIGHT_DR2 = 0;
                 ; 0000 0180     LEFT_DR1 = 0; LEFT_DR2 = 1;
                 ; 0000 0181 }
                 ;
                 ;void stop(unsigned char usingPowerBrake)
                 ; 0000 0184 {
                 ; 0000 0185     RIGHT_DR1 = RIGHT_DR2 = LEFT_DR1 = LEFT_DR2 = 0;
                 ;	usingPowerBrake -> Y+0
                 ; 0000 0186     if (usingPowerBrake) {
                 ; 0000 0187         back();
                 ; 0000 0188         LEFT_PWM = RIGHT_PWM = 255;
                 ; 0000 0189         delay_ms(100);
                 ; 0000 018A         LEFT_PWM = RIGHT_PWM = 0;
                 ; 0000 018B     }
                 ; 0000 018C 
                 ; 0000 018D }
                 ;
                 ;
                 ;
                 ;void lcdPrintByte(unsigned char value)
                 ; 0000 0192 {
                 _lcdPrintByte:
                 ; 0000 0193     unsigned char ten = (value % 100) / 10;
                 ; 0000 0194     lcd_putchar('0' + (value / 100));
00013b 93aa      	ST   -Y,R26
00013c 931a      	ST   -Y,R17
                 ;	value -> Y+1
                 ;	ten -> R17
00013d 81a9      	LDD  R26,Y+1
00013e 27bb      	CLR  R27
00013f e6e4      	LDI  R30,LOW(100)
000140 e0f0      	LDI  R31,HIGH(100)
000141 940e 02ca 	CALL __MODW21
000143 01df      	MOVW R26,R30
000144 e0ea      	LDI  R30,LOW(10)
000145 e0f0      	LDI  R31,HIGH(10)
000146 940e 02c5 	CALL __DIVW21
000148 2f1e      	MOV  R17,R30
000149 81a9      	LDD  R26,Y+1
00014a e0b0      	LDI  R27,0
00014b e6e4      	LDI  R30,LOW(100)
00014c e0f0      	LDI  R31,HIGH(100)
00014d 940e 02c5 	CALL __DIVW21
00014f 5de0      	SUBI R30,-LOW(48)
000150 2fae      	MOV  R26,R30
000151 d0e4      	RCALL _lcd_putchar
                 ; 0000 0195     lcd_putchar('0' + ten);
000152 2fa1      	MOV  R26,R17
000153 5da0      	SUBI R26,-LOW(48)
000154 d0e1      	RCALL _lcd_putchar
                 ; 0000 0196     lcd_putchar('0' + (value % 10));
000155 81a9      	LDD  R26,Y+1
000156 27bb      	CLR  R27
000157 e0ea      	LDI  R30,LOW(10)
000158 e0f0      	LDI  R31,HIGH(10)
000159 940e 02ca 	CALL __MODW21
00015b 5de0      	SUBI R30,-LOW(48)
00015c 2fae      	MOV  R26,R30
00015d d0d8      	RCALL _lcd_putchar
                 ; 0000 0197 }
00015e 8118      	LDD  R17,Y+0
00015f c0ca      	RJMP _0x2020002
                 ;
                 ;void printADCSensor()
                 ; 0000 019A {
                 ; 0000 019B     lcd_gotoxy(0,0); lcdPrintByte(read_adc(0));
                 ; 0000 019C     lcd_gotoxy(4,0); lcdPrintByte(read_adc(1));
                 ; 0000 019D     lcd_gotoxy(8,0); lcdPrintByte(read_adc(2));
                 ; 0000 019E     lcd_gotoxy(12,0); lcdPrintByte(read_adc(3));
                 ; 0000 019F     lcd_gotoxy(0,1); lcdPrintByte(read_adc(4));
                 ; 0000 01A0     lcd_gotoxy(4,1); lcdPrintByte(read_adc(5));
                 ; 0000 01A1     lcd_gotoxy(8,1); lcdPrintByte(read_adc(6));
                 ; 0000 01A2     lcd_gotoxy(12,1); lcdPrintByte(read_adc(7));
                 ; 0000 01A3 }
                 ;
                 ;void printBinarySensor()
                 ; 0000 01A6 {
                 _printBinarySensor:
                 ; 0000 01A7     unsigned char i = 0;
                 ; 0000 01A8 
                 ; 0000 01A9     for (; i<8; i++) {
000160 931a      	ST   -Y,R17
                 ;	i -> R17
000161 e010      	LDI  R17,0
                 _0x4B:
000162 3018      	CPI  R17,8
000163 f488      	BRSH _0x4C
                 ; 0000 01AA         if (sensor & (1<<i))
000164 2fe1      	MOV  R30,R17
000165 e0a1      	LDI  R26,LOW(1)
000166 e0b0      	LDI  R27,HIGH(1)
000167 940e 02a9 	CALL __LSLW12
000169 2dab      	MOV  R26,R11
00016a e0b0      	LDI  R27,0
00016b 23ea      	AND  R30,R26
00016c 23fb      	AND  R31,R27
00016d 9730      	SBIW R30,0
00016e f011      	BREQ _0x4D
                 ; 0000 01AB             lcd_putchar(FULL_BLOCK);
00016f e0a0      	LDI  R26,LOW(0)
000170 c001      	RJMP _0x68
                 ; 0000 01AC         else
                 _0x4D:
                 ; 0000 01AD             lcd_putchar(EMPTY_BLOCK);
000171 e0a1      	LDI  R26,LOW(1)
                 _0x68:
000172 d0c3      	RCALL _lcd_putchar
                 ; 0000 01AE     }
000173 5f1f      	SUBI R17,-1
000174 cfed      	RJMP _0x4B
                 _0x4C:
                 ; 0000 01AF }
000175 c028      	RJMP _0x2020003
                 ;
                 ;
                 ;////////////////////////////////////////////////////////////////////////////////////////////////////////////////////////////////////////////////////////
                 ;//// REGION CALIBRATING FUNCTIONS //////////////////////////////////////////////////////////////////////////////////////////////////////////////////////
                 ;////////////////////////////////////////////////////////////////////////////////////////////////////////////////////////////////////////////////////////
                 ;/*
                 ;    PROSEDUR MELAKUKAN KALIBRASI:
                 ;        Panggil kedua fungsi blackCalibrating() dan whiteCalibrating()
                 ;        Panggil fungsi applyCalibratedValue()
                 ;*/
                 ;
                 ;void blackCalibrating()
                 ; 0000 01BC {
                 ; 0000 01BD     unsigned char i;
                 ; 0000 01BE     unsigned char calibratingCount;   // Jumlah kalkulasi kalibrasi untuk tiap sensor
                 ; 0000 01BF     unsigned char calibratedBlackMax;  // Nilai hitam maksimal hasil kalibrasi hitam, untuk tiap sensor
                 ; 0000 01C0     unsigned char readADC;  // nilai pembacaan ADC
                 ; 0000 01C1 
                 ; 0000 01C2     // Kalibrasi HItam
                 ; 0000 01C3     for (i=0; i<8; i++) {
                 ;	i -> R17
                 ;	calibratingCount -> R16
                 ;	calibratedBlackMax -> R19
                 ;	readADC -> R18
                 ; 0000 01C4         calibratingCount = CALIBRATING_COUNT;
                 ; 0000 01C5         calibratedBlackMax = 0;     // Atur nilainya menjadi nilai minimal tipedata unsigned byte, karena kita akan mencari nilai maksimum
                 ; 0000 01C6         while (calibratingCount--) {
                 ; 0000 01C7             readADC = read_adc(i);
                 ; 0000 01C8             if (readADC > calibratedBlackMax)
                 ; 0000 01C9                 calibratedBlackMax = readADC;
                 ; 0000 01CA         }
                 ; 0000 01CB         blackMax[i] = eeBlackMax[i] = calibratedBlackMax;  // simpan nilai kalibarasi di ram sekaligus di eeprom
                 ; 0000 01CC     }
                 ; 0000 01CD 
                 ; 0000 01CE }
                 ;
                 ;void whiteCalibrating()
                 ; 0000 01D1 {
                 ; 0000 01D2     unsigned char i;
                 ; 0000 01D3     unsigned char calibratingCount;   // Jumlah kalkulasi kalibrasi untuk tiap sensor
                 ; 0000 01D4     unsigned char calibratedWhiteMin;  // Nilai hitam minimum hasil kalibrasi putih, untuk tiap sensor
                 ; 0000 01D5     unsigned char readADC;  // nilai pembacaan ADC
                 ; 0000 01D6 
                 ; 0000 01D7     // Kalibrasi HItam
                 ; 0000 01D8     for (i=0; i<8; i++) {
                 ;	i -> R17
                 ;	calibratingCount -> R16
                 ;	calibratedWhiteMin -> R19
                 ;	readADC -> R18
                 ; 0000 01D9         calibratingCount = CALIBRATING_COUNT;
                 ; 0000 01DA         calibratedWhiteMin = 255;     // Atur nilainya menjadi nilai maksimal tipedata unsigned byte, karena kita akan mencari nilai minimum
                 ; 0000 01DB         while (calibratingCount--) {
                 ; 0000 01DC             readADC = read_adc(i);
                 ; 0000 01DD             if (readADC < calibratedWhiteMin)
                 ; 0000 01DE                 calibratedWhiteMin = readADC;
                 ; 0000 01DF         }
                 ; 0000 01E0         whiteMin[i] = eeWhiteMin[i] = calibratedWhiteMin;  // simpan nilai kalibarasi di ram sekaligus di eeprom
                 ; 0000 01E1     }
                 ; 0000 01E2 }
                 ;
                 ;void applyCalibratedValue()
                 ; 0000 01E5 {
                 _applyCalibratedValue:
                 ; 0000 01E6     unsigned char i = 0;
                 ; 0000 01E7 
                 ; 0000 01E8     for (; i<8; i++) {
000176 931a      	ST   -Y,R17
                 ;	i -> R17
000177 e010      	LDI  R17,0
                 _0x5E:
000178 3018      	CPI  R17,8
000179 f520      	BRSH _0x5F
                 ; 0000 01E9         middleVal[i] = eeMiddleVal[i] = ((blackMax[i] - whiteMin[i]) / 2);
00017a d0fa      	RCALL SUBOPT_0x0
00017b 01cf      	MOVW R24,R30
00017c 010f      	MOVW R0,R30
00017d 01df      	MOVW R26,R30
00017e 59e0      	SUBI R30,LOW(-_middleVal)
00017f 4ffd      	SBCI R31,HIGH(-_middleVal)
000180 93ff      	PUSH R31
000181 93ef      	PUSH R30
000182 01fd      	MOVW R30,R26
000183 5eec      	SUBI R30,LOW(-_eeMiddleVal)
000184 4fff      	SBCI R31,HIGH(-_eeMiddleVal)
000185 01bf      	MOVW R22,R30
000186 01f0      	MOVW R30,R0
000187 59e8      	SUBI R30,LOW(-_blackMax)
000188 4ffd      	SBCI R31,HIGH(-_blackMax)
000189 81a0      	LD   R26,Z
00018a e0b0      	LDI  R27,0
00018b 01fc      	MOVW R30,R24
00018c 5ae0      	SUBI R30,LOW(-_whiteMin)
00018d 4ffd      	SBCI R31,HIGH(-_whiteMin)
00018e 81e0      	LD   R30,Z
00018f e0f0      	LDI  R31,0
000190 1bae      	SUB  R26,R30
000191 0bbf      	SBC  R27,R31
000192 e0e2      	LDI  R30,LOW(2)
000193 e0f0      	LDI  R31,HIGH(2)
000194 940e 02c5 	CALL __DIVW21
000196 01db      	MOVW R26,R22
000197 940e 02f2 	CALL __EEPROMWRB
000199 91af      	POP  R26
00019a 91bf      	POP  R27
00019b 93ec      	ST   X,R30
                 ; 0000 01EA     }
00019c 5f1f      	SUBI R17,-1
00019d cfda      	RJMP _0x5E
                 _0x5F:
                 ; 0000 01EB }
                 _0x2020003:
00019e 9119      	LD   R17,Y+
00019f 9508      	RET
                 ;////////////////////////////////////////////////////////////////////////////////////////////////////////////////////////////////////////////////////////
                 ;//// END OF REGION CALIBRATING FUNCTIONS ///////////////////////////////////////////////////////////////////////////////////////////////////////////////
                 ;////////////////////////////////////////////////////////////////////////////////////////////////////////////////////////////////////////////////////////
                 ;
                 ;void pid()
                 ; 0000 01F1 {
                 ; 0000 01F2 
                 ; 0000 01F3 }
                 ;
                 ;void showStartup()
                 ; 0000 01F6 {
                 _showStartup:
                 ; 0000 01F7     char str[12] = "\4BISMILLAH\5";
                 ; 0000 01F8     char str1[15] = "ROBOTIKA UNNES";
                 ; 0000 01F9     unsigned char i = 0;
                 ; 0000 01FA 
                 ; 0000 01FB     lcd_gotoxy(3,0);
0001a0 976b      	SBIW R28,27
0001a1 e18b      	LDI  R24,27
0001a2 e0a0      	LDI  R26,LOW(0)
0001a3 e0b0      	LDI  R27,HIGH(0)
0001a4 e8e6      	LDI  R30,LOW(_0x60*2)
0001a5 e0f0      	LDI  R31,HIGH(_0x60*2)
0001a6 940e 030d 	CALL __INITLOCB
0001a8 931a      	ST   -Y,R17
                 ;	str -> Y+16
                 ;	str1 -> Y+1
                 ;	i -> R17
0001a9 e010      	LDI  R17,0
0001aa e0e3      	LDI  R30,LOW(3)
0001ab 93ea      	ST   -Y,R30
0001ac e0a0      	LDI  R26,LOW(0)
0001ad d071      	RCALL _lcd_gotoxy
                 ; 0000 01FC     for (; i<11; i++) {
                 _0x62:
0001ae 301b      	CPI  R17,11
0001af f430      	BRSH _0x63
                 ; 0000 01FD         lcd_putchar(str[i]);
0001b0 d0c4      	RCALL SUBOPT_0x0
0001b1 01de      	MOVW R26,R28
0001b2 9650      	ADIW R26,16
0001b3 d0cb      	RCALL SUBOPT_0x2
                 ; 0000 01FE         delay_ms(100);
                 ; 0000 01FF     }
0001b4 5f1f      	SUBI R17,-1
0001b5 cff8      	RJMP _0x62
                 _0x63:
                 ; 0000 0200     lcd_gotoxy(1,1);
0001b6 e0e1      	LDI  R30,LOW(1)
0001b7 93ea      	ST   -Y,R30
0001b8 e0a1      	LDI  R26,LOW(1)
0001b9 d065      	RCALL _lcd_gotoxy
                 ; 0000 0201     for (i=0; i<15; i++) {
0001ba e010      	LDI  R17,LOW(0)
                 _0x65:
0001bb 301f      	CPI  R17,15
0001bc f430      	BRSH _0x66
                 ; 0000 0202         lcd_putchar(str1[i]);
0001bd d0b7      	RCALL SUBOPT_0x0
0001be 01de      	MOVW R26,R28
0001bf 9611      	ADIW R26,1
0001c0 d0be      	RCALL SUBOPT_0x2
                 ; 0000 0203         delay_ms(100);
                 ; 0000 0204     }
0001c1 5f1f      	SUBI R17,-1
0001c2 cff8      	RJMP _0x65
                 _0x66:
                 ; 0000 0205     delay_ms(2000);
0001c3 eda0      	LDI  R26,LOW(2000)
0001c4 e0b7      	LDI  R27,HIGH(2000)
0001c5 940e 0293 	CALL _delay_ms
                 ; 0000 0206     lcd_clear();
0001c7 d064      	RCALL _lcd_clear
                 ; 0000 0207 
                 ; 0000 0208 }
0001c8 8118      	LDD  R17,Y+0
0001c9 966c      	ADIW R28,28
0001ca 9508      	RET
                 ;
                 ;void LCDInit()
                 ; 0000 020B {
                 _LCDInit:
                 ; 0000 020C     lcd_init(16);
0001cb e1a0      	LDI  R26,LOW(16)
0001cc d07d      	RCALL _lcd_init
                 ; 0000 020D     lcd_clear();
0001cd d05e      	RCALL _lcd_clear
                 ; 0000 020E     define_char(fullBlock,FULL_BLOCK);
0001ce e5e4      	LDI  R30,LOW(_fullBlock*2)
0001cf e0f0      	LDI  R31,HIGH(_fullBlock*2)
0001d0 93fa      	ST   -Y,R31
0001d1 93ea      	ST   -Y,R30
0001d2 e0a0      	LDI  R26,LOW(0)
0001d3 dee2      	RCALL _define_char
                 ; 0000 020F     define_char(emptyBlock,EMPTY_BLOCK);
0001d4 e5ec      	LDI  R30,LOW(_emptyBlock*2)
0001d5 e0f0      	LDI  R31,HIGH(_emptyBlock*2)
0001d6 93fa      	ST   -Y,R31
0001d7 93ea      	ST   -Y,R30
0001d8 e0a1      	LDI  R26,LOW(1)
0001d9 dedc      	RCALL _define_char
                 ; 0000 0210     define_char(leftHorn,LEFT_HORN);
0001da e6e4      	LDI  R30,LOW(_leftHorn*2)
0001db e0f0      	LDI  R31,HIGH(_leftHorn*2)
0001dc 93fa      	ST   -Y,R31
0001dd 93ea      	ST   -Y,R30
0001de e0a2      	LDI  R26,LOW(2)
0001df ded6      	RCALL _define_char
                 ; 0000 0211     define_char(rightHorn,RIGHT_HORN);
0001e0 e6ec      	LDI  R30,LOW(_rightHorn*2)
0001e1 e0f0      	LDI  R31,HIGH(_rightHorn*2)
0001e2 93fa      	ST   -Y,R31
0001e3 93ea      	ST   -Y,R30
0001e4 e0a3      	LDI  R26,LOW(3)
0001e5 ded0      	RCALL _define_char
                 ; 0000 0212     define_char(leftArrow,LEFT_ARROW);
0001e6 e7e4      	LDI  R30,LOW(_leftArrow*2)
0001e7 e0f0      	LDI  R31,HIGH(_leftArrow*2)
0001e8 93fa      	ST   -Y,R31
0001e9 93ea      	ST   -Y,R30
0001ea e0a4      	LDI  R26,LOW(4)
0001eb deca      	RCALL _define_char
                 ; 0000 0213     define_char(rightArrow,RIGHT_ARROW);
0001ec e7ec      	LDI  R30,LOW(_rightArrow*2)
0001ed e0f0      	LDI  R31,HIGH(_rightArrow*2)
0001ee 93fa      	ST   -Y,R31
0001ef 93ea      	ST   -Y,R30
0001f0 e0a5      	LDI  R26,LOW(5)
0001f1 dec4      	RCALL _define_char
                 ; 0000 0214     lcdOn(1);
0001f2 e0a1      	LDI  R26,LOW(1)
0001f3 df3f      	RCALL _lcdOn
                 ; 0000 0215     lcd_clear();
0001f4 d037      	RCALL _lcd_clear
                 ; 0000 0216 }
0001f5 9508      	RET
                 	#ifndef __SLEEP_DEFINED__
                 	#endif
                 
                 	.DSEG
                 
                 	.CSEG
                 __lcd_write_nibble_G100:
0001f6 93aa      	ST   -Y,R26
0001f7 b3e8      	IN   R30,0x18
0001f8 70ef      	ANDI R30,LOW(0xF)
0001f9 2fae      	MOV  R26,R30
0001fa 81e8      	LD   R30,Y
0001fb 7fe0      	ANDI R30,LOW(0xF0)
0001fc 2bea      	OR   R30,R26
0001fd bbe8      	OUT  0x18,R30
                +
0001fe e08b     +LDI R24 , LOW ( 11 )
                +__DELAY_USB_LOOP :
0001ff 958a     +DEC R24
000200 f7f1     +BRNE __DELAY_USB_LOOP
                 	__DELAY_USB 11
000201 9ac2      	SBI  0x18,2
                +
000202 e18b     +LDI R24 , LOW ( 27 )
                +__DELAY_USB_LOOP :
000203 958a     +DEC R24
000204 f7f1     +BRNE __DELAY_USB_LOOP
                 	__DELAY_USB 27
000205 98c2      	CBI  0x18,2
                +
000206 e18b     +LDI R24 , LOW ( 27 )
                +__DELAY_USB_LOOP :
000207 958a     +DEC R24
000208 f7f1     +BRNE __DELAY_USB_LOOP
                 	__DELAY_USB 27
000209 c069      	RJMP _0x2020001
                 __lcd_write_data:
00020a 93aa      	ST   -Y,R26
00020b 81a8      	LD   R26,Y
00020c dfe9      	RCALL __lcd_write_nibble_G100
00020d 81e8          ld    r30,y
00020e 95e2          swap  r30
00020f 83e8          st    y,r30
000210 81a8      	LD   R26,Y
000211 dfe4      	RCALL __lcd_write_nibble_G100
                +
000212 ec88     +LDI R24 , LOW ( 200 )
000213 e090     +LDI R25 , HIGH ( 200 )
                +__DELAY_USW_LOOP :
000214 9701     +SBIW R24 , 1
000215 f7f1     +BRNE __DELAY_USW_LOOP
                 	__DELAY_USW 200
000216 c05c      	RJMP _0x2020001
                 _lcd_write_byte:
000217 93aa      	ST   -Y,R26
000218 81a9      	LDD  R26,Y+1
000219 dff0      	RCALL __lcd_write_data
00021a 9ac0      	SBI  0x18,0
00021b 81a8      	LD   R26,Y
00021c dfed      	RCALL __lcd_write_data
00021d 98c0      	CBI  0x18,0
00021e c00b      	RJMP _0x2020002
                 _lcd_gotoxy:
00021f 93aa      	ST   -Y,R26
000220 81e8      	LD   R30,Y
000221 e0f0      	LDI  R31,0
000222 58e8      	SUBI R30,LOW(-__base_y_G100)
000223 4ffd      	SBCI R31,HIGH(-__base_y_G100)
000224 81e0      	LD   R30,Z
000225 81a9      	LDD  R26,Y+1
000226 0fae      	ADD  R26,R30
000227 dfe2      	RCALL __lcd_write_data
000228 80a9      	LDD  R10,Y+1
000229 80d8      	LDD  R13,Y+0
                 _0x2020002:
00022a 9622      	ADIW R28,2
00022b 9508      	RET
                 _lcd_clear:
00022c e0a2      	LDI  R26,LOW(2)
00022d d059      	RCALL SUBOPT_0x3
00022e e0ac      	LDI  R26,LOW(12)
00022f dfda      	RCALL __lcd_write_data
000230 e0a1      	LDI  R26,LOW(1)
000231 d055      	RCALL SUBOPT_0x3
000232 e0e0      	LDI  R30,LOW(0)
000233 2ede      	MOV  R13,R30
000234 2eae      	MOV  R10,R30
000235 9508      	RET
                 _lcd_putchar:
000236 93aa      	ST   -Y,R26
000237 81a8      	LD   R26,Y
000238 30aa      	CPI  R26,LOW(0xA)
000239 f011      	BREQ _0x2000005
00023a 14ac      	CP   R10,R12
00023b f040      	BRLO _0x2000004
                 _0x2000005:
00023c e0e0      	LDI  R30,LOW(0)
00023d 93ea      	ST   -Y,R30
00023e 94d3      	INC  R13
00023f 2dad      	MOV  R26,R13
000240 dfde      	RCALL _lcd_gotoxy
000241 81a8      	LD   R26,Y
000242 30aa      	CPI  R26,LOW(0xA)
000243 f179      	BREQ _0x2020001
                 _0x2000004:
000244 94a3      	INC  R10
000245 9ac0      	SBI  0x18,0
000246 81a8      	LD   R26,Y
000247 dfc2      	RCALL __lcd_write_data
000248 98c0      	CBI  0x18,0
000249 c029      	RJMP _0x2020001
                 _lcd_init:
00024a 93aa      	ST   -Y,R26
00024b b3e7      	IN   R30,0x17
00024c 6fe0      	ORI  R30,LOW(0xF0)
00024d bbe7      	OUT  0x17,R30
00024e 9aba      	SBI  0x17,2
00024f 9ab8      	SBI  0x17,0
000250 9ab9      	SBI  0x17,1
000251 98c2      	CBI  0x18,2
000252 98c0      	CBI  0x18,0
000253 98c1      	CBI  0x18,1
000254 80c8      	LDD  R12,Y+0
000255 81e8      	LD   R30,Y
000256 58e0      	SUBI R30,-LOW(128)
                +
000257 93e0 027a+STS __base_y_G100 + ( 2 ) , R30
                 	__PUTB1MN __base_y_G100,2
000259 81e8      	LD   R30,Y
00025a 54e0      	SUBI R30,-LOW(192)
                +
00025b 93e0 027b+STS __base_y_G100 + ( 3 ) , R30
                 	__PUTB1MN __base_y_G100,3
00025d e1a4      	LDI  R26,LOW(20)
00025e e0b0      	LDI  R27,0
00025f 940e 0293 	CALL _delay_ms
000261 d02a      	RCALL SUBOPT_0x4
000262 d029      	RCALL SUBOPT_0x4
000263 d028      	RCALL SUBOPT_0x4
000264 e2a0      	LDI  R26,LOW(32)
000265 df90      	RCALL __lcd_write_nibble_G100
                +
000266 e980     +LDI R24 , LOW ( 400 )
000267 e091     +LDI R25 , HIGH ( 400 )
                +__DELAY_USW_LOOP :
000268 9701     +SBIW R24 , 1
000269 f7f1     +BRNE __DELAY_USW_LOOP
                 	__DELAY_USW 400
00026a e2a8      	LDI  R26,LOW(40)
00026b df9e      	RCALL __lcd_write_data
00026c e0a4      	LDI  R26,LOW(4)
00026d df9c      	RCALL __lcd_write_data
00026e e8a5      	LDI  R26,LOW(133)
00026f df9a      	RCALL __lcd_write_data
000270 e0a6      	LDI  R26,LOW(6)
000271 df98      	RCALL __lcd_write_data
000272 dfb9      	RCALL _lcd_clear
                 _0x2020001:
000273 9621      	ADIW R28,1
000274 9508      	RET
                 
                 	.ESEG
                 _eeMaxSpeed:
000000 ff        	.DB  0xFF
                 _eeKp:
000001 00        	.DB  0x0
                 _eeKd:
000002 00        	.DB  0x0
                 _eeKi:
000003 00        	.DB  0x0
                 _eeWhiteMin:
000004 05
000005 05
000006 05
000007 05        	.DB  0x5,0x5,0x5,0x5
000008 05
000009 05
00000a 05
00000b 05        	.DB  0x5,0x5,0x5,0x5
                 _eeBlackMax:
00000c e6
00000d e6
00000e e6
00000f e6        	.DB  0xE6,0xE6,0xE6,0xE6
000010 e6
000011 e6
000012 e6
000013 e6        	.DB  0xE6,0xE6,0xE6,0xE6
                 _eeMiddleVal:
000014 78
000015 78
000016 78
000017 78        	.DB  0x78,0x78,0x78,0x78
000018 78
000019 78
00001a 78
00001b 78        	.DB  0x78,0x78,0x78,0x78
                 
                 	.DSEG
                 _whiteMin:
000260           	.BYTE 0x8
                 _blackMax:
000268           	.BYTE 0x8
                 _middleVal:
000270           	.BYTE 0x8
                 __base_y_G100:
000278           	.BYTE 0x4
                 
                 	.CSEG
                 ;OPTIMIZER ADDED SUBROUTINE, CALLED 8 TIMES, CODE SIZE REDUCTION:11 WORDS
                 SUBOPT_0x0:
000275 2fe1      	MOV  R30,R17
000276 e0f0      	LDI  R31,0
000277 9508      	RET
                 
                 ;OPTIMIZER ADDED SUBROUTINE, CALLED 2 TIMES, CODE SIZE REDUCTION:1 WORDS
                 SUBOPT_0x1:
000278 010f      	MOVW R0,R30
000279 01d9      	MOVW R26,R18
00027a 940e 02e6 	CALL __EEPROMRDB
00027c 01d0      	MOVW R26,R0
00027d 93ec      	ST   X,R30
00027e 9508      	RET
                 
                 ;OPTIMIZER ADDED SUBROUTINE, CALLED 2 TIMES, CODE SIZE REDUCTION:6 WORDS
                 SUBOPT_0x2:
00027f 0fae      	ADD  R26,R30
000280 1fbf      	ADC  R27,R31
000281 91ac      	LD   R26,X
000282 dfb3      	RCALL _lcd_putchar
000283 e6a4      	LDI  R26,LOW(100)
000284 e0b0      	LDI  R27,0
000285 940c 0293 	JMP  _delay_ms
                 
                 ;OPTIMIZER ADDED SUBROUTINE, CALLED 2 TIMES, CODE SIZE REDUCTION:3 WORDS
                 SUBOPT_0x3:
000287 df82      	RCALL __lcd_write_data
000288 e0a3      	LDI  R26,LOW(3)
000289 e0b0      	LDI  R27,0
00028a 940c 0293 	JMP  _delay_ms
                 
                 ;OPTIMIZER ADDED SUBROUTINE, CALLED 3 TIMES, CODE SIZE REDUCTION:7 WORDS
                 SUBOPT_0x4:
00028c e3a0      	LDI  R26,LOW(48)
00028d df68      	RCALL __lcd_write_nibble_G100
                +
00028e e980     +LDI R24 , LOW ( 400 )
00028f e091     +LDI R25 , HIGH ( 400 )
                +__DELAY_USW_LOOP :
000290 9701     +SBIW R24 , 1
000291 f7f1     +BRNE __DELAY_USW_LOOP
                 	__DELAY_USW 400
000292 9508      	RET
                 
                 
                 	.CSEG
                 _delay_ms:
000293 9610      	adiw r26,0
000294 f039      	breq __delay_ms1
                 __delay_ms0:
                +
000295 ea80     +LDI R24 , LOW ( 0xFA0 )
000296 e09f     +LDI R25 , HIGH ( 0xFA0 )
                +__DELAY_USW_LOOP :
000297 9701     +SBIW R24 , 1
000298 f7f1     +BRNE __DELAY_USW_LOOP
                 	__DELAY_USW 0xFA0
000299 95a8      	wdr
00029a 9711      	sbiw r26,1
00029b f7c9      	brne __delay_ms0
                 __delay_ms1:
00029c 9508      	ret
                 
                 __ANEGW1:
00029d 95f1      	NEG  R31
00029e 95e1      	NEG  R30
00029f 40f0      	SBCI R31,0
0002a0 9508      	RET
                 
                 __LSLB12:
0002a1 23ee      	TST  R30
0002a2 2e0e      	MOV  R0,R30
0002a3 2fea      	MOV  R30,R26
0002a4 f019      	BREQ __LSLB12R
                 __LSLB12L:
0002a5 0fee      	LSL  R30
0002a6 940a      	DEC  R0
0002a7 f7e9      	BRNE __LSLB12L
                 __LSLB12R:
0002a8 9508      	RET
                 
                 __LSLW12:
0002a9 23ee      	TST  R30
0002aa 2e0e      	MOV  R0,R30
0002ab 01fd      	MOVW R30,R26
0002ac f021      	BREQ __LSLW12R
                 __LSLW12L:
0002ad 0fee      	LSL  R30
0002ae 1fff      	ROL  R31
0002af 940a      	DEC  R0
0002b0 f7e1      	BRNE __LSLW12L
                 __LSLW12R:
0002b1 9508      	RET
                 
                 __DIVW21U:
0002b2 2400      	CLR  R0
0002b3 2411      	CLR  R1
0002b4 e190      	LDI  R25,16
                 __DIVW21U1:
0002b5 0faa      	LSL  R26
0002b6 1fbb      	ROL  R27
0002b7 1c00      	ROL  R0
0002b8 1c11      	ROL  R1
0002b9 1a0e      	SUB  R0,R30
0002ba 0a1f      	SBC  R1,R31
0002bb f418      	BRCC __DIVW21U2
0002bc 0e0e      	ADD  R0,R30
0002bd 1e1f      	ADC  R1,R31
0002be c001      	RJMP __DIVW21U3
                 __DIVW21U2:
0002bf 60a1      	SBR  R26,1
                 __DIVW21U3:
0002c0 959a      	DEC  R25
0002c1 f799      	BRNE __DIVW21U1
0002c2 01fd      	MOVW R30,R26
0002c3 01d0      	MOVW R26,R0
0002c4 9508      	RET
                 
                 __DIVW21:
0002c5 d012      	RCALL __CHKSIGNW
0002c6 dfeb      	RCALL __DIVW21U
0002c7 f40e      	BRTC __DIVW211
0002c8 dfd4      	RCALL __ANEGW1
                 __DIVW211:
0002c9 9508      	RET
                 
                 __MODW21:
0002ca 94e8      	CLT
0002cb ffb7      	SBRS R27,7
0002cc c004      	RJMP __MODW211
0002cd 95a0      	COM  R26
0002ce 95b0      	COM  R27
0002cf 9611      	ADIW R26,1
0002d0 9468      	SET
                 __MODW211:
0002d1 fdf7      	SBRC R31,7
0002d2 dfca      	RCALL __ANEGW1
0002d3 dfde      	RCALL __DIVW21U
0002d4 01fd      	MOVW R30,R26
0002d5 f40e      	BRTC __MODW212
0002d6 dfc6      	RCALL __ANEGW1
                 __MODW212:
0002d7 9508      	RET
                 
                 __CHKSIGNW:
0002d8 94e8      	CLT
0002d9 fff7      	SBRS R31,7
0002da c002      	RJMP __CHKSW1
0002db dfc1      	RCALL __ANEGW1
0002dc 9468      	SET
                 __CHKSW1:
0002dd ffb7      	SBRS R27,7
0002de c006      	RJMP __CHKSW2
0002df 95a0      	COM  R26
0002e0 95b0      	COM  R27
0002e1 9611      	ADIW R26,1
0002e2 f800      	BLD  R0,0
0002e3 9403      	INC  R0
0002e4 fa00      	BST  R0,0
                 __CHKSW2:
0002e5 9508      	RET
                 
                 __EEPROMRDB:
0002e6 99e1      	SBIC EECR,EEWE
0002e7 cffe      	RJMP __EEPROMRDB
0002e8 93ff      	PUSH R31
0002e9 b7ff      	IN   R31,SREG
0002ea 94f8      	CLI
0002eb bbae      	OUT  EEARL,R26
0002ec bbbf      	OUT  EEARH,R27
0002ed 9ae0      	SBI  EECR,EERE
0002ee b3ed      	IN   R30,EEDR
0002ef bfff      	OUT  SREG,R31
0002f0 91ff      	POP  R31
0002f1 9508      	RET
                 
                 __EEPROMWRB:
0002f2 9be1      	SBIS EECR,EEWE
0002f3 c002      	RJMP __EEPROMWRB1
0002f4 95a8      	WDR
0002f5 cffc      	RJMP __EEPROMWRB
                 __EEPROMWRB1:
0002f6 b79f      	IN   R25,SREG
0002f7 94f8      	CLI
0002f8 bbae      	OUT  EEARL,R26
0002f9 bbbf      	OUT  EEARH,R27
0002fa 9ae0      	SBI  EECR,EERE
0002fb b38d      	IN   R24,EEDR
0002fc 17e8      	CP   R30,R24
0002fd f019      	BREQ __EEPROMWRB0
0002fe bbed      	OUT  EEDR,R30
0002ff 9ae2      	SBI  EECR,EEMWE
000300 9ae1      	SBI  EECR,EEWE
                 __EEPROMWRB0:
000301 bf9f      	OUT  SREG,R25
000302 9508      	RET
                 
                 __SAVELOCR4:
000303 933a      	ST   -Y,R19
                 __SAVELOCR3:
000304 932a      	ST   -Y,R18
                 __SAVELOCR2:
000305 931a      	ST   -Y,R17
000306 930a      	ST   -Y,R16
000307 9508      	RET
                 
                 __LOADLOCR4:
000308 813b      	LDD  R19,Y+3
                 __LOADLOCR3:
000309 812a      	LDD  R18,Y+2
                 __LOADLOCR2:
00030a 8119      	LDD  R17,Y+1
00030b 8108      	LD   R16,Y
00030c 9508      	RET
                 
                 __INITLOCB:
                 __INITLOCW:
00030d 0fac      	ADD  R26,R28
00030e 1fbd      	ADC  R27,R29
                 __INITLOC0:
00030f 9005      	LPM  R0,Z+
000310 920d      	ST   X+,R0
000311 958a      	DEC  R24
000312 f7e1      	BRNE __INITLOC0
000313 9508      	RET
                 
                 ;END OF CODE MARKER
                 __END_OF_CODE:


RESOURCE USE INFORMATION
------------------------

Notice:
The register and instruction counts are symbol table hit counts,
and hence implicitly used resources are not counted, eg, the
'lpm' instruction without operands implicitly uses r0 and z,
none of which are counted.

x,y,z are separate entities in the symbol table and are
counted separately from r26..r31 here.

.dseg memory usage only counts static data declared with .byte

ATmega32 register use summary:
r0 :  22 r1 :   5 r2 :   1 r3 :   0 r4 :   1 r5 :   1 r6 :   1 r7 :   1 
r8 :   0 r9 :   0 r10:   4 r11:   4 r12:   2 r13:   4 r14:   0 r15:   0 
r16:   9 r17:  38 r18:  13 r19:  10 r20:   0 r21:   0 r22:   4 r23:   0 
r24:  27 r25:  10 r26: 103 r27:  25 r28:  10 r29:   2 r30: 174 r31:  53 
x  :   7 y  :  73 z  :  13 
Registers used: 27 out of 35 (77.1%)

ATmega32 instruction use summary:
.lds  :   0 .lds.l:   0 .sts  :   0 .sts.l:   0 adc   :   3 add   :   4 
adiw  :  11 and   :   2 andi  :   2 asr   :   0 bclr  :   0 bld   :   2 
brbc  :   0 brbs  :   0 brcc  :   1 brcs  :   0 break :   0 breq  :   9 
brge  :   0 brhc  :   0 brhs  :   0 brid  :   0 brie  :   0 brlo  :   2 
brlt  :   0 brmi  :   0 brne  :  16 brpl  :   0 brsh  :   7 brtc  :   2 
brts  :   0 brvc  :   0 brvs  :   0 bset  :   0 bst   :   1 call  :  19 
cbi   :   7 cbr   :   0 clc   :   0 clh   :   0 cli   :   3 cln   :   0 
clr   :   7 cls   :   0 clt   :   3 clv   :   0 clz   :   0 com   :   5 
cp    :   3 cpc   :   0 cpi   :  11 cpse  :   0 dec   :   8 des   :   0 
eor   :   0 fmul  :   0 fmuls :   0 fmulsu:   0 icall :   0 ijmp  :   0 
in    :   7 inc   :   4 jmp   :  25 ld    :  20 ldd   :  18 ldi   : 121 
lds   :   0 lpm   :  10 lsl   :   6 lsr   :   0 mov   :  24 movw  :  27 
mul   :   0 muls  :   0 mulsu :   0 neg   :   2 nop   :   0 or    :   2 
ori   :   3 out   :  38 pop   :   3 push  :   3 rcall :  68 ret   :  24 
reti  :   0 rjmp  :  29 rol   :   4 ror   :   0 sbc   :   2 sbci  :  11 
sbi   :  13 sbic  :   1 sbis  :   2 sbiw  :  11 sbr   :   1 sbrc  :   1 
sbrs  :   3 sec   :   0 seh   :   0 sei   :   0 sen   :   0 ser   :   0 
ses   :   0 set   :   3 sev   :   0 sez   :   0 sleep :   0 spm   :   0 
st    :  44 std   :   2 sts   :   2 sub   :   2 subi  :  23 swap  :   1 
tst   :   2 wdr   :   2 
Instructions used: 60 out of 116 (51.7%)

ATmega32 memory use summary [bytes]:
Segment   Begin    End      Code   Data   Used    Size   Use%
---------------------------------------------------------------
[.cseg] 0x000000 0x000628   1474    102   1576   32768   4.8%
[.dseg] 0x000060 0x00027c      0     28     28    2143   1.3%
[.eseg] 0x000000 0x00001c      0     28     28    1024   2.7%

Assembly complete, 0 errors, 12 warnings
