
AVRASM ver. 2.1.30  D:\Move\MCU Programmer\ElinfoUGM\List\UNNES v222.asm Wed Jul 03 19:24:21 2013

D:\Move\MCU Programmer\ElinfoUGM\List\UNNES v222.asm(1072): warning: Register r5 already defined by the .DEF directive
D:\Move\MCU Programmer\ElinfoUGM\List\UNNES v222.asm(1073): warning: Register r4 already defined by the .DEF directive
D:\Move\MCU Programmer\ElinfoUGM\List\UNNES v222.asm(1074): warning: Register r7 already defined by the .DEF directive
D:\Move\MCU Programmer\ElinfoUGM\List\UNNES v222.asm(1075): warning: Register r6 already defined by the .DEF directive
D:\Move\MCU Programmer\ElinfoUGM\List\UNNES v222.asm(1076): warning: Register r9 already defined by the .DEF directive
D:\Move\MCU Programmer\ElinfoUGM\List\UNNES v222.asm(1077): warning: Register r8 already defined by the .DEF directive
D:\Move\MCU Programmer\ElinfoUGM\List\UNNES v222.asm(1078): warning: Register r11 already defined by the .DEF directive
D:\Move\MCU Programmer\ElinfoUGM\List\UNNES v222.asm(1079): warning: Register r10 already defined by the .DEF directive
D:\Move\MCU Programmer\ElinfoUGM\List\UNNES v222.asm(1080): warning: Register r13 already defined by the .DEF directive
D:\Move\MCU Programmer\ElinfoUGM\List\UNNES v222.asm(1081): warning: Register r12 already defined by the .DEF directive
                 
                 
                 ;CodeVisionAVR C Compiler V2.05.3 Standard
                 ;(C) Copyright 1998-2011 Pavel Haiduc, HP InfoTech s.r.l.
                 ;http://www.hpinfotech.com
                 
                 ;Chip type                : ATmega32
                 ;Program type             : Application
                 ;Clock frequency          : 16.000000 MHz
                 ;Memory model             : Small
                 ;Optimize for             : Size
                 ;(s)printf features       : int, width
                 ;(s)scanf features        : int, width
                 ;External RAM size        : 0
                 ;Data Stack size          : 512 byte(s)
                 ;Heap size                : 0 byte(s)
                 ;Promote 'char' to 'int'  : Yes
                 ;'char' is unsigned       : Yes
                 ;8 bit enums              : Yes
                 ;Global 'const' stored in FLASH     : No
                 ;Enhanced function parameter passing: Yes
                 ;Enhanced core instructions         : On
                 ;Smart register allocation          : On
                 ;Automatic register allocation      : On
                 
                 	#pragma AVRPART ADMIN PART_NAME ATmega32
                 	#pragma AVRPART MEMORY PROG_FLASH 32768
                 	#pragma AVRPART MEMORY EEPROM 1024
                 	#pragma AVRPART MEMORY INT_SRAM SIZE 2143
                 	#pragma AVRPART MEMORY INT_SRAM START_ADDR 0x60
                 
                 	#define CALL_SUPPORTED 1
                 
                 	.LISTMAC
                 	.EQU UDRE=0x5
                 	.EQU RXC=0x7
                 	.EQU USR=0xB
                 	.EQU UDR=0xC
                 	.EQU SPSR=0xE
                 	.EQU SPDR=0xF
                 	.EQU EERE=0x0
                 	.EQU EEWE=0x1
                 	.EQU EEMWE=0x2
                 	.EQU EECR=0x1C
                 	.EQU EEDR=0x1D
                 	.EQU EEARL=0x1E
                 	.EQU EEARH=0x1F
                 	.EQU WDTCR=0x21
                 	.EQU MCUCR=0x35
                 	.EQU GICR=0x3B
                 	.EQU SPL=0x3D
                 	.EQU SPH=0x3E
                 	.EQU SREG=0x3F
                 
                 	.DEF R0X0=R0
                 	.DEF R0X1=R1
                 	.DEF R0X2=R2
                 	.DEF R0X3=R3
                 	.DEF R0X4=R4
                 	.DEF R0X5=R5
                 	.DEF R0X6=R6
                 	.DEF R0X7=R7
                 	.DEF R0X8=R8
                 	.DEF R0X9=R9
                 	.DEF R0XA=R10
                 	.DEF R0XB=R11
                 	.DEF R0XC=R12
                 	.DEF R0XD=R13
                 	.DEF R0XE=R14
                 	.DEF R0XF=R15
                 	.DEF R0X10=R16
                 	.DEF R0X11=R17
                 	.DEF R0X12=R18
                 	.DEF R0X13=R19
                 	.DEF R0X14=R20
                 	.DEF R0X15=R21
                 	.DEF R0X16=R22
                 	.DEF R0X17=R23
                 	.DEF R0X18=R24
                 	.DEF R0X19=R25
                 	.DEF R0X1A=R26
                 	.DEF R0X1B=R27
                 	.DEF R0X1C=R28
                 	.DEF R0X1D=R29
                 	.DEF R0X1E=R30
                 	.DEF R0X1F=R31
                 
                 	.EQU __SRAM_START=0x0060
                 	.EQU __SRAM_END=0x085F
                 	.EQU __DSTACK_SIZE=0x0200
                 	.EQU __HEAP_SIZE=0x0000
                 	.EQU __CLEAR_SRAM_SIZE=__SRAM_END-__SRAM_START+1
                 
                 	.MACRO __CPD1N
                 	CPI  R30,LOW(@0)
                 	LDI  R26,HIGH(@0)
                 	CPC  R31,R26
                 	LDI  R26,BYTE3(@0)
                 	CPC  R22,R26
                 	LDI  R26,BYTE4(@0)
                 	CPC  R23,R26
                 	.ENDM
                 
                 	.MACRO __CPD2N
                 	CPI  R26,LOW(@0)
                 	LDI  R30,HIGH(@0)
                 	CPC  R27,R30
                 	LDI  R30,BYTE3(@0)
                 	CPC  R24,R30
                 	LDI  R30,BYTE4(@0)
                 	CPC  R25,R30
                 	.ENDM
                 
                 	.MACRO __CPWRR
                 	CP   R@0,R@2
                 	CPC  R@1,R@3
                 	.ENDM
                 
                 	.MACRO __CPWRN
                 	CPI  R@0,LOW(@2)
                 	LDI  R30,HIGH(@2)
                 	CPC  R@1,R30
                 	.ENDM
                 
                 	.MACRO __ADDB1MN
                 	SUBI R30,LOW(-@0-(@1))
                 	.ENDM
                 
                 	.MACRO __ADDB2MN
                 	SUBI R26,LOW(-@0-(@1))
                 	.ENDM
                 
                 	.MACRO __ADDW1MN
                 	SUBI R30,LOW(-@0-(@1))
                 	SBCI R31,HIGH(-@0-(@1))
                 	.ENDM
                 
                 	.MACRO __ADDW2MN
                 	SUBI R26,LOW(-@0-(@1))
                 	SBCI R27,HIGH(-@0-(@1))
                 	.ENDM
                 
                 	.MACRO __ADDW1FN
                 	SUBI R30,LOW(-2*@0-(@1))
                 	SBCI R31,HIGH(-2*@0-(@1))
                 	.ENDM
                 
                 	.MACRO __ADDD1FN
                 	SUBI R30,LOW(-2*@0-(@1))
                 	SBCI R31,HIGH(-2*@0-(@1))
                 	SBCI R22,BYTE3(-2*@0-(@1))
                 	.ENDM
                 
                 	.MACRO __ADDD1N
                 	SUBI R30,LOW(-@0)
                 	SBCI R31,HIGH(-@0)
                 	SBCI R22,BYTE3(-@0)
                 	SBCI R23,BYTE4(-@0)
                 	.ENDM
                 
                 	.MACRO __ADDD2N
                 	SUBI R26,LOW(-@0)
                 	SBCI R27,HIGH(-@0)
                 	SBCI R24,BYTE3(-@0)
                 	SBCI R25,BYTE4(-@0)
                 	.ENDM
                 
                 	.MACRO __SUBD1N
                 	SUBI R30,LOW(@0)
                 	SBCI R31,HIGH(@0)
                 	SBCI R22,BYTE3(@0)
                 	SBCI R23,BYTE4(@0)
                 	.ENDM
                 
                 	.MACRO __SUBD2N
                 	SUBI R26,LOW(@0)
                 	SBCI R27,HIGH(@0)
                 	SBCI R24,BYTE3(@0)
                 	SBCI R25,BYTE4(@0)
                 	.ENDM
                 
                 	.MACRO __ANDBMNN
                 	LDS  R30,@0+(@1)
                 	ANDI R30,LOW(@2)
                 	STS  @0+(@1),R30
                 	.ENDM
                 
                 	.MACRO __ANDWMNN
                 	LDS  R30,@0+(@1)
                 	ANDI R30,LOW(@2)
                 	STS  @0+(@1),R30
                 	LDS  R30,@0+(@1)+1
                 	ANDI R30,HIGH(@2)
                 	STS  @0+(@1)+1,R30
                 	.ENDM
                 
                 	.MACRO __ANDD1N
                 	ANDI R30,LOW(@0)
                 	ANDI R31,HIGH(@0)
                 	ANDI R22,BYTE3(@0)
                 	ANDI R23,BYTE4(@0)
                 	.ENDM
                 
                 	.MACRO __ANDD2N
                 	ANDI R26,LOW(@0)
                 	ANDI R27,HIGH(@0)
                 	ANDI R24,BYTE3(@0)
                 	ANDI R25,BYTE4(@0)
                 	.ENDM
                 
                 	.MACRO __ORBMNN
                 	LDS  R30,@0+(@1)
                 	ORI  R30,LOW(@2)
                 	STS  @0+(@1),R30
                 	.ENDM
                 
                 	.MACRO __ORWMNN
                 	LDS  R30,@0+(@1)
                 	ORI  R30,LOW(@2)
                 	STS  @0+(@1),R30
                 	LDS  R30,@0+(@1)+1
                 	ORI  R30,HIGH(@2)
                 	STS  @0+(@1)+1,R30
                 	.ENDM
                 
                 	.MACRO __ORD1N
                 	ORI  R30,LOW(@0)
                 	ORI  R31,HIGH(@0)
                 	ORI  R22,BYTE3(@0)
                 	ORI  R23,BYTE4(@0)
                 	.ENDM
                 
                 	.MACRO __ORD2N
                 	ORI  R26,LOW(@0)
                 	ORI  R27,HIGH(@0)
                 	ORI  R24,BYTE3(@0)
                 	ORI  R25,BYTE4(@0)
                 	.ENDM
                 
                 	.MACRO __DELAY_USB
                 	LDI  R24,LOW(@0)
                 __DELAY_USB_LOOP:
                 	DEC  R24
                 	BRNE __DELAY_USB_LOOP
                 	.ENDM
                 
                 	.MACRO __DELAY_USW
                 	LDI  R24,LOW(@0)
                 	LDI  R25,HIGH(@0)
                 __DELAY_USW_LOOP:
                 	SBIW R24,1
                 	BRNE __DELAY_USW_LOOP
                 	.ENDM
                 
                 	.MACRO __GETD1S
                 	LDD  R30,Y+@0
                 	LDD  R31,Y+@0+1
                 	LDD  R22,Y+@0+2
                 	LDD  R23,Y+@0+3
                 	.ENDM
                 
                 	.MACRO __GETD2S
                 	LDD  R26,Y+@0
                 	LDD  R27,Y+@0+1
                 	LDD  R24,Y+@0+2
                 	LDD  R25,Y+@0+3
                 	.ENDM
                 
                 	.MACRO __PUTD1S
                 	STD  Y+@0,R30
                 	STD  Y+@0+1,R31
                 	STD  Y+@0+2,R22
                 	STD  Y+@0+3,R23
                 	.ENDM
                 
                 	.MACRO __PUTD2S
                 	STD  Y+@0,R26
                 	STD  Y+@0+1,R27
                 	STD  Y+@0+2,R24
                 	STD  Y+@0+3,R25
                 	.ENDM
                 
                 	.MACRO __PUTDZ2
                 	STD  Z+@0,R26
                 	STD  Z+@0+1,R27
                 	STD  Z+@0+2,R24
                 	STD  Z+@0+3,R25
                 	.ENDM
                 
                 	.MACRO __CLRD1S
                 	STD  Y+@0,R30
                 	STD  Y+@0+1,R30
                 	STD  Y+@0+2,R30
                 	STD  Y+@0+3,R30
                 	.ENDM
                 
                 	.MACRO __POINTB1MN
                 	LDI  R30,LOW(@0+(@1))
                 	.ENDM
                 
                 	.MACRO __POINTW1MN
                 	LDI  R30,LOW(@0+(@1))
                 	LDI  R31,HIGH(@0+(@1))
                 	.ENDM
                 
                 	.MACRO __POINTD1M
                 	LDI  R30,LOW(@0)
                 	LDI  R31,HIGH(@0)
                 	LDI  R22,BYTE3(@0)
                 	LDI  R23,BYTE4(@0)
                 	.ENDM
                 
                 	.MACRO __POINTW1FN
                 	LDI  R30,LOW(2*@0+(@1))
                 	LDI  R31,HIGH(2*@0+(@1))
                 	.ENDM
                 
                 	.MACRO __POINTD1FN
                 	LDI  R30,LOW(2*@0+(@1))
                 	LDI  R31,HIGH(2*@0+(@1))
                 	LDI  R22,BYTE3(2*@0+(@1))
                 	LDI  R23,BYTE4(2*@0+(@1))
                 	.ENDM
                 
                 	.MACRO __POINTB2MN
                 	LDI  R26,LOW(@0+(@1))
                 	.ENDM
                 
                 	.MACRO __POINTW2MN
                 	LDI  R26,LOW(@0+(@1))
                 	LDI  R27,HIGH(@0+(@1))
                 	.ENDM
                 
                 	.MACRO __POINTW2FN
                 	LDI  R26,LOW(2*@0+(@1))
                 	LDI  R27,HIGH(2*@0+(@1))
                 	.ENDM
                 
                 	.MACRO __POINTD2FN
                 	LDI  R26,LOW(2*@0+(@1))
                 	LDI  R27,HIGH(2*@0+(@1))
                 	LDI  R24,BYTE3(2*@0+(@1))
                 	LDI  R25,BYTE4(2*@0+(@1))
                 	.ENDM
                 
                 	.MACRO __POINTBRM
                 	LDI  R@0,LOW(@1)
                 	.ENDM
                 
                 	.MACRO __POINTWRM
                 	LDI  R@0,LOW(@2)
                 	LDI  R@1,HIGH(@2)
                 	.ENDM
                 
                 	.MACRO __POINTBRMN
                 	LDI  R@0,LOW(@1+(@2))
                 	.ENDM
                 
                 	.MACRO __POINTWRMN
                 	LDI  R@0,LOW(@2+(@3))
                 	LDI  R@1,HIGH(@2+(@3))
                 	.ENDM
                 
                 	.MACRO __POINTWRFN
                 	LDI  R@0,LOW(@2*2+(@3))
                 	LDI  R@1,HIGH(@2*2+(@3))
                 	.ENDM
                 
                 	.MACRO __GETD1N
                 	LDI  R30,LOW(@0)
                 	LDI  R31,HIGH(@0)
                 	LDI  R22,BYTE3(@0)
                 	LDI  R23,BYTE4(@0)
                 	.ENDM
                 
                 	.MACRO __GETD2N
                 	LDI  R26,LOW(@0)
                 	LDI  R27,HIGH(@0)
                 	LDI  R24,BYTE3(@0)
                 	LDI  R25,BYTE4(@0)
                 	.ENDM
                 
                 	.MACRO __GETB1MN
                 	LDS  R30,@0+(@1)
                 	.ENDM
                 
                 	.MACRO __GETB1HMN
                 	LDS  R31,@0+(@1)
                 	.ENDM
                 
                 	.MACRO __GETW1MN
                 	LDS  R30,@0+(@1)
                 	LDS  R31,@0+(@1)+1
                 	.ENDM
                 
                 	.MACRO __GETD1MN
                 	LDS  R30,@0+(@1)
                 	LDS  R31,@0+(@1)+1
                 	LDS  R22,@0+(@1)+2
                 	LDS  R23,@0+(@1)+3
                 	.ENDM
                 
                 	.MACRO __GETBRMN
                 	LDS  R@0,@1+(@2)
                 	.ENDM
                 
                 	.MACRO __GETWRMN
                 	LDS  R@0,@2+(@3)
                 	LDS  R@1,@2+(@3)+1
                 	.ENDM
                 
                 	.MACRO __GETWRZ
                 	LDD  R@0,Z+@2
                 	LDD  R@1,Z+@2+1
                 	.ENDM
                 
                 	.MACRO __GETD2Z
                 	LDD  R26,Z+@0
                 	LDD  R27,Z+@0+1
                 	LDD  R24,Z+@0+2
                 	LDD  R25,Z+@0+3
                 	.ENDM
                 
                 	.MACRO __GETB2MN
                 	LDS  R26,@0+(@1)
                 	.ENDM
                 
                 	.MACRO __GETW2MN
                 	LDS  R26,@0+(@1)
                 	LDS  R27,@0+(@1)+1
                 	.ENDM
                 
                 	.MACRO __GETD2MN
                 	LDS  R26,@0+(@1)
                 	LDS  R27,@0+(@1)+1
                 	LDS  R24,@0+(@1)+2
                 	LDS  R25,@0+(@1)+3
                 	.ENDM
                 
                 	.MACRO __PUTB1MN
                 	STS  @0+(@1),R30
                 	.ENDM
                 
                 	.MACRO __PUTW1MN
                 	STS  @0+(@1),R30
                 	STS  @0+(@1)+1,R31
                 	.ENDM
                 
                 	.MACRO __PUTD1MN
                 	STS  @0+(@1),R30
                 	STS  @0+(@1)+1,R31
                 	STS  @0+(@1)+2,R22
                 	STS  @0+(@1)+3,R23
                 	.ENDM
                 
                 	.MACRO __PUTB1EN
                 	LDI  R26,LOW(@0+(@1))
                 	LDI  R27,HIGH(@0+(@1))
                 	CALL __EEPROMWRB
                 	.ENDM
                 
                 	.MACRO __PUTW1EN
                 	LDI  R26,LOW(@0+(@1))
                 	LDI  R27,HIGH(@0+(@1))
                 	CALL __EEPROMWRW
                 	.ENDM
                 
                 	.MACRO __PUTD1EN
                 	LDI  R26,LOW(@0+(@1))
                 	LDI  R27,HIGH(@0+(@1))
                 	CALL __EEPROMWRD
                 	.ENDM
                 
                 	.MACRO __PUTBR0MN
                 	STS  @0+(@1),R0
                 	.ENDM
                 
                 	.MACRO __PUTBMRN
                 	STS  @0+(@1),R@2
                 	.ENDM
                 
                 	.MACRO __PUTWMRN
                 	STS  @0+(@1),R@2
                 	STS  @0+(@1)+1,R@3
                 	.ENDM
                 
                 	.MACRO __PUTBZR
                 	STD  Z+@1,R@0
                 	.ENDM
                 
                 	.MACRO __PUTWZR
                 	STD  Z+@2,R@0
                 	STD  Z+@2+1,R@1
                 	.ENDM
                 
                 	.MACRO __GETW1R
                 	MOV  R30,R@0
                 	MOV  R31,R@1
                 	.ENDM
                 
                 	.MACRO __GETW2R
                 	MOV  R26,R@0
                 	MOV  R27,R@1
                 	.ENDM
                 
                 	.MACRO __GETWRN
                 	LDI  R@0,LOW(@2)
                 	LDI  R@1,HIGH(@2)
                 	.ENDM
                 
                 	.MACRO __PUTW1R
                 	MOV  R@0,R30
                 	MOV  R@1,R31
                 	.ENDM
                 
                 	.MACRO __PUTW2R
                 	MOV  R@0,R26
                 	MOV  R@1,R27
                 	.ENDM
                 
                 	.MACRO __ADDWRN
                 	SUBI R@0,LOW(-@2)
                 	SBCI R@1,HIGH(-@2)
                 	.ENDM
                 
                 	.MACRO __ADDWRR
                 	ADD  R@0,R@2
                 	ADC  R@1,R@3
                 	.ENDM
                 
                 	.MACRO __SUBWRN
                 	SUBI R@0,LOW(@2)
                 	SBCI R@1,HIGH(@2)
                 	.ENDM
                 
                 	.MACRO __SUBWRR
                 	SUB  R@0,R@2
                 	SBC  R@1,R@3
                 	.ENDM
                 
                 	.MACRO __ANDWRN
                 	ANDI R@0,LOW(@2)
                 	ANDI R@1,HIGH(@2)
                 	.ENDM
                 
                 	.MACRO __ANDWRR
                 	AND  R@0,R@2
                 	AND  R@1,R@3
                 	.ENDM
                 
                 	.MACRO __ORWRN
                 	ORI  R@0,LOW(@2)
                 	ORI  R@1,HIGH(@2)
                 	.ENDM
                 
                 	.MACRO __ORWRR
                 	OR   R@0,R@2
                 	OR   R@1,R@3
                 	.ENDM
                 
                 	.MACRO __EORWRR
                 	EOR  R@0,R@2
                 	EOR  R@1,R@3
                 	.ENDM
                 
                 	.MACRO __GETWRS
                 	LDD  R@0,Y+@2
                 	LDD  R@1,Y+@2+1
                 	.ENDM
                 
                 	.MACRO __PUTBSR
                 	STD  Y+@1,R@0
                 	.ENDM
                 
                 	.MACRO __PUTWSR
                 	STD  Y+@2,R@0
                 	STD  Y+@2+1,R@1
                 	.ENDM
                 
                 	.MACRO __MOVEWRR
                 	MOV  R@0,R@2
                 	MOV  R@1,R@3
                 	.ENDM
                 
                 	.MACRO __INWR
                 	IN   R@0,@2
                 	IN   R@1,@2+1
                 	.ENDM
                 
                 	.MACRO __OUTWR
                 	OUT  @2+1,R@1
                 	OUT  @2,R@0
                 	.ENDM
                 
                 	.MACRO __CALL1MN
                 	LDS  R30,@0+(@1)
                 	LDS  R31,@0+(@1)+1
                 	ICALL
                 	.ENDM
                 
                 	.MACRO __CALL1FN
                 	LDI  R30,LOW(2*@0+(@1))
                 	LDI  R31,HIGH(2*@0+(@1))
                 	CALL __GETW1PF
                 	ICALL
                 	.ENDM
                 
                 	.MACRO __CALL2EN
                 	LDI  R26,LOW(@0+(@1))
                 	LDI  R27,HIGH(@0+(@1))
                 	CALL __EEPROMRDW
                 	ICALL
                 	.ENDM
                 
                 	.MACRO __GETW1STACK
                 	IN   R26,SPL
                 	IN   R27,SPH
                 	ADIW R26,@0+1
                 	LD   R30,X+
                 	LD   R31,X
                 	.ENDM
                 
                 	.MACRO __GETD1STACK
                 	IN   R26,SPL
                 	IN   R27,SPH
                 	ADIW R26,@0+1
                 	LD   R30,X+
                 	LD   R31,X+
                 	LD   R22,X
                 	.ENDM
                 
                 	.MACRO __NBST
                 	BST  R@0,@1
                 	IN   R30,SREG
                 	LDI  R31,0x40
                 	EOR  R30,R31
                 	OUT  SREG,R30
                 	.ENDM
                 
                 
                 	.MACRO __PUTB1SN
                 	LDD  R26,Y+@0
                 	LDD  R27,Y+@0+1
                 	SUBI R26,LOW(-@1)
                 	SBCI R27,HIGH(-@1)
                 	ST   X,R30
                 	.ENDM
                 
                 	.MACRO __PUTW1SN
                 	LDD  R26,Y+@0
                 	LDD  R27,Y+@0+1
                 	SUBI R26,LOW(-@1)
                 	SBCI R27,HIGH(-@1)
                 	ST   X+,R30
                 	ST   X,R31
                 	.ENDM
                 
                 	.MACRO __PUTD1SN
                 	LDD  R26,Y+@0
                 	LDD  R27,Y+@0+1
                 	SUBI R26,LOW(-@1)
                 	SBCI R27,HIGH(-@1)
                 	CALL __PUTDP1
                 	.ENDM
                 
                 	.MACRO __PUTB1SNS
                 	LDD  R26,Y+@0
                 	LDD  R27,Y+@0+1
                 	ADIW R26,@1
                 	ST   X,R30
                 	.ENDM
                 
                 	.MACRO __PUTW1SNS
                 	LDD  R26,Y+@0
                 	LDD  R27,Y+@0+1
                 	ADIW R26,@1
                 	ST   X+,R30
                 	ST   X,R31
                 	.ENDM
                 
                 	.MACRO __PUTD1SNS
                 	LDD  R26,Y+@0
                 	LDD  R27,Y+@0+1
                 	ADIW R26,@1
                 	CALL __PUTDP1
                 	.ENDM
                 
                 	.MACRO __PUTB1PMN
                 	LDS  R26,@0
                 	LDS  R27,@0+1
                 	SUBI R26,LOW(-@1)
                 	SBCI R27,HIGH(-@1)
                 	ST   X,R30
                 	.ENDM
                 
                 	.MACRO __PUTW1PMN
                 	LDS  R26,@0
                 	LDS  R27,@0+1
                 	SUBI R26,LOW(-@1)
                 	SBCI R27,HIGH(-@1)
                 	ST   X+,R30
                 	ST   X,R31
                 	.ENDM
                 
                 	.MACRO __PUTD1PMN
                 	LDS  R26,@0
                 	LDS  R27,@0+1
                 	SUBI R26,LOW(-@1)
                 	SBCI R27,HIGH(-@1)
                 	CALL __PUTDP1
                 	.ENDM
                 
                 	.MACRO __PUTB1PMNS
                 	LDS  R26,@0
                 	LDS  R27,@0+1
                 	ADIW R26,@1
                 	ST   X,R30
                 	.ENDM
                 
                 	.MACRO __PUTW1PMNS
                 	LDS  R26,@0
                 	LDS  R27,@0+1
                 	ADIW R26,@1
                 	ST   X+,R30
                 	ST   X,R31
                 	.ENDM
                 
                 	.MACRO __PUTD1PMNS
                 	LDS  R26,@0
                 	LDS  R27,@0+1
                 	ADIW R26,@1
                 	CALL __PUTDP1
                 	.ENDM
                 
                 	.MACRO __PUTB1RN
                 	MOVW R26,R@0
                 	SUBI R26,LOW(-@1)
                 	SBCI R27,HIGH(-@1)
                 	ST   X,R30
                 	.ENDM
                 
                 	.MACRO __PUTW1RN
                 	MOVW R26,R@0
                 	SUBI R26,LOW(-@1)
                 	SBCI R27,HIGH(-@1)
                 	ST   X+,R30
                 	ST   X,R31
                 	.ENDM
                 
                 	.MACRO __PUTD1RN
                 	MOVW R26,R@0
                 	SUBI R26,LOW(-@1)
                 	SBCI R27,HIGH(-@1)
                 	CALL __PUTDP1
                 	.ENDM
                 
                 	.MACRO __PUTB1RNS
                 	MOVW R26,R@0
                 	ADIW R26,@1
                 	ST   X,R30
                 	.ENDM
                 
                 	.MACRO __PUTW1RNS
                 	MOVW R26,R@0
                 	ADIW R26,@1
                 	ST   X+,R30
                 	ST   X,R31
                 	.ENDM
                 
                 	.MACRO __PUTD1RNS
                 	MOVW R26,R@0
                 	ADIW R26,@1
                 	CALL __PUTDP1
                 	.ENDM
                 
                 	.MACRO __PUTB1RON
                 	MOV  R26,R@0
                 	MOV  R27,R@1
                 	SUBI R26,LOW(-@2)
                 	SBCI R27,HIGH(-@2)
                 	ST   X,R30
                 	.ENDM
                 
                 	.MACRO __PUTW1RON
                 	MOV  R26,R@0
                 	MOV  R27,R@1
                 	SUBI R26,LOW(-@2)
                 	SBCI R27,HIGH(-@2)
                 	ST   X+,R30
                 	ST   X,R31
                 	.ENDM
                 
                 	.MACRO __PUTD1RON
                 	MOV  R26,R@0
                 	MOV  R27,R@1
                 	SUBI R26,LOW(-@2)
                 	SBCI R27,HIGH(-@2)
                 	CALL __PUTDP1
                 	.ENDM
                 
                 	.MACRO __PUTB1RONS
                 	MOV  R26,R@0
                 	MOV  R27,R@1
                 	ADIW R26,@2
                 	ST   X,R30
                 	.ENDM
                 
                 	.MACRO __PUTW1RONS
                 	MOV  R26,R@0
                 	MOV  R27,R@1
                 	ADIW R26,@2
                 	ST   X+,R30
                 	ST   X,R31
                 	.ENDM
                 
                 	.MACRO __PUTD1RONS
                 	MOV  R26,R@0
                 	MOV  R27,R@1
                 	ADIW R26,@2
                 	CALL __PUTDP1
                 	.ENDM
                 
                 
                 	.MACRO __GETB1SX
                 	MOVW R30,R28
                 	SUBI R30,LOW(-@0)
                 	SBCI R31,HIGH(-@0)
                 	LD   R30,Z
                 	.ENDM
                 
                 	.MACRO __GETB1HSX
                 	MOVW R30,R28
                 	SUBI R30,LOW(-@0)
                 	SBCI R31,HIGH(-@0)
                 	LD   R31,Z
                 	.ENDM
                 
                 	.MACRO __GETW1SX
                 	MOVW R30,R28
                 	SUBI R30,LOW(-@0)
                 	SBCI R31,HIGH(-@0)
                 	LD   R0,Z+
                 	LD   R31,Z
                 	MOV  R30,R0
                 	.ENDM
                 
                 	.MACRO __GETD1SX
                 	MOVW R30,R28
                 	SUBI R30,LOW(-@0)
                 	SBCI R31,HIGH(-@0)
                 	LD   R0,Z+
                 	LD   R1,Z+
                 	LD   R22,Z+
                 	LD   R23,Z
                 	MOVW R30,R0
                 	.ENDM
                 
                 	.MACRO __GETB2SX
                 	MOVW R26,R28
                 	SUBI R26,LOW(-@0)
                 	SBCI R27,HIGH(-@0)
                 	LD   R26,X
                 	.ENDM
                 
                 	.MACRO __GETW2SX
                 	MOVW R26,R28
                 	SUBI R26,LOW(-@0)
                 	SBCI R27,HIGH(-@0)
                 	LD   R0,X+
                 	LD   R27,X
                 	MOV  R26,R0
                 	.ENDM
                 
                 	.MACRO __GETD2SX
                 	MOVW R26,R28
                 	SUBI R26,LOW(-@0)
                 	SBCI R27,HIGH(-@0)
                 	LD   R0,X+
                 	LD   R1,X+
                 	LD   R24,X+
                 	LD   R25,X
                 	MOVW R26,R0
                 	.ENDM
                 
                 	.MACRO __GETBRSX
                 	MOVW R30,R28
                 	SUBI R30,LOW(-@1)
                 	SBCI R31,HIGH(-@1)
                 	LD   R@0,Z
                 	.ENDM
                 
                 	.MACRO __GETWRSX
                 	MOVW R30,R28
                 	SUBI R30,LOW(-@2)
                 	SBCI R31,HIGH(-@2)
                 	LD   R@0,Z+
                 	LD   R@1,Z
                 	.ENDM
                 
                 	.MACRO __GETBRSX2
                 	MOVW R26,R28
                 	SUBI R26,LOW(-@1)
                 	SBCI R27,HIGH(-@1)
                 	LD   R@0,X
                 	.ENDM
                 
                 	.MACRO __GETWRSX2
                 	MOVW R26,R28
                 	SUBI R26,LOW(-@2)
                 	SBCI R27,HIGH(-@2)
                 	LD   R@0,X+
                 	LD   R@1,X
                 	.ENDM
                 
                 	.MACRO __LSLW8SX
                 	MOVW R30,R28
                 	SUBI R30,LOW(-@0)
                 	SBCI R31,HIGH(-@0)
                 	LD   R31,Z
                 	CLR  R30
                 	.ENDM
                 
                 	.MACRO __PUTB1SX
                 	MOVW R26,R28
                 	SUBI R26,LOW(-@0)
                 	SBCI R27,HIGH(-@0)
                 	ST   X,R30
                 	.ENDM
                 
                 	.MACRO __PUTW1SX
                 	MOVW R26,R28
                 	SUBI R26,LOW(-@0)
                 	SBCI R27,HIGH(-@0)
                 	ST   X+,R30
                 	ST   X,R31
                 	.ENDM
                 
                 	.MACRO __PUTD1SX
                 	MOVW R26,R28
                 	SUBI R26,LOW(-@0)
                 	SBCI R27,HIGH(-@0)
                 	ST   X+,R30
                 	ST   X+,R31
                 	ST   X+,R22
                 	ST   X,R23
                 	.ENDM
                 
                 	.MACRO __CLRW1SX
                 	MOVW R26,R28
                 	SUBI R26,LOW(-@0)
                 	SBCI R27,HIGH(-@0)
                 	ST   X+,R30
                 	ST   X,R30
                 	.ENDM
                 
                 	.MACRO __CLRD1SX
                 	MOVW R26,R28
                 	SUBI R26,LOW(-@0)
                 	SBCI R27,HIGH(-@0)
                 	ST   X+,R30
                 	ST   X+,R30
                 	ST   X+,R30
                 	ST   X,R30
                 	.ENDM
                 
                 	.MACRO __PUTB2SX
                 	MOVW R30,R28
                 	SUBI R30,LOW(-@0)
                 	SBCI R31,HIGH(-@0)
                 	ST   Z,R26
                 	.ENDM
                 
                 	.MACRO __PUTW2SX
                 	MOVW R30,R28
                 	SUBI R30,LOW(-@0)
                 	SBCI R31,HIGH(-@0)
                 	ST   Z+,R26
                 	ST   Z,R27
                 	.ENDM
                 
                 	.MACRO __PUTD2SX
                 	MOVW R30,R28
                 	SUBI R30,LOW(-@0)
                 	SBCI R31,HIGH(-@0)
                 	ST   Z+,R26
                 	ST   Z+,R27
                 	ST   Z+,R24
                 	ST   Z,R25
                 	.ENDM
                 
                 	.MACRO __PUTBSRX
                 	MOVW R30,R28
                 	SUBI R30,LOW(-@1)
                 	SBCI R31,HIGH(-@1)
                 	ST   Z,R@0
                 	.ENDM
                 
                 	.MACRO __PUTWSRX
                 	MOVW R30,R28
                 	SUBI R30,LOW(-@2)
                 	SBCI R31,HIGH(-@2)
                 	ST   Z+,R@0
                 	ST   Z,R@1
                 	.ENDM
                 
                 	.MACRO __PUTB1SNX
                 	MOVW R26,R28
                 	SUBI R26,LOW(-@0)
                 	SBCI R27,HIGH(-@0)
                 	LD   R0,X+
                 	LD   R27,X
                 	MOV  R26,R0
                 	SUBI R26,LOW(-@1)
                 	SBCI R27,HIGH(-@1)
                 	ST   X,R30
                 	.ENDM
                 
                 	.MACRO __PUTW1SNX
                 	MOVW R26,R28
                 	SUBI R26,LOW(-@0)
                 	SBCI R27,HIGH(-@0)
                 	LD   R0,X+
                 	LD   R27,X
                 	MOV  R26,R0
                 	SUBI R26,LOW(-@1)
                 	SBCI R27,HIGH(-@1)
                 	ST   X+,R30
                 	ST   X,R31
                 	.ENDM
                 
                 	.MACRO __PUTD1SNX
                 	MOVW R26,R28
                 	SUBI R26,LOW(-@0)
                 	SBCI R27,HIGH(-@0)
                 	LD   R0,X+
                 	LD   R27,X
                 	MOV  R26,R0
                 	SUBI R26,LOW(-@1)
                 	SBCI R27,HIGH(-@1)
                 	ST   X+,R30
                 	ST   X+,R31
                 	ST   X+,R22
                 	ST   X,R23
                 	.ENDM
                 
                 	.MACRO __MULBRR
                 	MULS R@0,R@1
                 	MOVW R30,R0
                 	.ENDM
                 
                 	.MACRO __MULBRRU
                 	MUL  R@0,R@1
                 	MOVW R30,R0
                 	.ENDM
                 
                 	.MACRO __MULBRR0
                 	MULS R@0,R@1
                 	.ENDM
                 
                 	.MACRO __MULBRRU0
                 	MUL  R@0,R@1
                 	.ENDM
                 
                 	.MACRO __MULBNWRU
                 	LDI  R26,@2
                 	MUL  R26,R@0
                 	MOVW R30,R0
                 	MUL  R26,R@1
                 	ADD  R31,R0
                 	.ENDM
                 
                 ;NAME DEFINITIONS FOR GLOBAL VARIABLES ALLOCATED TO REGISTERS
                 	.DEF _maxSpeed=R5
                 	.DEF _kp=R4
                 	.DEF _kd=R7
                 	.DEF _ki=R6
                 	.DEF _error=R9
                 	.DEF _sp=R8
                 	.DEF _sensor=R11
                 	.DEF __lcd_x=R10
                 	.DEF __lcd_y=R13
                 	.DEF __lcd_maxx=R12
                 
                 	.CSEG
                 	.ORG 0x00
                 
                 ;START OF CODE MARKER
                 __START_OF_CODE:
                 
                 ;INTERRUPT VECTORS
000000 940c 003b 	JMP  __RESET
000002 940c 0000 	JMP  0x00
000004 940c 0000 	JMP  0x00
000006 940c 0000 	JMP  0x00
000008 940c 0000 	JMP  0x00
00000a 940c 0000 	JMP  0x00
00000c 940c 0000 	JMP  0x00
00000e 940c 0000 	JMP  0x00
000010 940c 0000 	JMP  0x00
000012 940c 0000 	JMP  0x00
000014 940c 0000 	JMP  0x00
000016 940c 0000 	JMP  0x00
000018 940c 0000 	JMP  0x00
00001a 940c 0000 	JMP  0x00
00001c 940c 0000 	JMP  0x00
00001e 940c 0000 	JMP  0x00
000020 940c 0000 	JMP  0x00
000022 940c 0000 	JMP  0x00
000024 940c 0000 	JMP  0x00
000026 940c 0000 	JMP  0x00
000028 940c 0000 	JMP  0x00
                 
                 _fullBlock:
00002a 1f1f
00002b 1f1f
00002c 1f1f
00002d 1f1f      	.DB  0x1F,0x1F,0x1F,0x1F,0x1F,0x1F,0x1F,0x1F
                 _emptyBlock:
00002e 111f
00002f 1111
000030 1111
000031 1f11      	.DB  0x1F,0x11,0x11,0x11,0x11,0x11,0x11,0x1F
                 
                 _0x64:
D:\Move\MCU Programmer\ElinfoUGM\List\UNNES v222.asm(1118): warning: .cseg .db misalignment - padding zero byte
000032 0000      	.DB  0x0
                 _0x2000003:
000033 c080      	.DB  0x80,0xC0
                 
                 __GLOBAL_INI_TBL:
000034 0001      	.DW  0x01
000035 000b      	.DW  0x0B
000036 0064      	.DW  _0x64*2
                 
000037 0002      	.DW  0x02
000038 0278      	.DW  __base_y_G100
000039 0066      	.DW  _0x2000003*2
                 
                 _0xFFFFFFFF:
00003a 0000      	.DW  0
                 
                 __RESET:
00003b 94f8      	CLI
00003c 27ee      	CLR  R30
00003d bbec      	OUT  EECR,R30
                 
                 ;INTERRUPT VECTORS ARE PLACED
                 ;AT THE START OF FLASH
00003e e0f1      	LDI  R31,1
00003f bffb      	OUT  GICR,R31
000040 bfeb      	OUT  GICR,R30
000041 bfe5      	OUT  MCUCR,R30
                 
                 ;DISABLE WATCHDOG
000042 e1f8      	LDI  R31,0x18
000043 bdf1      	OUT  WDTCR,R31
000044 bde1      	OUT  WDTCR,R30
                 
                 ;CLEAR R2-R14
000045 e08d      	LDI  R24,(14-2)+1
000046 e0a2      	LDI  R26,2
000047 27bb      	CLR  R27
                 __CLEAR_REG:
000048 93ed      	ST   X+,R30
000049 958a      	DEC  R24
00004a f7e9      	BRNE __CLEAR_REG
                 
                 ;CLEAR SRAM
00004b e080      	LDI  R24,LOW(__CLEAR_SRAM_SIZE)
00004c e098      	LDI  R25,HIGH(__CLEAR_SRAM_SIZE)
00004d e6a0      	LDI  R26,__SRAM_START
                 __CLEAR_SRAM:
00004e 93ed      	ST   X+,R30
00004f 9701      	SBIW R24,1
000050 f7e9      	BRNE __CLEAR_SRAM
                 
                 ;GLOBAL VARIABLES INITIALIZATION
000051 e6e8      	LDI  R30,LOW(__GLOBAL_INI_TBL*2)
000052 e0f0      	LDI  R31,HIGH(__GLOBAL_INI_TBL*2)
                 __GLOBAL_INI_NEXT:
000053 9185      	LPM  R24,Z+
000054 9195      	LPM  R25,Z+
000055 9700      	SBIW R24,0
000056 f061      	BREQ __GLOBAL_INI_END
000057 91a5      	LPM  R26,Z+
000058 91b5      	LPM  R27,Z+
000059 9005      	LPM  R0,Z+
00005a 9015      	LPM  R1,Z+
00005b 01bf      	MOVW R22,R30
00005c 01f0      	MOVW R30,R0
                 __GLOBAL_INI_LOOP:
00005d 9005      	LPM  R0,Z+
00005e 920d      	ST   X+,R0
00005f 9701      	SBIW R24,1
000060 f7e1      	BRNE __GLOBAL_INI_LOOP
000061 01fb      	MOVW R30,R22
000062 cff0      	RJMP __GLOBAL_INI_NEXT
                 __GLOBAL_INI_END:
                 
                 ;HARDWARE STACK POINTER INITIALIZATION
000063 e5ef      	LDI  R30,LOW(__SRAM_END-__HEAP_SIZE)
000064 bfed      	OUT  SPL,R30
000065 e0e8      	LDI  R30,HIGH(__SRAM_END-__HEAP_SIZE)
000066 bfee      	OUT  SPH,R30
                 
                 ;DATA STACK POINTER INITIALIZATION
000067 e6c0      	LDI  R28,LOW(__SRAM_START+__DSTACK_SIZE)
000068 e0d2      	LDI  R29,HIGH(__SRAM_START+__DSTACK_SIZE)
                 
000069 940c 006b 	JMP  _main
                 
                 	.ESEG
                 	.ORG 0
                 
                 	.DSEG
                 	.ORG 0x260
                 
                 	.CSEG
                 ;/*****************************************************
                 ;This program was produced by the
                 ;CodeWizardAVR V2.05.3 Standard
                 ;Automatic Program Generator
                 ;© Copyright 1998-2011 Pavel Haiduc, HP InfoTech s.r.l.
                 ;http://www.hpinfotech.com
                 ;
                 ;Project :
                 ;Version :
                 ;Date    : 6/30/2013
                 ;Author  : Ardika
                 ;Company : CrowjaEmbedder
                 ;Comments:
                 ;
                 ;
                 ;Chip type               : ATmega32
                 ;Program type            : Application
                 ;AVR Core Clock frequency: 16.000000 MHz
                 ;Memory model            : Small
                 ;External RAM size       : 0
                 ;Data Stack size         : 512
                 ;*****************************************************/
                 ;
                 ;#include <mega32.h>
                 	#ifndef __SLEEP_DEFINED__
                 	#define __SLEEP_DEFINED__
                 	.EQU __se_bit=0x80
                 	.EQU __sm_mask=0x70
                 	.EQU __sm_powerdown=0x20
                 	.EQU __sm_powersave=0x30
                 	.EQU __sm_standby=0x60
                 	.EQU __sm_ext_standby=0x70
                 	.EQU __sm_adc_noise_red=0x10
                 	.SET power_ctrl_reg=mcucr
                 	#endif
                 ;#include <alcd.h>
                 ;#include <delay.h>
                 ;
                 ;#define ADC_VREF_TYPE 0x60
                 ;
                 ;// definisi tombol-tombol
                 ;#define CMD_UP      PINC.4
                 ;#define CMD_DOWN    PINC.5
                 ;#define CMD_OK      PINC.6
                 ;#define CMD_CANCEL  PINC.7
                 ;
                 ;// Detektor persimpangan jalan
                 ;#define RIGHT_WING  PIND.0
                 ;#define LEFT_WING   PIND.1
                 ;
                 ;// definisi kendali motor
                 ;#define RIGHT_PWM   OCR1AL
                 ;#define LEFT_PWM    OCR1BL
                 ;#define RIGHT_DR1   PORTD.6
                 ;#define RIGHT_DR2   PORTD.7
                 ;#define LEFT_DR1    PORTD.2
                 ;#define LEFT_DR2    PORTD.3
                 ;
                 ;// definisi custom character LCD
                 ;#define FULL_BLOCK  0
                 ;#define EMPTY_BLOCK 1
                 ;
                 ;// definisi untuk melakukan kalibrasi
                 ;#define CALIBRATING_COUNT   100
                 ;
                 ;
                 ;flash unsigned char fullBlock[8] = {0b11111,
                 ;                                    0b11111,
                 ;                                    0b11111,
                 ;                                    0b11111,
                 ;                                    0b11111,
                 ;                                    0b11111,
                 ;                                    0b11111,
                 ;                                    0b11111};
                 ;
                 ;flash unsigned char emptyBlock[8] = {0b11111,
                 ;                                     0b10001,
                 ;                                     0b10001,
                 ;                                     0b10001,
                 ;                                     0b10001,
                 ;                                     0b10001,
                 ;                                     0b10001,
                 ;                                     0b11111};
                 ;
                 ;// Variabel-variabel kontrol yang tersimpan di memory non-volatile
                 ;eeprom unsigned char eeMaxSpeed = 255;
                 ;eeprom unsigned char eeKp = 0;
                 ;eeprom unsigned char eeKd = 0;
                 ;eeprom unsigned char eeKi = 0;
                 ;
                 ;// Varibel kepekaan sensor dalam memory non-volaitile
                 ;eeprom unsigned char eeWhiteMin[8] = {5};   // Nilai pembacaan minimal untuk putih
                 ;eeprom unsigned char eeBlackMax[8] = {230};  // Nilai pembacaan maksimal untuk hitam
                 ;eeprom unsigned char eeMiddleVal[8] = {120};   // Nilai tengah antara white min dan black max
                 ;
                 ;// Varibael-varibel kontrol yang disimpan di memory volatile untuk perhitungan kontrol
                 ;unsigned char maxSpeed;     // nilai kecepatan maksimal
                 ;unsigned char kp;           // konstanta proposional
                 ;unsigned char kd;           // konstanta derivatif
                 ;unsigned char ki;           // konstanta integral
                 ;unsigned char error;        // nilai error pembacaan sensor
                 ;unsigned char sp;           // nilai set point sensor
                 ;
                 ;// Variabel kepekaan sensor dalam memory volatile untuk perhitungan
                 ;unsigned char whiteMin[8] = {0};   // Nilai pembacaan minimal untuk putih
                 ;unsigned char blackMax[8] = {0};  // Nilai pembacaan maksimal untuk hitam
                 ;unsigned char middleVal[8] = {0};   // Nilai tengah antara white min dan black max
                 ;
                 ;// Varibel penyimpan nilai sensor biner, dimana tiap satu sensor nilainya diwakili oleh 1-bit
                 ;// yang merupakan hasil perbandingan pembacaan nilai analog sensor dengan nilai kepekaan sensor
                 ;unsigned char sensor = 0;
                 ;
                 ;//prototype fungsi
                 ;void define_char(unsigned char flash *pc,unsigned char char_code);
                 ;unsigned char read_adc(unsigned char adc_input);
                 ;void scanLineRelative();
                 ;void scanLineActual();
                 ;void loadVariables();
                 ;void saveVariables();
                 ;void lcdOn(unsigned char on);
                 ;void lcdOnWing();
                 ;void go();
                 ;void back();
                 ;void left();
                 ;void right();
                 ;void stop(unsigned char usingPowerBrake);
                 ;void lcdPrintByte(unsigned char value);
                 ;void printADCSensor();
                 ;void printBinarySensor();
                 ;void whiteCalibrating();
                 ;void blackCalibrating();
                 ;void applyCalibratedValue();
                 ;void pid();
                 ;
                 ;
                 ;
                 ;void main(void)
                 ; 0000 007F {
                 
                 	.CSEG
                 _main:
                 ; 0000 0080 
                 ; 0000 0081     PORTA=0x00;
00006b e0e0      	LDI  R30,LOW(0)
00006c bbeb      	OUT  0x1B,R30
                 ; 0000 0082     DDRA=0x00;
00006d bbea      	OUT  0x1A,R30
                 ; 0000 0083 
                 ; 0000 0084     PORTB=0xFF;
00006e efef      	LDI  R30,LOW(255)
00006f bbe8      	OUT  0x18,R30
                 ; 0000 0085     DDRB=0xFF;
000070 bbe7      	OUT  0x17,R30
                 ; 0000 0086 
                 ; 0000 0087     PORTC=0x00;
000071 e0e0      	LDI  R30,LOW(0)
000072 bbe5      	OUT  0x15,R30
                 ; 0000 0088     DDRC=0x00;
000073 bbe4      	OUT  0x14,R30
                 ; 0000 0089 
                 ; 0000 008A     PORTD=0x00;
000074 bbe2      	OUT  0x12,R30
                 ; 0000 008B     DDRD=0xFC;
000075 efec      	LDI  R30,LOW(252)
000076 bbe1      	OUT  0x11,R30
                 ; 0000 008C 
                 ; 0000 008D     // Timer/Counter 0 initialization
                 ; 0000 008E     // Clock source: System Clock
                 ; 0000 008F     // Clock value: 2000.000 kHz
                 ; 0000 0090     // Mode: Fast PWM top=0xFF
                 ; 0000 0091     // OC0 output: Disconnected
                 ; 0000 0092     TCCR0=0x4A;
000077 e4ea      	LDI  R30,LOW(74)
000078 bfe3      	OUT  0x33,R30
                 ; 0000 0093     TCNT0=0x00;
000079 e0e0      	LDI  R30,LOW(0)
00007a bfe2      	OUT  0x32,R30
                 ; 0000 0094     OCR0=0x0F;
00007b e0ef      	LDI  R30,LOW(15)
00007c bfec      	OUT  0x3C,R30
                 ; 0000 0095 
                 ; 0000 0096     // Timer/Counter 1 initialization
                 ; 0000 0097     // Clock source: System Clock
                 ; 0000 0098     // Clock value: 250.000 kHz
                 ; 0000 0099     // Mode: Fast PWM top=0x00FF
                 ; 0000 009A     // OC1A output: Non-Inv.
                 ; 0000 009B     // OC1B output: Non-Inv.
                 ; 0000 009C     // Noise Canceler: Off
                 ; 0000 009D     // Input Capture on Falling Edge
                 ; 0000 009E     // Timer1 Overflow Interrupt: Off
                 ; 0000 009F     // Input Capture Interrupt: Off
                 ; 0000 00A0     // Compare A Match Interrupt: Off                `
                 ; 0000 00A1     // Compare B Match Interrupt: Off
                 ; 0000 00A2     TCCR1A=0xA1;
00007d eae1      	LDI  R30,LOW(161)
00007e bdef      	OUT  0x2F,R30
                 ; 0000 00A3     TCCR1B=0x0B;
00007f e0eb      	LDI  R30,LOW(11)
000080 bdee      	OUT  0x2E,R30
                 ; 0000 00A4     TCNT1H=0x00;
000081 e0e0      	LDI  R30,LOW(0)
000082 bded      	OUT  0x2D,R30
                 ; 0000 00A5     TCNT1L=0x00;
000083 bdec      	OUT  0x2C,R30
                 ; 0000 00A6     ICR1H=0x00;
000084 bde7      	OUT  0x27,R30
                 ; 0000 00A7     ICR1L=0x00;
000085 bde6      	OUT  0x26,R30
                 ; 0000 00A8     OCR1AH=0x00;
000086 bdeb      	OUT  0x2B,R30
                 ; 0000 00A9     OCR1AL=0x00;
000087 bdea      	OUT  0x2A,R30
                 ; 0000 00AA     OCR1BH=0x00;
000088 bde9      	OUT  0x29,R30
                 ; 0000 00AB     OCR1BL=0x00;
000089 bde8      	OUT  0x28,R30
                 ; 0000 00AC 
                 ; 0000 00AD     // ADC initialization
                 ; 0000 00AE     // ADC Clock frequency: 125.000 kHz
                 ; 0000 00AF     // ADC Voltage Reference: AVCC pin
                 ; 0000 00B0     // Only the 8 most significant bits of
                 ; 0000 00B1     // the AD conversion result are used
                 ; 0000 00B2     ADMUX=ADC_VREF_TYPE & 0xff;
00008a e6e0      	LDI  R30,LOW(96)
00008b b9e7      	OUT  0x7,R30
                 ; 0000 00B3     ADCSRA=0x87;
00008c e8e7      	LDI  R30,LOW(135)
00008d b9e6      	OUT  0x6,R30
                 ; 0000 00B4 
                 ; 0000 00B5     lcd_init(16);
00008e e1a0      	LDI  R26,LOW(16)
00008f d143      	RCALL _lcd_init
                 ; 0000 00B6     lcd_clear();
000090 d124      	RCALL _lcd_clear
                 ; 0000 00B7     define_char(fullBlock,FULL_BLOCK);
000091 e5e4      	LDI  R30,LOW(_fullBlock*2)
000092 e0f0      	LDI  R31,HIGH(_fullBlock*2)
000093 93fa      	ST   -Y,R31
000094 93ea      	ST   -Y,R30
000095 e0a0      	LDI  R26,LOW(0)
000096 d012      	RCALL _define_char
                 ; 0000 00B8     define_char(emptyBlock,EMPTY_BLOCK);
000097 e5ec      	LDI  R30,LOW(_emptyBlock*2)
000098 e0f0      	LDI  R31,HIGH(_emptyBlock*2)
000099 93fa      	ST   -Y,R31
00009a 93ea      	ST   -Y,R30
00009b e0a1      	LDI  R26,LOW(1)
00009c d00c      	RCALL _define_char
                 ; 0000 00B9     lcdOn(1);
00009d e0a1      	LDI  R26,LOW(1)
00009e d089      	RCALL _lcdOn
                 ; 0000 00BA     lcd_clear();
00009f d115      	RCALL _lcd_clear
                 ; 0000 00BB 
                 ; 0000 00BC     loadVariables();
0000a0 d058      	RCALL _loadVariables
                 ; 0000 00BD     applyCalibratedValue();
0000a1 d0b3      	RCALL _applyCalibratedValue
                 ; 0000 00BE 
                 ; 0000 00BF     while (1) {
                 _0x3:
                 ; 0000 00C0         lcd_gotoxy(0,0);
0000a2 e0e0      	LDI  R30,LOW(0)
0000a3 93ea      	ST   -Y,R30
0000a4 e0a0      	LDI  R26,LOW(0)
0000a5 d102      	RCALL _lcd_gotoxy
                 ; 0000 00C1         //scanLineActual();
                 ; 0000 00C2         scanLineRelative();
0000a6 d028      	RCALL _scanLineRelative
                 ; 0000 00C3         //printBinarySensor();
                 ; 0000 00C4         //printADCSensor();
                 ; 0000 00C5 
                 ; 0000 00C6     }
0000a7 cffa      	RJMP _0x3
                 ; 0000 00C7 }
                 _0x6:
0000a8 cfff      	RJMP _0x6
                 ;
                 ;
                 ;/* function used to define user characters */
                 ;void define_char(unsigned char flash *pc,unsigned char char_code)
                 ; 0000 00CC {
                 _define_char:
                 ; 0000 00CD     unsigned char i,a;
                 ; 0000 00CE     a=(char_code<<3) | 0x40;
0000a9 93aa      	ST   -Y,R26
0000aa 931a      	ST   -Y,R17
0000ab 930a      	ST   -Y,R16
                 ;	*pc -> Y+3
                 ;	char_code -> Y+2
                 ;	i -> R17
                 ;	a -> R16
0000ac 81ea      	LDD  R30,Y+2
0000ad 0fee      	LSL  R30
0000ae 0fee      	LSL  R30
0000af 0fee      	LSL  R30
0000b0 64e0      	ORI  R30,0x40
0000b1 2f0e      	MOV  R16,R30
                 ; 0000 00CF     for (i=0; i<8; i++) lcd_write_byte(a++,*pc++);
0000b2 e010      	LDI  R17,LOW(0)
                 _0x8:
0000b3 3018      	CPI  R17,8
0000b4 f460      	BRSH _0x9
0000b5 930a      	ST   -Y,R16
0000b6 9503      	INC  R16
0000b7 81ec      	LDD  R30,Y+4
0000b8 81fd      	LDD  R31,Y+4+1
0000b9 9631      	ADIW R30,1
0000ba 83ec      	STD  Y+4,R30
0000bb 83fd      	STD  Y+4+1,R31
0000bc 9731      	SBIW R30,1
0000bd 91a4      	LPM  R26,Z
0000be d0e1      	RCALL _lcd_write_byte
0000bf 5f1f      	SUBI R17,-1
0000c0 cff2      	RJMP _0x8
                 _0x9:
                 ; 0000 00D0 }
0000c1 8119      	LDD  R17,Y+1
0000c2 8108      	LDD  R16,Y+0
0000c3 9625      	ADIW R28,5
0000c4 9508      	RET
                 ;
                 ;
                 ;// Read the 8 most significant bits
                 ;// of the AD conversion result
                 ;unsigned char read_adc(unsigned char adc_input)
                 ; 0000 00D6 {
                 _read_adc:
                 ; 0000 00D7     ADMUX=adc_input | (ADC_VREF_TYPE & 0xff);
0000c5 93aa      	ST   -Y,R26
                 ;	adc_input -> Y+0
0000c6 81e8      	LD   R30,Y
0000c7 66e0      	ORI  R30,LOW(0x60)
0000c8 b9e7      	OUT  0x7,R30
                 ; 0000 00D8     // Delay needed for the stabilization of the ADC input voltage
                 ; 0000 00D9     //delay_us(10);
                 ; 0000 00DA     // Start the AD conversion
                 ; 0000 00DB     ADCSRA|=0x40;
0000c9 9a36      	SBI  0x6,6
                 ; 0000 00DC     // Wait for the AD conversion to complete
                 ; 0000 00DD     while (!(ADCSRA & 0x10));
                 _0xA:
0000ca 9b34      	SBIS 0x6,4
0000cb cffe      	RJMP _0xA
                 ; 0000 00DE         ADCSRA |= 0x10;
0000cc 9a34      	SBI  0x6,4
                 ; 0000 00DF     return ADCH;
0000cd b1e5      	IN   R30,0x5
0000ce c12d      	RJMP _0x2020001
                 ; 0000 00E0 }
                 ;
                 ;// Fungsi scan garis aktual dimana nilai pembacaan hitam adalah 1 dan nilai pembacaan putih adalah 0
                 ;void scanLineActual()
                 ; 0000 00E4 {
                 ; 0000 00E5     unsigned char i = 0;
                 ; 0000 00E6     unsigned char adcRead;
                 ; 0000 00E7 
                 ; 0000 00E8     sensor = 0;   // reset nilai sensor
                 ;	i -> R17
                 ;	adcRead -> R16
                 ; 0000 00E9     for (; i<8; i++) {
                 ; 0000 00EA         adcRead = read_adc(i);  // Baca nilai ADC ada bit ke-i
                 ; 0000 00EB         if (adcRead > middleVal[i])
                 ; 0000 00EC             sensor |= (1<<i);
                 ; 0000 00ED     }
                 ; 0000 00EE }
                 ;
                 ;
                 ;// Fungsi scan garis relatif dimana garis dibaca secara relatif terhadap perbandingan antara blok hitam dan putih yang terbaca
                 ;// jika blok putih > blok hitam maka garis adalah hitam, sebaihnya garis adalah putih. Garis tetap dibaca sebagai bit set/1
                 ;void scanLineRelative()
                 ; 0000 00F4 {
                 _scanLineRelative:
                 ; 0000 00F5     unsigned char i = 0;
                 ; 0000 00F6     unsigned char adcRead;  // Variabel pembacaan nilai ADC
                 ; 0000 00F7     // JUmlah warna hitam yang terdeteksi oleh sensor
                 ; 0000 00F8     unsigned char blackCount = 0;
                 ; 0000 00F9     unsigned char sensorWhiteLine = 0, sensorBlackLine = 0;
                 ; 0000 00FA 
                 ; 0000 00FB     sensor = 0x00;   // Hapus nilai sensor sebelumnya
0000cf 940e 027b 	CALL __SAVELOCR6
                 ;	i -> R17
                 ;	adcRead -> R16
                 ;	blackCount -> R19
                 ;	sensorWhiteLine -> R18
                 ;	sensorBlackLine -> R21
0000d1 e010      	LDI  R17,0
0000d2 e030      	LDI  R19,0
0000d3 e020      	LDI  R18,0
0000d4 e050      	LDI  R21,0
0000d5 24bb      	CLR  R11
                 ; 0000 00FC 
                 ; 0000 00FD     for (; i<8; i++) {
                 _0x12:
0000d6 3018      	CPI  R17,8
0000d7 f468      	BRSH _0x13
                 ; 0000 00FE         adcRead = read_adc(i);  // Baca nilai ADC ada bit ke-i
0000d8 2fa1      	MOV  R26,R17
0000d9 dfeb      	RCALL _read_adc
0000da 2f0e      	MOV  R16,R30
                 ; 0000 00FF         if (adcRead >120) {
0000db 3709      	CPI  R16,121
0000dc f008      	BRLO _0x14
                 ; 0000 0100             blackCount++;       // Increment jumlah blok hitam yang terbaca
0000dd 5f3f      	SUBI R19,-1
                 ; 0000 0101             sensorBlackLine |= (1<<i);
                 ; 0000 0102         }
                 ; 0000 0103         else
                 _0x14:
                 ; 0000 0104             sensorBlackLine |= (1<<i);
                 _0x61:
0000de 2fe1      	MOV  R30,R17
0000df e0a1      	LDI  R26,LOW(1)
0000e0 940e 0222 	CALL __LSLB12
0000e2 2b5e      	OR   R21,R30
                 ; 0000 0105     }
0000e3 5f1f      	SUBI R17,-1
0000e4 cff1      	RJMP _0x12
                 _0x13:
                 ; 0000 0106     if ((8 - blackCount) > 4) {   // Jika blok hitam yg terdeteksi banyak, maka garisnya adalah putih
0000e5 2fe3      	MOV  R30,R19
0000e6 e0f0      	LDI  R31,0
0000e7 e0a8      	LDI  R26,LOW(8)
0000e8 e0b0      	LDI  R27,HIGH(8)
0000e9 1bae      	SUB  R26,R30
0000ea 0bbf      	SBC  R27,R31
0000eb 9715      	SBIW R26,5
0000ec f01c      	BRLT _0x16
                 ; 0000 0107         sensor = sensorWhiteLine;
0000ed 2eb2      	MOV  R11,R18
                 ; 0000 0108         lcd_putchar('W');
0000ee e5a7      	LDI  R26,LOW(87)
0000ef c002      	RJMP _0x62
                 ; 0000 0109     }
                 ; 0000 010A     else{
                 _0x16:
                 ; 0000 010B         sensor = sensorBlackLine;
0000f0 2eb5      	MOV  R11,R21
                 ; 0000 010C          lcd_putchar('B');
0000f1 e4a2      	LDI  R26,LOW(66)
                 _0x62:
0000f2 d0cc      	RCALL _lcd_putchar
                 ; 0000 010D     }
                 ; 0000 010E     lcdPrintByte(blackCount);
0000f3 2fa3      	MOV  R26,R19
0000f4 d03b      	RCALL _lcdPrintByte
                 ; 0000 010F 
                 ; 0000 0110 
                 ; 0000 0111 }
0000f5 940e 0282 	CALL __LOADLOCR6
0000f7 9626      	ADIW R28,6
0000f8 9508      	RET
                 ;
                 ;void loadVariables()
                 ; 0000 0114 {
                 _loadVariables:
                 ; 0000 0115     unsigned char i = 0;
                 ; 0000 0116     eeprom unsigned char *ptr;
                 ; 0000 0117 
                 ; 0000 0118     maxSpeed = eeMaxSpeed;
0000f9 940e 027d 	CALL __SAVELOCR4
                 ;	i -> R17
                 ;	*ptr -> R18,R19
0000fb e010      	LDI  R17,0
0000fc e0a0      	LDI  R26,LOW(_eeMaxSpeed)
0000fd e0b0      	LDI  R27,HIGH(_eeMaxSpeed)
0000fe 940e 025e 	CALL __EEPROMRDB
000100 2e5e      	MOV  R5,R30
                 ; 0000 0119     kp = eeKp;
000101 e0a1      	LDI  R26,LOW(_eeKp)
000102 e0b0      	LDI  R27,HIGH(_eeKp)
000103 940e 025e 	CALL __EEPROMRDB
000105 2e4e      	MOV  R4,R30
                 ; 0000 011A     kd = eeKd;
000106 e0a2      	LDI  R26,LOW(_eeKd)
000107 e0b0      	LDI  R27,HIGH(_eeKd)
000108 940e 025e 	CALL __EEPROMRDB
00010a 2e7e      	MOV  R7,R30
                 ; 0000 011B     ki = eeKi;
00010b e0a3      	LDI  R26,LOW(_eeKi)
00010c e0b0      	LDI  R27,HIGH(_eeKi)
00010d 940e 025e 	CALL __EEPROMRDB
00010f 2e6e      	MOV  R6,R30
                 ; 0000 011C 
                 ; 0000 011D     for (; i<8; i++) {
                 _0x19:
000110 3018      	CPI  R17,8
000111 f490      	BRSH _0x1A
                 ; 0000 011E         ptr = &eeWhiteMin[i];
000112 d0eb      	RCALL SUBOPT_0x0
000113 5fec      	SUBI R30,LOW(-_eeWhiteMin)
000114 4fff      	SBCI R31,HIGH(-_eeWhiteMin)
000115 019f      	MOVW R18,R30
                 ; 0000 011F         whiteMin[i] = *ptr;
000116 d0e7      	RCALL SUBOPT_0x0
000117 5ae0      	SUBI R30,LOW(-_whiteMin)
000118 4ffd      	SBCI R31,HIGH(-_whiteMin)
000119 d0e7      	RCALL SUBOPT_0x1
                 ; 0000 0120         ptr = &eeBlackMax[i];
00011a d0e3      	RCALL SUBOPT_0x0
00011b 5fe4      	SUBI R30,LOW(-_eeBlackMax)
00011c 4fff      	SBCI R31,HIGH(-_eeBlackMax)
00011d 019f      	MOVW R18,R30
                 ; 0000 0121         blackMax[i] = *ptr;
00011e d0df      	RCALL SUBOPT_0x0
00011f 59e8      	SUBI R30,LOW(-_blackMax)
000120 4ffd      	SBCI R31,HIGH(-_blackMax)
000121 d0df      	RCALL SUBOPT_0x1
                 ; 0000 0122     }
000122 5f1f      	SUBI R17,-1
000123 cfec      	RJMP _0x19
                 _0x1A:
                 ; 0000 0123 }
000124 940e 0284 	CALL __LOADLOCR4
000126 9624      	ADIW R28,4
000127 9508      	RET
                 ;
                 ;void saveVariables()
                 ; 0000 0126 {
                 ; 0000 0127     unsigned char i = 0;
                 ; 0000 0128 
                 ; 0000 0129     eeMaxSpeed = maxSpeed;
                 ;	i -> R17
                 ; 0000 012A     eeKp = kp;
                 ; 0000 012B     eeKd = kd;
                 ; 0000 012C     eeKi = ki;
                 ; 0000 012D 
                 ; 0000 012E     for (; i<8; i++) {
                 ; 0000 012F         eeWhiteMin[i] = whiteMin[i];
                 ; 0000 0130         eeBlackMax[i] = blackMax[i];
                 ; 0000 0131         eeMiddleVal[i] = middleVal[i];
                 ; 0000 0132     }
                 ; 0000 0133 }
                 ;
                 ;
                 ;void lcdOn(unsigned char on)
                 ; 0000 0137 {
                 _lcdOn:
                 ; 0000 0138     PORTB.3 = on;
000128 93aa      	ST   -Y,R26
                 ;	on -> Y+0
000129 81e8      	LD   R30,Y
00012a 30e0      	CPI  R30,0
00012b f411      	BRNE _0x1E
00012c 98c3      	CBI  0x18,3
00012d c001      	RJMP _0x1F
                 _0x1E:
00012e 9ac3      	SBI  0x18,3
                 _0x1F:
                 ; 0000 0139 }
00012f c0cc      	RJMP _0x2020001
                 ;
                 ;void lcdOnWing()
                 ; 0000 013C {
                 ; 0000 013D     PORTB.3 = !((LEFT_WING) | (RIGHT_WING));
                 ; 0000 013E }
                 ;
                 ;void go()
                 ; 0000 0141 {
                 ; 0000 0142     RIGHT_DR1 = 0; RIGHT_DR2 = 1;
                 ; 0000 0143     LEFT_DR1 = 0; LEFT_DR2 = 1;
                 ; 0000 0144 }
                 ;
                 ;void back()
                 ; 0000 0147 {
                 ; 0000 0148     RIGHT_DR1 = 1; RIGHT_DR2 = 0;
                 ; 0000 0149     LEFT_DR1 = 1; LEFT_DR2 = 0;
                 ; 0000 014A }
                 ;
                 ;void left()
                 ; 0000 014D {
                 ; 0000 014E     RIGHT_DR1 = 0; RIGHT_DR2 = 1;
                 ; 0000 014F     LEFT_DR1 = 0; LEFT_DR2 = 0;
                 ; 0000 0150 }
                 ;
                 ;void right()
                 ; 0000 0153 {
                 ; 0000 0154     RIGHT_DR1 = 0; RIGHT_DR2 = 0;
                 ; 0000 0155     LEFT_DR1 = 0; LEFT_DR2 = 1;
                 ; 0000 0156 }
                 ;
                 ;void stop(unsigned char usingPowerBrake)
                 ; 0000 0159 {
                 ; 0000 015A     RIGHT_DR1 = RIGHT_DR2 = LEFT_DR1 = LEFT_DR2 = 0;
                 ;	usingPowerBrake -> Y+0
                 ; 0000 015B     if (usingPowerBrake) {
                 ; 0000 015C         back();
                 ; 0000 015D         LEFT_PWM = RIGHT_PWM = 255;
                 ; 0000 015E         delay_ms(100);
                 ; 0000 015F         LEFT_PWM = RIGHT_PWM = 0;
                 ; 0000 0160     }
                 ; 0000 0161 
                 ; 0000 0162 }
                 ;
                 ;
                 ;
                 ;void lcdPrintByte(unsigned char value)
                 ; 0000 0167 {
                 _lcdPrintByte:
                 ; 0000 0168     unsigned char ten = (value % 100) / 10;
                 ; 0000 0169     lcd_putchar('0' + (value / 100));
000130 93aa      	ST   -Y,R26
000131 931a      	ST   -Y,R17
                 ;	value -> Y+1
                 ;	ten -> R17
000132 81a9      	LDD  R26,Y+1
000133 27bb      	CLR  R27
000134 e6e4      	LDI  R30,LOW(100)
000135 e0f0      	LDI  R31,HIGH(100)
000136 940e 0242 	CALL __MODW21
000138 01df      	MOVW R26,R30
000139 e0ea      	LDI  R30,LOW(10)
00013a e0f0      	LDI  R31,HIGH(10)
00013b 940e 023d 	CALL __DIVW21
00013d 2f1e      	MOV  R17,R30
00013e 81a9      	LDD  R26,Y+1
00013f e0b0      	LDI  R27,0
000140 e6e4      	LDI  R30,LOW(100)
000141 e0f0      	LDI  R31,HIGH(100)
000142 940e 023d 	CALL __DIVW21
000144 5de0      	SUBI R30,-LOW(48)
000145 2fae      	MOV  R26,R30
000146 d078      	RCALL _lcd_putchar
                 ; 0000 016A     lcd_putchar('0' + ten);
000147 2fa1      	MOV  R26,R17
000148 5da0      	SUBI R26,-LOW(48)
000149 d075      	RCALL _lcd_putchar
                 ; 0000 016B     lcd_putchar('0' + (value % 10));
00014a 81a9      	LDD  R26,Y+1
00014b 27bb      	CLR  R27
00014c e0ea      	LDI  R30,LOW(10)
00014d e0f0      	LDI  R31,HIGH(10)
00014e 940e 0242 	CALL __MODW21
000150 5de0      	SUBI R30,-LOW(48)
000151 2fae      	MOV  R26,R30
000152 d06c      	RCALL _lcd_putchar
                 ; 0000 016C }
000153 8118      	LDD  R17,Y+0
000154 c05e      	RJMP _0x2020002
                 ;
                 ;void printADCSensor()
                 ; 0000 016F {
                 ; 0000 0170     lcd_gotoxy(0,0); lcdPrintByte(read_adc(0));
                 ; 0000 0171     lcd_gotoxy(4,0); lcdPrintByte(read_adc(1));
                 ; 0000 0172     lcd_gotoxy(8,0); lcdPrintByte(read_adc(2));
                 ; 0000 0173     lcd_gotoxy(12,0); lcdPrintByte(read_adc(3));
                 ; 0000 0174     lcd_gotoxy(0,1); lcdPrintByte(read_adc(4));
                 ; 0000 0175     lcd_gotoxy(4,1); lcdPrintByte(read_adc(5));
                 ; 0000 0176     lcd_gotoxy(8,1); lcdPrintByte(read_adc(6));
                 ; 0000 0177     lcd_gotoxy(12,1); lcdPrintByte(read_adc(7));
                 ; 0000 0178 }
                 ;
                 ;void printBinarySensor()
                 ; 0000 017B {
                 ; 0000 017C     unsigned char i = 0;
                 ; 0000 017D 
                 ; 0000 017E     for (; i<8; i++) {
                 ;	i -> R17
                 ; 0000 017F         if (sensor & (1<<i))
                 ; 0000 0180             lcd_putchar(FULL_BLOCK);
                 ; 0000 0181         else
                 ; 0000 0182             lcd_putchar(EMPTY_BLOCK);
                 ; 0000 0183     }
                 ; 0000 0184 }
                 ;
                 ;
                 ;////////////////////////////////////////////////////////////////////////////////////////////////////////////////////////////////////////////////////////
                 ;//// REGION CALIBRATING FUNCTIONS //////////////////////////////////////////////////////////////////////////////////////////////////////////////////////
                 ;////////////////////////////////////////////////////////////////////////////////////////////////////////////////////////////////////////////////////////
                 ;/*
                 ;    PROSEDUR MELAKUKAN KALIBRASI:
                 ;        Panggil kedua fungsi blackCalibrating() dan whiteCalibrating()
                 ;        Panggil fungsi applyCalibratedValue()
                 ;*/
                 ;
                 ;void blackCalibrating()
                 ; 0000 0191 {
                 ; 0000 0192     unsigned char i;
                 ; 0000 0193     unsigned char calibratingCount;   // Jumlah kalkulasi kalibrasi untuk tiap sensor
                 ; 0000 0194     unsigned char calibratedBlackMax;  // Nilai hitam maksimal hasil kalibrasi hitam, untuk tiap sensor
                 ; 0000 0195     unsigned char readADC;  // nilai pembacaan ADC
                 ; 0000 0196 
                 ; 0000 0197     // Kalibrasi HItam
                 ; 0000 0198     for (i=0; i<8; i++) {
                 ;	i -> R17
                 ;	calibratingCount -> R16
                 ;	calibratedBlackMax -> R19
                 ;	readADC -> R18
                 ; 0000 0199         calibratingCount = CALIBRATING_COUNT;
                 ; 0000 019A         calibratedBlackMax = 0;     // Atur nilainya menjadi nilai minimal tipedata unsigned byte, karena kita akan mencari nilai maksimum
                 ; 0000 019B         while (calibratingCount--) {
                 ; 0000 019C             readADC = read_adc(i);
                 ; 0000 019D             if (readADC > calibratedBlackMax)
                 ; 0000 019E                 calibratedBlackMax = readADC;
                 ; 0000 019F         }
                 ; 0000 01A0         blackMax[i] = eeBlackMax[i] = calibratedBlackMax;  // simpan nilai kalibarasi di ram sekaligus di eeprom
                 ; 0000 01A1     }
                 ; 0000 01A2 
                 ; 0000 01A3 }
                 ;
                 ;void whiteCalibrating()
                 ; 0000 01A6 {
                 ; 0000 01A7     unsigned char i;
                 ; 0000 01A8     unsigned char calibratingCount;   // Jumlah kalkulasi kalibrasi untuk tiap sensor
                 ; 0000 01A9     unsigned char calibratedWhiteMin;  // Nilai hitam minimum hasil kalibrasi putih, untuk tiap sensor
                 ; 0000 01AA     unsigned char readADC;  // nilai pembacaan ADC
                 ; 0000 01AB 
                 ; 0000 01AC     // Kalibrasi HItam
                 ; 0000 01AD     for (i=0; i<8; i++) {
                 ;	i -> R17
                 ;	calibratingCount -> R16
                 ;	calibratedWhiteMin -> R19
                 ;	readADC -> R18
                 ; 0000 01AE         calibratingCount = CALIBRATING_COUNT;
                 ; 0000 01AF         calibratedWhiteMin = 255;     // Atur nilainya menjadi nilai maksimal tipedata unsigned byte, karena kita akan mencari nilai minimum
                 ; 0000 01B0         while (calibratingCount--) {
                 ; 0000 01B1             readADC = read_adc(i);
                 ; 0000 01B2             if (readADC < calibratedWhiteMin)
                 ; 0000 01B3                 calibratedWhiteMin = readADC;
                 ; 0000 01B4         }
                 ; 0000 01B5         whiteMin[i] = eeWhiteMin[i] = calibratedWhiteMin;  // simpan nilai kalibarasi di ram sekaligus di eeprom
                 ; 0000 01B6     }
                 ; 0000 01B7 }
                 ;
                 ;void applyCalibratedValue()
                 ; 0000 01BA {
                 _applyCalibratedValue:
                 ; 0000 01BB     unsigned char i = 0;
                 ; 0000 01BC 
                 ; 0000 01BD     for (; i<8; i++)
000155 931a      	ST   -Y,R17
                 ;	i -> R17
000156 e010      	LDI  R17,0
                 _0x5F:
000157 3018      	CPI  R17,8
000158 f520      	BRSH _0x60
                 ; 0000 01BE         middleVal[i] = eeMiddleVal[i] = ((blackMax[i] - whiteMin[i]) / 2);
000159 d0a4      	RCALL SUBOPT_0x0
00015a 01cf      	MOVW R24,R30
00015b 010f      	MOVW R0,R30
00015c 01df      	MOVW R26,R30
00015d 59e0      	SUBI R30,LOW(-_middleVal)
00015e 4ffd      	SBCI R31,HIGH(-_middleVal)
00015f 93ff      	PUSH R31
000160 93ef      	PUSH R30
000161 01fd      	MOVW R30,R26
000162 5eec      	SUBI R30,LOW(-_eeMiddleVal)
000163 4fff      	SBCI R31,HIGH(-_eeMiddleVal)
000164 01bf      	MOVW R22,R30
000165 01f0      	MOVW R30,R0
000166 59e8      	SUBI R30,LOW(-_blackMax)
000167 4ffd      	SBCI R31,HIGH(-_blackMax)
000168 81a0      	LD   R26,Z
000169 e0b0      	LDI  R27,0
00016a 01fc      	MOVW R30,R24
00016b 5ae0      	SUBI R30,LOW(-_whiteMin)
00016c 4ffd      	SBCI R31,HIGH(-_whiteMin)
00016d 81e0      	LD   R30,Z
00016e e0f0      	LDI  R31,0
00016f 1bae      	SUB  R26,R30
000170 0bbf      	SBC  R27,R31
000171 e0e2      	LDI  R30,LOW(2)
000172 e0f0      	LDI  R31,HIGH(2)
000173 940e 023d 	CALL __DIVW21
000175 01db      	MOVW R26,R22
000176 940e 026a 	CALL __EEPROMWRB
000178 91af      	POP  R26
000179 91bf      	POP  R27
00017a 93ec      	ST   X,R30
00017b 5f1f      	SUBI R17,-1
00017c cfda      	RJMP _0x5F
                 _0x60:
                 ; 0000 01BF }
00017d 9119      	LD   R17,Y+
00017e 9508      	RET
                 ;////////////////////////////////////////////////////////////////////////////////////////////////////////////////////////////////////////////////////////
                 ;//// END OF REGION CALIBRATING FUNCTIONS ///////////////////////////////////////////////////////////////////////////////////////////////////////////////
                 ;////////////////////////////////////////////////////////////////////////////////////////////////////////////////////////////////////////////////////////
                 ;
                 ;void pid()
                 ; 0000 01C5 {
                 ; 0000 01C6 
                 ; 0000 01C7 }
                 	#ifndef __SLEEP_DEFINED__
                 	#endif
                 
                 	.DSEG
                 
                 	.CSEG
                 __lcd_write_nibble_G100:
00017f 93aa      	ST   -Y,R26
000180 b3e8      	IN   R30,0x18
000181 70ef      	ANDI R30,LOW(0xF)
000182 2fae      	MOV  R26,R30
000183 81e8      	LD   R30,Y
000184 7fe0      	ANDI R30,LOW(0xF0)
000185 2bea      	OR   R30,R26
000186 bbe8      	OUT  0x18,R30
                +
000187 e08b     +LDI R24 , LOW ( 11 )
                +__DELAY_USB_LOOP :
000188 958a     +DEC R24
000189 f7f1     +BRNE __DELAY_USB_LOOP
                 	__DELAY_USB 11
00018a 9ac2      	SBI  0x18,2
                +
00018b e18b     +LDI R24 , LOW ( 27 )
                +__DELAY_USB_LOOP :
00018c 958a     +DEC R24
00018d f7f1     +BRNE __DELAY_USB_LOOP
                 	__DELAY_USB 27
00018e 98c2      	CBI  0x18,2
                +
00018f e18b     +LDI R24 , LOW ( 27 )
                +__DELAY_USB_LOOP :
000190 958a     +DEC R24
000191 f7f1     +BRNE __DELAY_USB_LOOP
                 	__DELAY_USB 27
000192 c069      	RJMP _0x2020001
                 __lcd_write_data:
000193 93aa      	ST   -Y,R26
000194 81a8      	LD   R26,Y
000195 dfe9      	RCALL __lcd_write_nibble_G100
000196 81e8          ld    r30,y
000197 95e2          swap  r30
000198 83e8          st    y,r30
000199 81a8      	LD   R26,Y
00019a dfe4      	RCALL __lcd_write_nibble_G100
                +
00019b ec88     +LDI R24 , LOW ( 200 )
00019c e090     +LDI R25 , HIGH ( 200 )
                +__DELAY_USW_LOOP :
00019d 9701     +SBIW R24 , 1
00019e f7f1     +BRNE __DELAY_USW_LOOP
                 	__DELAY_USW 200
00019f c05c      	RJMP _0x2020001
                 _lcd_write_byte:
0001a0 93aa      	ST   -Y,R26
0001a1 81a9      	LDD  R26,Y+1
0001a2 dff0      	RCALL __lcd_write_data
0001a3 9ac0      	SBI  0x18,0
0001a4 81a8      	LD   R26,Y
0001a5 dfed      	RCALL __lcd_write_data
0001a6 98c0      	CBI  0x18,0
0001a7 c00b      	RJMP _0x2020002
                 _lcd_gotoxy:
0001a8 93aa      	ST   -Y,R26
0001a9 81e8      	LD   R30,Y
0001aa e0f0      	LDI  R31,0
0001ab 58e8      	SUBI R30,LOW(-__base_y_G100)
0001ac 4ffd      	SBCI R31,HIGH(-__base_y_G100)
0001ad 81e0      	LD   R30,Z
0001ae 81a9      	LDD  R26,Y+1
0001af 0fae      	ADD  R26,R30
0001b0 dfe2      	RCALL __lcd_write_data
0001b1 80a9      	LDD  R10,Y+1
0001b2 80d8      	LDD  R13,Y+0
                 _0x2020002:
0001b3 9622      	ADIW R28,2
0001b4 9508      	RET
                 _lcd_clear:
0001b5 e0a2      	LDI  R26,LOW(2)
0001b6 d051      	RCALL SUBOPT_0x2
0001b7 e0ac      	LDI  R26,LOW(12)
0001b8 dfda      	RCALL __lcd_write_data
0001b9 e0a1      	LDI  R26,LOW(1)
0001ba d04d      	RCALL SUBOPT_0x2
0001bb e0e0      	LDI  R30,LOW(0)
0001bc 2ede      	MOV  R13,R30
0001bd 2eae      	MOV  R10,R30
0001be 9508      	RET
                 _lcd_putchar:
0001bf 93aa      	ST   -Y,R26
0001c0 81a8      	LD   R26,Y
0001c1 30aa      	CPI  R26,LOW(0xA)
0001c2 f011      	BREQ _0x2000005
0001c3 14ac      	CP   R10,R12
0001c4 f040      	BRLO _0x2000004
                 _0x2000005:
0001c5 e0e0      	LDI  R30,LOW(0)
0001c6 93ea      	ST   -Y,R30
0001c7 94d3      	INC  R13
0001c8 2dad      	MOV  R26,R13
0001c9 dfde      	RCALL _lcd_gotoxy
0001ca 81a8      	LD   R26,Y
0001cb 30aa      	CPI  R26,LOW(0xA)
0001cc f179      	BREQ _0x2020001
                 _0x2000004:
0001cd 94a3      	INC  R10
0001ce 9ac0      	SBI  0x18,0
0001cf 81a8      	LD   R26,Y
0001d0 dfc2      	RCALL __lcd_write_data
0001d1 98c0      	CBI  0x18,0
0001d2 c029      	RJMP _0x2020001
                 _lcd_init:
0001d3 93aa      	ST   -Y,R26
0001d4 b3e7      	IN   R30,0x17
0001d5 6fe0      	ORI  R30,LOW(0xF0)
0001d6 bbe7      	OUT  0x17,R30
0001d7 9aba      	SBI  0x17,2
0001d8 9ab8      	SBI  0x17,0
0001d9 9ab9      	SBI  0x17,1
0001da 98c2      	CBI  0x18,2
0001db 98c0      	CBI  0x18,0
0001dc 98c1      	CBI  0x18,1
0001dd 80c8      	LDD  R12,Y+0
0001de 81e8      	LD   R30,Y
0001df 58e0      	SUBI R30,-LOW(128)
                +
0001e0 93e0 027a+STS __base_y_G100 + ( 2 ) , R30
                 	__PUTB1MN __base_y_G100,2
0001e2 81e8      	LD   R30,Y
0001e3 54e0      	SUBI R30,-LOW(192)
                +
0001e4 93e0 027b+STS __base_y_G100 + ( 3 ) , R30
                 	__PUTB1MN __base_y_G100,3
0001e6 e1a4      	LDI  R26,LOW(20)
0001e7 e0b0      	LDI  R27,0
0001e8 940e 0214 	CALL _delay_ms
0001ea d022      	RCALL SUBOPT_0x3
0001eb d021      	RCALL SUBOPT_0x3
0001ec d020      	RCALL SUBOPT_0x3
0001ed e2a0      	LDI  R26,LOW(32)
0001ee df90      	RCALL __lcd_write_nibble_G100
                +
0001ef e980     +LDI R24 , LOW ( 400 )
0001f0 e091     +LDI R25 , HIGH ( 400 )
                +__DELAY_USW_LOOP :
0001f1 9701     +SBIW R24 , 1
0001f2 f7f1     +BRNE __DELAY_USW_LOOP
                 	__DELAY_USW 400
0001f3 e2a8      	LDI  R26,LOW(40)
0001f4 df9e      	RCALL __lcd_write_data
0001f5 e0a4      	LDI  R26,LOW(4)
0001f6 df9c      	RCALL __lcd_write_data
0001f7 e8a5      	LDI  R26,LOW(133)
0001f8 df9a      	RCALL __lcd_write_data
0001f9 e0a6      	LDI  R26,LOW(6)
0001fa df98      	RCALL __lcd_write_data
0001fb dfb9      	RCALL _lcd_clear
                 _0x2020001:
0001fc 9621      	ADIW R28,1
0001fd 9508      	RET
                 
                 	.ESEG
                 _eeMaxSpeed:
000000 ff        	.DB  0xFF
                 _eeKp:
000001 00        	.DB  0x0
                 _eeKd:
000002 00        	.DB  0x0
                 _eeKi:
000003 00        	.DB  0x0
                 _eeWhiteMin:
000004 05
000005 00
000006 00
000007 00        	.DB  0x5,0x0,0x0,0x0
000008 00
000009 00
00000a 00
00000b 00        	.DB  0x0,0x0,0x0,0x0
                 _eeBlackMax:
00000c e6
00000d 00
00000e 00
00000f 00        	.DB  0xE6,0x0,0x0,0x0
000010 00
000011 00
000012 00
000013 00        	.DB  0x0,0x0,0x0,0x0
                 _eeMiddleVal:
000014 78
000015 00
000016 00
000017 00        	.DB  0x78,0x0,0x0,0x0
000018 00
000019 00
00001a 00
00001b 00        	.DB  0x0,0x0,0x0,0x0
                 
                 	.DSEG
                 _whiteMin:
000260           	.BYTE 0x8
                 _blackMax:
000268           	.BYTE 0x8
                 _middleVal:
000270           	.BYTE 0x8
                 __base_y_G100:
000278           	.BYTE 0x4
                 
                 	.CSEG
                 ;OPTIMIZER ADDED SUBROUTINE, CALLED 5 TIMES, CODE SIZE REDUCTION:5 WORDS
                 SUBOPT_0x0:
0001fe 2fe1      	MOV  R30,R17
0001ff e0f0      	LDI  R31,0
000200 9508      	RET
                 
                 ;OPTIMIZER ADDED SUBROUTINE, CALLED 2 TIMES, CODE SIZE REDUCTION:1 WORDS
                 SUBOPT_0x1:
000201 010f      	MOVW R0,R30
000202 01d9      	MOVW R26,R18
000203 940e 025e 	CALL __EEPROMRDB
000205 01d0      	MOVW R26,R0
000206 93ec      	ST   X,R30
000207 9508      	RET
                 
                 ;OPTIMIZER ADDED SUBROUTINE, CALLED 2 TIMES, CODE SIZE REDUCTION:3 WORDS
                 SUBOPT_0x2:
000208 df8a      	RCALL __lcd_write_data
000209 e0a3      	LDI  R26,LOW(3)
00020a e0b0      	LDI  R27,0
00020b 940c 0214 	JMP  _delay_ms
                 
                 ;OPTIMIZER ADDED SUBROUTINE, CALLED 3 TIMES, CODE SIZE REDUCTION:7 WORDS
                 SUBOPT_0x3:
00020d e3a0      	LDI  R26,LOW(48)
00020e df70      	RCALL __lcd_write_nibble_G100
                +
00020f e980     +LDI R24 , LOW ( 400 )
000210 e091     +LDI R25 , HIGH ( 400 )
                +__DELAY_USW_LOOP :
000211 9701     +SBIW R24 , 1
000212 f7f1     +BRNE __DELAY_USW_LOOP
                 	__DELAY_USW 400
000213 9508      	RET
                 
                 
                 	.CSEG
                 _delay_ms:
000214 9610      	adiw r26,0
000215 f039      	breq __delay_ms1
                 __delay_ms0:
                +
000216 ea80     +LDI R24 , LOW ( 0xFA0 )
000217 e09f     +LDI R25 , HIGH ( 0xFA0 )
                +__DELAY_USW_LOOP :
000218 9701     +SBIW R24 , 1
000219 f7f1     +BRNE __DELAY_USW_LOOP
                 	__DELAY_USW 0xFA0
00021a 95a8      	wdr
00021b 9711      	sbiw r26,1
00021c f7c9      	brne __delay_ms0
                 __delay_ms1:
00021d 9508      	ret
                 
                 __ANEGW1:
00021e 95f1      	NEG  R31
00021f 95e1      	NEG  R30
000220 40f0      	SBCI R31,0
000221 9508      	RET
                 
                 __LSLB12:
000222 23ee      	TST  R30
000223 2e0e      	MOV  R0,R30
000224 2fea      	MOV  R30,R26
000225 f019      	BREQ __LSLB12R
                 __LSLB12L:
000226 0fee      	LSL  R30
000227 940a      	DEC  R0
000228 f7e9      	BRNE __LSLB12L
                 __LSLB12R:
000229 9508      	RET
                 
                 __DIVW21U:
00022a 2400      	CLR  R0
00022b 2411      	CLR  R1
00022c e190      	LDI  R25,16
                 __DIVW21U1:
00022d 0faa      	LSL  R26
00022e 1fbb      	ROL  R27
00022f 1c00      	ROL  R0
000230 1c11      	ROL  R1
000231 1a0e      	SUB  R0,R30
000232 0a1f      	SBC  R1,R31
000233 f418      	BRCC __DIVW21U2
000234 0e0e      	ADD  R0,R30
000235 1e1f      	ADC  R1,R31
000236 c001      	RJMP __DIVW21U3
                 __DIVW21U2:
000237 60a1      	SBR  R26,1
                 __DIVW21U3:
000238 959a      	DEC  R25
000239 f799      	BRNE __DIVW21U1
00023a 01fd      	MOVW R30,R26
00023b 01d0      	MOVW R26,R0
00023c 9508      	RET
                 
                 __DIVW21:
00023d d012      	RCALL __CHKSIGNW
00023e dfeb      	RCALL __DIVW21U
00023f f40e      	BRTC __DIVW211
000240 dfdd      	RCALL __ANEGW1
                 __DIVW211:
000241 9508      	RET
                 
                 __MODW21:
000242 94e8      	CLT
000243 ffb7      	SBRS R27,7
000244 c004      	RJMP __MODW211
000245 95a0      	COM  R26
000246 95b0      	COM  R27
000247 9611      	ADIW R26,1
000248 9468      	SET
                 __MODW211:
000249 fdf7      	SBRC R31,7
00024a dfd3      	RCALL __ANEGW1
00024b dfde      	RCALL __DIVW21U
00024c 01fd      	MOVW R30,R26
00024d f40e      	BRTC __MODW212
00024e dfcf      	RCALL __ANEGW1
                 __MODW212:
00024f 9508      	RET
                 
                 __CHKSIGNW:
000250 94e8      	CLT
000251 fff7      	SBRS R31,7
000252 c002      	RJMP __CHKSW1
000253 dfca      	RCALL __ANEGW1
000254 9468      	SET
                 __CHKSW1:
000255 ffb7      	SBRS R27,7
000256 c006      	RJMP __CHKSW2
000257 95a0      	COM  R26
000258 95b0      	COM  R27
000259 9611      	ADIW R26,1
00025a f800      	BLD  R0,0
00025b 9403      	INC  R0
00025c fa00      	BST  R0,0
                 __CHKSW2:
00025d 9508      	RET
                 
                 __EEPROMRDB:
00025e 99e1      	SBIC EECR,EEWE
00025f cffe      	RJMP __EEPROMRDB
000260 93ff      	PUSH R31
000261 b7ff      	IN   R31,SREG
000262 94f8      	CLI
000263 bbae      	OUT  EEARL,R26
000264 bbbf      	OUT  EEARH,R27
000265 9ae0      	SBI  EECR,EERE
000266 b3ed      	IN   R30,EEDR
000267 bfff      	OUT  SREG,R31
000268 91ff      	POP  R31
000269 9508      	RET
                 
                 __EEPROMWRB:
00026a 9be1      	SBIS EECR,EEWE
00026b c002      	RJMP __EEPROMWRB1
00026c 95a8      	WDR
00026d cffc      	RJMP __EEPROMWRB
                 __EEPROMWRB1:
00026e b79f      	IN   R25,SREG
00026f 94f8      	CLI
000270 bbae      	OUT  EEARL,R26
000271 bbbf      	OUT  EEARH,R27
000272 9ae0      	SBI  EECR,EERE
000273 b38d      	IN   R24,EEDR
000274 17e8      	CP   R30,R24
000275 f019      	BREQ __EEPROMWRB0
000276 bbed      	OUT  EEDR,R30
000277 9ae2      	SBI  EECR,EEMWE
000278 9ae1      	SBI  EECR,EEWE
                 __EEPROMWRB0:
000279 bf9f      	OUT  SREG,R25
00027a 9508      	RET
                 
                 __SAVELOCR6:
00027b 935a      	ST   -Y,R21
                 __SAVELOCR5:
00027c 934a      	ST   -Y,R20
                 __SAVELOCR4:
00027d 933a      	ST   -Y,R19
                 __SAVELOCR3:
00027e 932a      	ST   -Y,R18
                 __SAVELOCR2:
00027f 931a      	ST   -Y,R17
000280 930a      	ST   -Y,R16
000281 9508      	RET
                 
                 __LOADLOCR6:
000282 815d      	LDD  R21,Y+5
                 __LOADLOCR5:
000283 814c      	LDD  R20,Y+4
                 __LOADLOCR4:
000284 813b      	LDD  R19,Y+3
                 __LOADLOCR3:
000285 812a      	LDD  R18,Y+2
                 __LOADLOCR2:
000286 8119      	LDD  R17,Y+1
000287 8108      	LD   R16,Y
000288 9508      	RET
                 
                 ;END OF CODE MARKER
                 __END_OF_CODE:


RESOURCE USE INFORMATION
------------------------

Notice:
The register and instruction counts are symbol table hit counts,
and hence implicitly used resources are not counted, eg, the
'lpm' instruction without operands implicitly uses r0 and z,
none of which are counted.

x,y,z are separate entities in the symbol table and are
counted separately from r26..r31 here.

.dseg memory usage only counts static data declared with .byte

ATmega32 register use summary:
r0 :  18 r1 :   5 r2 :   0 r3 :   0 r4 :   1 r5 :   1 r6 :   1 r7 :   1 
r8 :   0 r9 :   0 r10:   4 r11:   3 r12:   2 r13:   4 r14:   0 r15:   0 
r16:   9 r17:  25 r18:   7 r19:   6 r20:   2 r21:   5 r22:   4 r23:   0 
r24:  25 r25:  10 r26:  86 r27:  23 r28:   6 r29:   1 r30: 156 r31:  42 
x  :   5 y  :  64 z  :  11 
Registers used: 28 out of 35 (80.0%)

ATmega32 instruction use summary:
.lds  :   0 .lds.l:   0 .sts  :   0 .sts.l:   0 adc   :   1 add   :   2 
adiw  :   9 and   :   0 andi  :   2 asr   :   0 bclr  :   0 bld   :   1 
brbc  :   0 brbs  :   0 brcc  :   1 brcs  :   0 break :   0 breq  :   6 
brge  :   0 brhc  :   0 brhs  :   0 brid  :   0 brie  :   0 brlo  :   2 
brlt  :   1 brmi  :   0 brne  :  14 brpl  :   0 brsh  :   4 brtc  :   2 
brts  :   0 brvc  :   0 brvs  :   0 bset  :   0 bst   :   1 call  :  17 
cbi   :   7 cbr   :   0 clc   :   0 clh   :   0 cli   :   3 cln   :   0 
clr   :   7 cls   :   0 clt   :   2 clv   :   0 clz   :   0 com   :   4 
cp    :   2 cpc   :   0 cpi   :   8 cpse  :   0 dec   :   6 des   :   0 
eor   :   0 fmul  :   0 fmuls :   0 fmulsu:   0 icall :   0 ijmp  :   0 
in    :   7 inc   :   4 jmp   :  23 ld    :  18 ldd   :  19 ldi   :  98 
lds   :   0 lpm   :   9 lsl   :   5 lsr   :   0 mov   :  23 movw  :  20 
mul   :   0 muls  :   0 mulsu :   0 neg   :   2 nop   :   0 or    :   2 
ori   :   3 out   :  41 pop   :   3 push  :   3 rcall :  52 ret   :  21 
reti  :   0 rjmp  :  24 rol   :   3 ror   :   0 sbc   :   3 sbci  :  10 
sbi   :  13 sbic  :   1 sbis  :   2 sbiw  :  10 sbr   :   1 sbrc  :   1 
sbrs  :   3 sec   :   0 seh   :   0 sei   :   0 sen   :   0 ser   :   0 
ses   :   0 set   :   2 sev   :   0 sez   :   0 sleep :   0 spm   :   0 
st    :  33 std   :   2 sts   :   2 sub   :   3 subi  :  19 swap  :   1 
tst   :   1 wdr   :   2 
Instructions used: 60 out of 116 (51.7%)

ATmega32 memory use summary [bytes]:
Segment   Begin    End      Code   Data   Used    Size   Use%
---------------------------------------------------------------
[.cseg] 0x000000 0x000512   1264     34   1298   32768   4.0%
[.dseg] 0x000060 0x00027c      0     28     28    2143   1.3%
[.eseg] 0x000000 0x00001c      0     28     28    1024   2.7%

Assembly complete, 0 errors, 11 warnings
